worker-3  | INFO httpx HTTP Request: GET https://semver.org/ "HTTP/1.1 200 OK"
worker-4  | INFO httpx HTTP Request: GET https://www.meetup.com/Phoenix-TypeScript/ "HTTP/1.1 308 Permanent Redirect"
worker-4  | INFO httpx HTTP Request: GET https://www.meetup.com/phoenix-typescript/ "HTTP/1.1 200 OK"
worker-4  | INFO httpx HTTP Request: GET https://typescript.community/ "HTTP/1.1 200 OK"
worker-4  | INFO httpx HTTP Request: GET https://twitter.com/WrocTypeScript "HTTP/1.1 301 Moved Permanently"
worker-3  | INFO httpx HTTP Request: GET https://crates.io/ "HTTP/1.1 200 OK"
worker-3  | INFO httpx HTTP Request: GET https://doc.rust-lang.org/cargo/reference/publishing.html "HTTP/1.1 200 OK"
worker-4  | INFO httpx HTTP Request: GET https://x.com/WrocTypeScript "HTTP/1.1 200 OK"
worker-1  | INFO httpx HTTP Request: GET https://go.dev/tour "HTTP/1.1 301 Moved Permanently"
worker-4  | INFO httpx HTTP Request: GET https://www.typescriptlang.org/play?q=19&target=1 "HTTP/1.1 301 Moved Permanently"
worker-1  | INFO httpx HTTP Request: GET https://go.dev/tour/ "HTTP/1.1 200 OK"
worker-4  | INFO httpx HTTP Request: GET https://www.typescriptlang.org/play/?q=19&target=1 "HTTP/1.1 200 OK"
worker-3  | INFO httpx HTTP Request: GET https://doc.rust-lang.org/std/primitive.str.html "HTTP/1.1 200 OK"
worker-3  | INFO httpx HTTP Request: GET https://doc.rust-lang.org/reference/const_eval.html "HTTP/1.1 200 OK"
worker-3  | INFO httpx HTTP Request: GET https://en.wikipedia.org/wiki/Two's_complement "HTTP/1.1 403 Forbidden"
worker-3  | INFO httpx HTTP Request: GET https://doc.rust-lang.org/std/macro.println.html "HTTP/1.1 200 OK"
worker-4  | INFO httpx HTTP Request: GET https://www.typescriptlang.org/play?q=174&strict=false "HTTP/1.1 301 Moved Permanently"
worker-4  | INFO httpx HTTP Request: GET https://www.typescriptlang.org/play/?q=174&strict=false "HTTP/1.1 200 OK"
worker-4  | INFO httpx HTTP Request: GET https://www.typescriptlang.org/play?noImplicitAny=false&q=70 "HTTP/1.1 301 Moved Permanently"
worker-4  | INFO httpx HTTP Request: GET https://www.typescriptlang.org/play/?noImplicitAny=false&q=70 "HTTP/1.1 200 OK"
worker-1  | INFO httpx HTTP Request: GET https://go.dev/doc/effective_go.html "HTTP/1.1 301 Moved Permanently"
worker-1  | INFO httpx HTTP Request: GET https://go.dev/doc/effective_go "HTTP/1.1 200 OK"
worker-3  | INFO httpx HTTP Request: GET https://doc.rust-lang.org/std/macro.dbg.html "HTTP/1.1 200 OK"
worker-2  | INFO httpx HTTP Request: GET https://docs.oracle.com/pls/topic/lookup?ctx=en/cloud/get-started&id=gstour-pl-how-do-i "HTTP/1.1 302 Moved Temporarily"
worker-2  | INFO httpx HTTP Request: GET http://docs.oracle.com/en/cloud/get-started/subscriptions-cloud/index.html "HTTP/1.1 301 Moved Permanently"
worker-2  | INFO httpx HTTP Request: GET https://docs.oracle.com/en/cloud/get-started/subscriptions-cloud/index.html "HTTP/1.1 200 OK"
worker-4  | INFO httpx HTTP Request: GET https://www.typescriptlang.org/play?q=231&strictNullChecks=true "HTTP/1.1 301 Moved Permanently"
worker-4  | INFO httpx HTTP Request: GET https://www.typescriptlang.org/play/?q=231&strictNullChecks=true "HTTP/1.1 200 OK"
worker-2  | INFO httpx HTTP Request: GET https://docs.oracle.com/pls/topic/lookup?ctx=en/cloud/get-started/subscriptions-cloud&id=CSGSG-GUID-475EE0BC-00DF-4EE0-97F2-28807194442A "HTTP/1.1 302 Moved Temporarily"
worker-4  | INFO httpx HTTP Request: GET https://www.typescriptlang.org/play?q=228 "HTTP/1.1 301 Moved Permanently"
worker-3  | INFO httpx HTTP Request: GET https://doc.rust-lang.org/reference/attributes.html "HTTP/1.1 200 OK"
worker-3  | INFO httpx HTTP Request: GET https://doc.rust-lang.org/std/net/enum.IpAddr.html "HTTP/1.1 200 OK"
worker-2  | INFO httpx HTTP Request: GET https://docs.oracle.com/en/cloud/get-started/subscriptions-cloud/csgsg/create-instance.html#CSGSG-GUID-475EE0BC-00DF-4EE0-97F2-28807194442A "HTTP/1.1 200 OK"
worker-2  | INFO httpx HTTP Request: GET https://docs.oracle.com/pls/topic/lookup?ctx=en/cloud/saas/financials&id=financials "HTTP/1.1 302 Moved Temporarily"
worker-4  | INFO httpx HTTP Request: GET https://www.typescriptlang.org/play/?q=228 "HTTP/1.1 200 OK"
worker-4  | INFO httpx HTTP Request: GET https://www.typescriptlang.org/play?q=200 "HTTP/1.1 301 Moved Permanently"
worker-4  | INFO httpx HTTP Request: GET https://www.typescriptlang.org/play/?q=200 "HTTP/1.1 200 OK"
worker-2  | INFO httpx HTTP Request: GET https://docs.oracle.com/en/cloud/saas/financials/26b/index.html "HTTP/1.1 200 OK"
worker-2  | INFO httpx HTTP Request: GET https://docs.oracle.com/pls/topic/lookup?ctx=en/cloud/saas&id=salesgs "HTTP/1.1 302 Moved Temporarily"
worker-2  | INFO httpx HTTP Request: GET https://docs.oracle.com/en/cloud/saas/sales/index.html "HTTP/1.1 200 OK"
worker-2  | INFO httpx HTTP Request: GET https://docs.oracle.com/en/cloud/saas/netsuite/ns-online-help/book_N473219.html "HTTP/1.1 200 OK"
worker-2  | INFO httpx HTTP Request: GET https://docs.oracle.com/en/cloud/saas/netsuite/ns-online-help/preface_1511796659.html "HTTP/1.1 200 OK"
worker-2  | INFO httpx HTTP Request: GET https://docs.oracle.com/en/cloud/saas/netsuite/ns-online-help/preface_3710623483.html "HTTP/1.1 200 OK"
worker-2  | INFO httpx HTTP Request: GET https://docs.oracle.com/en/cloud/saas/netsuite/ns-online-help/preface_1531238762.html "HTTP/1.1 200 OK"
worker-1  | INFO httpx HTTP Request: GET https://go.dev/doc/faq "HTTP/1.1 200 OK"
worker-1  | INFO httpx HTTP Request: GET https://go.dev/doc/editors.html "HTTP/1.1 301 Moved Permanently"
worker-2  | INFO httpx HTTP Request: GET https://docs.oracle.com/pls/topic/lookup?ctx=en/solutions/hub-spoke-network&id=SLLEY "HTTP/1.1 302 Moved Temporarily"
worker-3  | INFO httpx HTTP Request: GET https://doc.rust-lang.org/std/option/enum.Option.html "HTTP/1.1 200 OK"
worker-3  | INFO httpx HTTP Request: GET https://rust-lang.github.io/api-guidelines "HTTP/1.1 301 Moved Permanently"
worker-3  | INFO httpx HTTP Request: GET https://rust-lang.github.io/api-guidelines/ "HTTP/1.1 200 OK"
worker-3  | INFO httpx HTTP Request: GET https://doc.rust-lang.org/std/collections/index.html "HTTP/1.1 200 OK"
worker-2  | INFO httpx HTTP Request: GET https://docs.oracle.com/en/solutions/hub-spoke-network/index.html "HTTP/1.1 200 OK"
worker-2  | INFO httpx HTTP Request: GET https://docs.oracle.com/pls/topic/lookup?ctx=en/solutions/hub-spoke-network&id=DFNPS "HTTP/1.1 302 Moved Temporarily"
worker-2  | INFO httpx HTTP Request: GET https://docs.oracle.com/en/solutions/deploy-lustre-fs/index.html "HTTP/1.1 200 OK"
worker-1  | INFO httpx HTTP Request: GET https://go.dev/doc/editors "HTTP/1.1 200 OK"
worker-1  | INFO httpx HTTP Request: GET https://go.dev/doc/diagnostics.html "HTTP/1.1 301 Moved Permanently"
worker-1  | INFO httpx HTTP Request: GET https://go.dev/doc/diagnostics "HTTP/1.1 200 OK"
worker-1  | INFO httpx HTTP Request: GET https://go.dev/doc/gc-guide "HTTP/1.1 200 OK"
worker-2  | INFO httpx HTTP Request: GET https://www.oracle.com/ "HTTP/1.1 403 Forbidden"
worker-2  | INFO httpx HTTP Request: GET https://docs.oracle.com/en/menu.html "HTTP/1.1 200 OK"
worker-2  | INFO httpx HTTP Request: GET https://profile.oracle.com/myprofile/account/secure/update-account.jspx?nexturl= "HTTP/1.1 403 Forbidden"
worker-4  | INFO httpx HTTP Request: GET https://www.typescriptlang.org/play?esModuleInterop=true&q=41 "HTTP/1.1 301 Moved Permanently"
worker-4  | INFO httpx HTTP Request: GET https://www.typescriptlang.org/play/?esModuleInterop=true&q=41 "HTTP/1.1 200 OK"
worker-4  | INFO httpx HTTP Request: GET https://www.typescriptlang.org/play?q=222 "HTTP/1.1 301 Moved Permanently"
worker-2  | INFO httpx HTTP Request: GET https://www.oracle.com/corporate/contact/help.html "HTTP/1.1 403 Forbidden"
worker-2  | INFO httpx HTTP Request: GET https://profile.oracle.com/myprofile/account/create-account.jspx "HTTP/1.1 403 Forbidden"
worker-3  | INFO httpx HTTP Request: GET https://doc.rust-lang.org/nomicon/vec/vec.html "HTTP/1.1 200 OK"
worker-3  | INFO httpx HTTP Request: GET https://doc.rust-lang.org/std/vec/struct.Vec.html "HTTP/1.1 200 OK"
worker-1  | INFO httpx HTTP Request: GET https://go.dev/doc/modules/managing-dependencies "HTTP/1.1 200 OK"
worker-1  | INFO httpx HTTP Request: GET https://go.dev/security/fuzz "HTTP/1.1 301 Moved Permanently"
worker-1  | INFO httpx HTTP Request: GET https://go.dev/security/fuzz/ "HTTP/1.1 301 Moved Permanently"
worker-1  | INFO httpx HTTP Request: GET https://go.dev/doc/security/fuzz/ "HTTP/1.1 200 OK"
worker-1  | INFO httpx HTTP Request: GET https://go.dev/doc/build-cover "HTTP/1.1 200 OK"
worker-1  | INFO httpx HTTP Request: GET https://go.dev/doc/tutorial/database-access "HTTP/1.1 200 OK"
worker-2  | INFO httpx HTTP Request: GET https://www.oracle.com/webapps/redirect/signon?nexturl= "HTTP/1.1 403 Forbidden"
worker-2  | INFO httpx HTTP Request: GET https://cloud.oracle.com/en_US/tryit "HTTP/1.1 301 Moved Permanently"
worker-2  | INFO httpx HTTP Request: GET https://www.oracle.com/cloud/free/ "HTTP/1.1 403 Forbidden"
worker-2  | INFO httpx HTTP Request: GET https://cloud.oracle.com/sign-in "HTTP/1.1 301 Moved Permanently"
worker-4  | INFO httpx HTTP Request: GET https://www.typescriptlang.org/play/?q=222 "HTTP/1.1 200 OK"
worker-2  | INFO httpx HTTP Request: GET https://www.oracle.com/cloud/sign-in.html "HTTP/1.1 200 OK"
worker-1  | INFO httpx HTTP Request: GET https://go.dev/doc/database/index "HTTP/1.1 301 Moved Permanently"
worker-1  | INFO httpx HTTP Request: GET https://go.dev/doc/database/ "HTTP/1.1 200 OK"
worker-3  | INFO httpx HTTP Request: GET https://en.wikipedia.org/wiki/SipHash "HTTP/1.1 403 Forbidden"
worker-2  | INFO httpx HTTP Request: GET https://docs.oracle.com/en-us/iaas/Content/GSG/Reference/overviewworkflow.htm "HTTP/1.1 302 Moved Temporarily"
worker-1  | INFO httpx HTTP Request: GET https://go.dev/doc/database/open-handle "HTTP/1.1 200 OK"
worker-1  | INFO httpx HTTP Request: GET https://go.dev/doc/database/change-data "HTTP/1.1 200 OK"
worker-1  | INFO httpx HTTP Request: GET https://go.dev/doc/database/querying "HTTP/1.1 200 OK"
worker-4  | INFO httpx HTTP Request: GET https://www.typescriptlang.org/play?q=234 "HTTP/1.1 301 Moved Permanently"
worker-4  | INFO httpx HTTP Request: GET https://www.typescriptlang.org/play/?q=234 "HTTP/1.1 200 OK"
worker-4  | INFO httpx HTTP Request: GET https://www.typescriptlang.org/play?q=23 "HTTP/1.1 301 Moved Permanently"
worker-1  | INFO httpx HTTP Request: GET https://go.dev/doc/database/prepared-statements "HTTP/1.1 200 OK"
worker-1  | INFO httpx HTTP Request: GET https://go.dev/doc/database/execute-transactions "HTTP/1.1 200 OK"
worker-4  | INFO httpx HTTP Request: GET https://www.typescriptlang.org/play/?q=23 "HTTP/1.1 200 OK"
worker-2  | INFO httpx HTTP Request: GET https://docs.oracle.com/en-us/iaas/Content/Compute/tutorials/first-linux-instance/overview.htm "HTTP/1.1 200 OK"
worker-4  | INFO httpx HTTP Request: GET https://www.typescriptlang.org/play?q=58 "HTTP/1.1 301 Moved Permanently"
worker-4  | INFO httpx HTTP Request: GET https://www.typescriptlang.org/play/?q=58 "HTTP/1.1 200 OK"
worker-4  | INFO httpx HTTP Request: GET https://www.typescriptlang.org/play?q=446 "HTTP/1.1 301 Moved Permanently"
worker-4  | INFO httpx HTTP Request: GET https://www.typescriptlang.org/play/?q=446 "HTTP/1.1 200 OK"
worker-4  | INFO httpx HTTP Request: GET https://www.typescriptlang.org/play?q=120 "HTTP/1.1 301 Moved Permanently"
worker-4  | INFO httpx HTTP Request: GET https://www.typescriptlang.org/play/?q=120 "HTTP/1.1 200 OK"
worker-4  | INFO httpx HTTP Request: GET https://www.typescriptlang.org/play?q=198 "HTTP/1.1 301 Moved Permanently"
worker-4  | INFO httpx HTTP Request: GET https://www.typescriptlang.org/play/?q=198 "HTTP/1.1 200 OK"
worker-3  | INFO httpx HTTP Request: GET https://doc.rust-lang.org/std/process/trait.Termination.html "HTTP/1.1 200 OK"
worker-4  | INFO httpx HTTP Request: GET https://www.typescriptlang.org/play?useJavaScript=trueq%3D115 "HTTP/1.1 301 Moved Permanently"
worker-3  | INFO httpx HTTP Request: GET https://doc.rust-lang.org/reference/trait-bounds.html "HTTP/1.1 200 OK"
worker-4  | INFO httpx HTTP Request: GET https://www.typescriptlang.org/play/?useJavaScript=trueq%3D115 "HTTP/1.1 200 OK"
worker-3  | INFO httpx HTTP Request: GET https://doc.rust-lang.org/unstable-book/library-features/test.html "HTTP/1.1 200 OK"
worker-3  | INFO httpx HTTP Request: GET https://doc.rust-lang.org/rustc/tests/index.html "HTTP/1.1 200 OK"
worker-3  | INFO httpx HTTP Request: GET https://doc.rust-lang.org/cargo/reference/profiles.html "HTTP/1.1 200 OK"
worker-2  | INFO httpx HTTP Request: GET https://docs.oracle.com/en-us/iaas/Content/devtoolshome.htm "HTTP/1.1 200 OK"
worker-1  | INFO httpx HTTP Request: GET https://go.dev/doc/database/cancel-operations "HTTP/1.1 200 OK"
worker-1  | INFO httpx HTTP Request: GET https://pkg.go.dev/context "HTTP/1.1 200 OK"
worker-2  | INFO httpx HTTP Request: GET https://docs.oracle.com/pls/topic/lookup?ctx=en/cloud/paas/autonomous-database&id=tutorial-create-database "HTTP/1.1 302 Moved Temporarily"
worker-2  | INFO httpx HTTP Request: GET https://livelabs.oracle.com/ords/r/dbpm/livelabs/view-workshop?wid=928 "HTTP/1.1 200 OK"
worker-2  | INFO httpx HTTP Request: GET https://docs.oracle.com/en-us/iaas/Content/API/Concepts/usingapi.htm "HTTP/1.1 200 OK"
worker-1  | INFO httpx HTTP Request: GET https://go.dev/doc/database/manage-connections "HTTP/1.1 200 OK"
worker-2  | INFO httpx HTTP Request: GET https://docs.oracle.com/pls/topic/lookup?ctx=en/cloud/paas/autonomous-data-warehouse-cloud&id=CSWHU-GUID-1351807C-E3F7-4C6D-AF83-2AEEADE2F83E "HTTP/1.1 302 Moved Temporarily"
worker-1  | INFO httpx HTTP Request: GET https://go.dev/doc/database/sql-injection "HTTP/1.1 200 OK"
worker-4  | INFO httpx HTTP Request: GET https://www.typescriptlang.org/play?useJavaScript=trueq%3D236 "HTTP/1.1 301 Moved Permanently"
worker-2  | INFO httpx HTTP Request: GET https://docs.oracle.com/en/cloud/paas/autonomous-data-warehouse-cloud/user/load-data.html#CSWHU-GUID-1351807C-E3F7-4C6D-AF83-2AEEADE2F83E "HTTP/1.1 302 Moved Temporarily"
worker-2  | INFO httpx HTTP Request: GET https://docs.oracle.com/en/cloud/paas/autonomous-database/adbsa/load-data.html#CSWHU-GUID-1351807C-E3F7-4C6D-AF83-2AEEADE2F83E "HTTP/1.1 302 Moved Temporarily"
worker-3  | INFO httpx HTTP Request: GET https://crates.io/me "HTTP/1.1 200 OK"
worker-1  | INFO httpx HTTP Request: GET https://go.dev/doc/modules/developing "HTTP/1.1 200 OK"
worker-3  | INFO httpx HTTP Request: GET https://spdx.org/licenses "HTTP/1.1 302 Moved Temporarily"
worker-1  | INFO httpx HTTP Request: GET https://go.dev/doc/modules/release-workflow "HTTP/1.1 200 OK"
worker-2  | INFO httpx HTTP Request: GET https://docs.oracle.com/en/cloud/paas/autonomous-database/serverless/adbsb/load-data.html#CSWHU-GUID-1351807C-E3F7-4C6D-AF83-2AEEADE2F83E "HTTP/1.1 200 OK"
worker-1  | INFO httpx HTTP Request: GET https://go.dev/doc/modules/managing-source "HTTP/1.1 200 OK"
worker-1  | INFO httpx HTTP Request: GET https://go.dev/doc/modules/layout "HTTP/1.1 200 OK"
worker-1  | INFO httpx HTTP Request: GET https://go.dev/doc/modules/major-version "HTTP/1.1 200 OK"
worker-1  | INFO httpx HTTP Request: GET https://go.dev/doc/modules/publishing "HTTP/1.1 200 OK"
worker-3  | INFO httpx HTTP Request: GET https://spdx.org/licenses/ "HTTP/1.1 200 OK"
worker-4  | INFO httpx HTTP Request: GET https://www.typescriptlang.org/play/?useJavaScript=trueq%3D236 "HTTP/1.1 200 OK"
worker-2  | INFO httpx HTTP Request: GET https://docs.oracle.com/pls/topic/lookup?ctx=en/cloud/paas/analytics-cloud&id=analytics-cloud-getstarted "HTTP/1.1 302 Moved Temporarily"
worker-4  | INFO httpx HTTP Request: GET https://www.typescriptlang.org/play?esModuleInterop=true&jsx=2&q=65 "HTTP/1.1 301 Moved Permanently"
worker-3  | /packages/crawliq_core/html_parse.py:148: XMLParsedAsHTMLWarning: It looks like you're parsing an XML document using an HTML parser. If this really is an HTML document (maybe it's XHTML?), you can ignore or filter this warning. If it's XML, you should know that using an XML parser will be more reliable. To parse this document as XML, make sure you have the lxml package installed, and pass the keyword argument `features="xml"` into the BeautifulSoup constructor.
worker-3  |   soup = BeautifulSoup(html, "lxml")
worker-2  | INFO httpx HTTP Request: GET http://docs.oracle.com/en/cloud/paas/analytics-cloud/index.html "HTTP/1.1 301 Moved Permanently"
worker-4  | INFO httpx HTTP Request: GET https://www.typescriptlang.org/play/?esModuleInterop=true&jsx=2&q=65 "HTTP/1.1 200 OK"
worker-4  | INFO httpx HTTP Request: GET https://www.typescriptlang.org/play?q=12 "HTTP/1.1 301 Moved Permanently"
worker-4  | INFO httpx HTTP Request: GET https://www.typescriptlang.org/play/?q=12 "HTTP/1.1 200 OK"
worker-4  | INFO httpx HTTP Request: GET https://www.typescriptlang.org/play?useJavaScript=trueq%3D11 "HTTP/1.1 301 Moved Permanently"
worker-3  | /packages/crawliq_core/html_parse.py:152: XMLParsedAsHTMLWarning: It looks like you're parsing an XML document using an HTML parser. If this really is an HTML document (maybe it's XHTML?), you can ignore or filter this warning. If it's XML, you should know that using an XML parser will be more reliable. To parse this document as XML, make sure you have the lxml package installed, and pass the keyword argument `features="xml"` into the BeautifulSoup constructor.
worker-4  | INFO httpx HTTP Request: GET https://www.typescriptlang.org/play/?useJavaScript=trueq%3D11 "HTTP/1.1 200 OK"
worker-2  | INFO httpx HTTP Request: GET https://docs.oracle.com/en/cloud/paas/analytics-cloud/index.html "HTTP/1.1 200 OK"
worker-4  | INFO httpx HTTP Request: GET https://www.typescriptlang.org/play?useJavaScript=trueq%3D320 "HTTP/1.1 301 Moved Permanently"
worker-4  | INFO httpx HTTP Request: GET https://www.typescriptlang.org/play/?useJavaScript=trueq%3D320 "HTTP/1.1 200 OK"
worker-4  | INFO httpx HTTP Request: GET https://www.typescriptlang.org/play?q=368 "HTTP/1.1 301 Moved Permanently"
worker-4  | INFO httpx HTTP Request: GET https://www.typescriptlang.org/play/?q=368 "HTTP/1.1 200 OK"
worker-4  | INFO httpx HTTP Request: GET https://www.typescriptlang.org/play?q=291 "HTTP/1.1 301 Moved Permanently"
worker-2  | INFO httpx HTTP Request: GET https://docs.oracle.com/pls/topic/lookup?ctx=en/cloud/paas/content-cloud&id=odcswelcome "HTTP/1.1 302 Moved Temporarily"
worker-4  | INFO httpx HTTP Request: GET https://www.typescriptlang.org/play/?q=291 "HTTP/1.1 200 OK"
worker-2  | INFO httpx HTTP Request: GET https://docs.oracle.com/en/cloud/paas/content-cloud/index.html "HTTP/1.1 200 OK"
worker-3  |   soup_for_text = BeautifulSoup(html, "lxml")
worker-3  | INFO httpx HTTP Request: GET https://semver.org/ "HTTP/1.1 200 OK"
worker-4  | INFO httpx HTTP Request: GET https://www.typescriptlang.org/play?q=238 "HTTP/1.1 301 Moved Permanently"
worker-3  | INFO httpx HTTP Request: GET https://doc.rust-lang.org/nomicon/index.html "HTTP/1.1 200 OK"
worker-2  | INFO httpx HTTP Request: GET https://docs.oracle.com/pls/topic/lookup?ctx=en/cloud/paas/application-integration&id=integration-suite-get-started "HTTP/1.1 302 Moved Temporarily"
worker-3  | INFO httpx HTTP Request: GET https://golang.org/doc/effective_go.html "HTTP/1.1 301 Moved Permanently"
worker-1  | INFO httpx HTTP Request: GET https://go.dev/doc/modules/version-numbers "HTTP/1.1 200 OK"
worker-3  | INFO httpx HTTP Request: GET https://go.dev/doc/effective_go.html "HTTP/1.1 301 Moved Permanently"
worker-2  | INFO httpx HTTP Request: GET https://docs.oracle.com/en/cloud/paas/application-integration/index.html "HTTP/1.1 200 OK"
worker-2  | INFO httpx HTTP Request: GET https://docs.oracle.com/pls/topic/lookup?ctx=en/cloud/get-started/subscriptions-cloud&id=CSGSG-GUID-CE0FC1EF-4B13-4B2F-9D95-EDD7125A146B "HTTP/1.1 302 Moved Temporarily"
worker-1  | INFO httpx HTTP Request: GET https://research.swtch.com/gotour "HTTP/1.1 200 OK"
worker-3  | INFO httpx HTTP Request: GET https://go.dev/doc/effective_go "HTTP/1.1 200 OK"
worker-3  | INFO httpx HTTP Request: GET https://doc.rust-lang.org/std/sync/atomic/index.html "HTTP/1.1 200 OK"
worker-4  | INFO httpx HTTP Request: GET https://www.typescriptlang.org/play/?q=238 "HTTP/1.1 200 OK"
worker-4  | INFO httpx HTTP Request: GET https://www.typescriptlang.org/play?q=384 "HTTP/1.1 301 Moved Permanently"
worker-4  | INFO httpx HTTP Request: GET https://www.typescriptlang.org/play/?q=384 "HTTP/1.1 200 OK"
worker-4  | INFO httpx HTTP Request: GET https://www.typescriptlang.org/play?q=469 "HTTP/1.1 301 Moved Permanently"
worker-1  | INFO httpx HTTP Request: GET https://vimeo.com/53221560 "HTTP/1.1 200 OK"
worker-1  | INFO httpx HTTP Request: GET https://www.youtube.com/watch?v=f6kdp27TYZs "HTTP/1.1 200 OK"
worker-1  | INFO httpx HTTP Request: GET https://www.youtube.com/watch?v=QDDwwePbDtw "HTTP/1.1 200 OK"
worker-1  | INFO httpx HTTP Request: GET https://go.dev/wiki/GoTalks "HTTP/1.1 200 OK"
worker-1  | INFO httpx HTTP Request: GET https://go.dev/doc/codewalk/functions "HTTP/1.1 301 Moved Permanently"
worker-2  | INFO httpx HTTP Request: GET https://docs.oracle.com/en/cloud/get-started/subscriptions-cloud/csgsg/workflow-provision-oracle-cloud-applications.html#CSGSG-GUID-CE0FC1EF-4B13-4B2F-9D95-EDD7125A146B "HTTP/1.1 200 OK"
worker-2  | INFO httpx HTTP Request: GET https://docs.oracle.com/pls/topic/lookup?ctx=en/solutions/hub-spoke-network&id=OWLWD "HTTP/1.1 302 Moved Temporarily"
worker-1  | INFO httpx HTTP Request: GET https://go.dev/doc/codewalk/functions/ "HTTP/1.1 200 OK"
worker-1  | INFO httpx HTTP Request: GET https://go.dev/doc/codewalk/markov "HTTP/1.1 301 Moved Permanently"
worker-1  | INFO httpx HTTP Request: GET https://go.dev/doc/codewalk/markov/ "HTTP/1.1 200 OK"
worker-2  | INFO httpx HTTP Request: GET https://docs.oracle.com/en/solutions/cicd-pipeline/index.html "HTTP/1.1 200 OK"
worker-3  | INFO httpx HTTP Request: GET https://crates.io/crates/futures "HTTP/1.1 200 OK"
worker-2  | INFO httpx HTTP Request: GET https://docs.oracle.com/pls/topic/lookup?ctx=en/solutions/hub-spoke-network&id=DMBNX "HTTP/1.1 302 Moved Temporarily"
worker-4  | INFO httpx HTTP Request: GET https://www.typescriptlang.org/play/?q=469 "HTTP/1.1 200 OK"
worker-1  | INFO httpx HTTP Request: GET https://go.dev/doc/codewalk/sharemem "HTTP/1.1 301 Moved Permanently"
worker-1  | INFO httpx HTTP Request: GET https://go.dev/doc/codewalk/sharemem/ "HTTP/1.1 200 OK"
worker-1  | INFO httpx HTTP Request: GET https://go.dev/blog/json-rpc-tale-of-interfaces "HTTP/1.1 301 Moved Permanently"
worker-2  | INFO httpx HTTP Request: GET https://docs.oracle.com/en/solutions/event-triggered-serverless-app/index.html "HTTP/1.1 200 OK"
worker-2  | INFO httpx HTTP Request: GET https://docs.oracle.com/solutions?cType=reference-architectures&lang=en&q=&sort=date-desc "HTTP/1.1 302 Moved Temporarily"
worker-1  | INFO httpx HTTP Request: GET https://go.dev/blog/json-rpc "HTTP/1.1 200 OK"
worker-1  | INFO httpx HTTP Request: GET https://go.dev/blog/gos-declaration-syntax "HTTP/1.1 301 Moved Permanently"
worker-3  | INFO httpx HTTP Request: GET https://tokio.rs/ "HTTP/1.1 200 OK"
worker-4  | INFO httpx HTTP Request: GET https://www.typescriptlang.org/play?q=176 "HTTP/1.1 301 Moved Permanently"
worker-1  | INFO httpx HTTP Request: GET https://go.dev/blog/declaration-syntax "HTTP/1.1 200 OK"
worker-1  | INFO httpx HTTP Request: GET https://go.dev/blog/defer-panic-and-recover "HTTP/1.1 200 OK"
worker-2  | INFO httpx HTTP Request: GET https://docs.oracle.com/solutions/?cType=reference-architectures&lang=en&q=&sort=date-desc "HTTP/1.1 200 OK"
worker-2  | INFO httpx HTTP Request: GET https://docs.oracle.com/pls/topic/lookup?ctx=en/solutions/hub-spoke-network&id=CSAML "HTTP/1.1 302 Moved Temporarily"
worker-4  | INFO httpx HTTP Request: GET https://www.typescriptlang.org/play/?q=176 "HTTP/1.1 200 OK"
worker-2  | INFO httpx HTTP Request: GET https://docs.oracle.com/en/solutions/learn-architecture-legacy-apps/index.html "HTTP/1.1 404 Not Found"
worker-4  | INFO httpx HTTP Request: GET https://www.typescriptlang.org/play?q=399 "HTTP/1.1 301 Moved Permanently"
worker-4  | INFO httpx HTTP Request: GET https://www.typescriptlang.org/play/?q=399 "HTTP/1.1 200 OK"
worker-3  | INFO httpx HTTP Request: GET https://github.com/rust-lang/book/tree/main/packages/trpl "HTTP/1.1 200 OK"
worker-2  | INFO httpx HTTP Request: GET https://docs.oracle.com/pls/topic/lookup?ctx=en/solutions/hub-spoke-network&id=SKOCB "HTTP/1.1 302 Moved Temporarily"
worker-2  | INFO httpx HTTP Request: GET https://docs.oracle.com/en/solutions/deploy-kubernetes/index.html "HTTP/1.1 200 OK"
worker-4  | INFO httpx HTTP Request: GET https://www.typescriptlang.org/play?q=220&strictNullChecks=true "HTTP/1.1 301 Moved Permanently"
worker-4  | INFO httpx HTTP Request: GET https://www.typescriptlang.org/play/?q=220&strictNullChecks=true "HTTP/1.1 200 OK"
worker-3  | INFO httpx HTTP Request: GET https://rust-lang.github.io/async-book/02_execution/01_chapter.html "HTTP/1.1 200 OK"
worker-2  | INFO httpx HTTP Request: GET https://docs.oracle.com/pls/topic/lookup?ctx=en/solutions/hub-spoke-network&id=HCCVC "HTTP/1.1 302 Moved Temporarily"
worker-3  | INFO httpx HTTP Request: GET https://rust-lang.github.io/async-book/04_pinning/01_chapter.html "HTTP/1.1 404 Not Found"
worker-1  | INFO httpx HTTP Request: GET https://go.dev/blog/go-concurrency-patterns-timing-out-and "HTTP/1.1 301 Moved Permanently"
worker-1  | INFO httpx HTTP Request: GET https://go.dev/blog/concurrency-timeouts "HTTP/1.1 200 OK"
worker-1  | INFO httpx HTTP Request: GET https://go.dev/blog/go-slices-usage-and-internals "HTTP/1.1 301 Moved Permanently"
worker-1  | INFO httpx HTTP Request: GET https://go.dev/blog/slices-intro "HTTP/1.1 200 OK"
worker-2  | INFO httpx HTTP Request: GET https://docs.oracle.com/en/solutions/extend-saas-cloud-native/index.html "HTTP/1.1 200 OK"
worker-2  | INFO httpx HTTP Request: GET https://docs.oracle.com/pls/topic/lookup?ctx=en/solutions/hub-spoke-network&id=TOOTT "HTTP/1.1 302 Moved Temporarily"
worker-3  | INFO httpx HTTP Request: GET https://rust-lang.github.io/async-book "HTTP/1.1 301 Moved Permanently"
worker-1  | INFO httpx HTTP Request: GET https://go.dev/blog/gif-decoder-exercise-in-go-interfaces "HTTP/1.1 301 Moved Permanently"
worker-3  | INFO httpx HTTP Request: GET https://rust-lang.github.io/async-book/ "HTTP/1.1 200 OK"
worker-4  | INFO httpx HTTP Request: GET https://www.typescriptlang.org/play?q=99&strictNullChecks=false "HTTP/1.1 301 Moved Permanently"
worker-2  | INFO httpx HTTP Request: GET https://docs.oracle.com/en/solutions/transfer-chat-to-live-agent/index.html "HTTP/1.1 404 Not Found"
worker-4  | INFO httpx HTTP Request: GET https://www.typescriptlang.org/play/?q=99&strictNullChecks=false "HTTP/1.1 200 OK"
worker-2  | INFO httpx HTTP Request: GET https://docs.oracle.com/solutions?cType=solution-playbook&lang=en&q=&sort=date-desc "HTTP/1.1 302 Moved Temporarily"
worker-2  | INFO httpx HTTP Request: GET https://docs.oracle.com/solutions/?cType=solution-playbook&lang=en&q=&sort=date-desc "HTTP/1.1 200 OK"
worker-2  | INFO httpx HTTP Request: GET https://www.oracle.com/corporate/index.html "HTTP/1.1 403 Forbidden"
worker-2  | INFO httpx HTTP Request: GET https://www.oracle.com/corporate/contact "HTTP/1.1 403 Forbidden"
worker-1  | INFO httpx HTTP Request: GET https://go.dev/blog/gif-decoder "HTTP/1.1 200 OK"
worker-2  | INFO httpx HTTP Request: GET https://www.oracle.com/legal/privacy "HTTP/1.1 403 Forbidden"
worker-3  | INFO httpx HTTP Request: GET https://doc.rust-lang.org/reference/items/traits.html "HTTP/1.1 200 OK"
worker-3  | INFO httpx HTTP Request: GET https://doc.rust-lang.org/reference/items/external-blocks.html "HTTP/1.1 200 OK"
worker-3  | INFO httpx HTTP Request: GET https://doc.rust-lang.org/reference/items/unions.html "HTTP/1.1 200 OK"
worker-3  | INFO httpx HTTP Request: GET https://github.com/rust-lang/miri "HTTP/1.1 200 OK"
worker-3  | INFO httpx HTTP Request: GET https://doc.rust-lang.org/nomicon "HTTP/1.1 302 Moved Temporarily"
worker-2  | INFO httpx HTTP Request: GET https://www.oracle.com/legal/privacy/advertising-privacy-policy.html "HTTP/1.1 403 Forbidden"
worker-2  | INFO httpx HTTP Request: GET https://docs.oracle.com/en/applications/index.html "HTTP/1.1 200 OK"
worker-1  | INFO httpx HTTP Request: GET https://go.dev/blog/error-handling-and-go "HTTP/1.1 200 OK"
worker-4  | INFO httpx HTTP Request: GET https://www.typescriptlang.org/play?q=385 "HTTP/1.1 301 Moved Permanently"
worker-4  | INFO httpx HTTP Request: GET https://www.typescriptlang.org/play/?q=385 "HTTP/1.1 200 OK"
worker-2  | INFO httpx HTTP Request: GET https://docs.oracle.com/en/cloud/saas/index.html "HTTP/1.1 200 OK"
worker-2  | INFO httpx HTTP Request: GET https://docs.oracle.com/en/applications/enterprise-performance-management/index.html "HTTP/1.1 200 OK"
worker-2  | INFO httpx HTTP Request: GET https://docs.oracle.com/en/applications/e-business-suite/index.html "HTTP/1.1 200 OK"
worker-2  | INFO httpx HTTP Request: GET https://docs.oracle.com/en/applications/peoplesoft/index.html "HTTP/1.1 200 OK"
worker-2  | INFO httpx HTTP Request: GET https://docs.oracle.com/en/applications/siebel/index.html "HTTP/1.1 200 OK"
worker-2  | INFO httpx HTTP Request: GET https://docs.oracle.com/en/applications/jd-edwards/index.html "HTTP/1.1 200 OK"
worker-1  | INFO httpx HTTP Request: GET https://go.dev/blog/json-and-go "HTTP/1.1 301 Moved Permanently"
worker-1  | INFO httpx HTTP Request: GET https://go.dev/blog/json "HTTP/1.1 200 OK"
worker-3  | INFO httpx HTTP Request: GET https://doc.rust-lang.org/doc/stable/nomicon/ "HTTP/1.1 301 Moved Permanently"
worker-1  | INFO httpx HTTP Request: GET https://go.dev/pkg/encoding/json "HTTP/1.1 301 Moved Permanently"
worker-2  | INFO httpx HTTP Request: GET https://docs.oracle.com/en/middleware/index.html "HTTP/1.1 200 OK"
worker-3  | INFO httpx HTTP Request: GET https://doc.rust-lang.org/stable/nomicon/ "HTTP/1.1 200 OK"
worker-2  | INFO httpx HTTP Request: GET https://docs.oracle.com/en/middleware/fusion-middleware/index.html "HTTP/1.1 200 OK"
worker-2  | INFO httpx HTTP Request: GET https://docs.oracle.com/en/middleware/bi/analytics-desktop/index.html "HTTP/1.1 200 OK"
worker-3  | INFO httpx HTTP Request: GET https://doc.rust-lang.org/reference/macros-by-example.html "HTTP/1.1 200 OK"
worker-3  | INFO httpx HTTP Request: GET https://veykril.github.io/tlborm "HTTP/1.1 301 Moved Permanently"
worker-3  | INFO httpx HTTP Request: GET https://lukaswirth.dev/tlborm "HTTP/1.1 301 Moved Permanently"
worker-3  | INFO httpx HTTP Request: GET https://lukaswirth.dev/tlborm/ "HTTP/1.1 200 OK"
worker-2  | INFO httpx HTTP Request: GET https://docs.oracle.com/en/middleware/bi/analytics-server/index.html "HTTP/1.1 200 OK"
worker-2  | INFO httpx HTTP Request: GET https://docs.oracle.com/middleware/12211/apimgr/index.html "HTTP/1.1 200 OK"
worker-1  | INFO httpx HTTP Request: GET https://go.dev/pkg/encoding/json/ "HTTP/1.1 307 Temporary Redirect"
worker-1  | INFO httpx HTTP Request: GET https://pkg.go.dev/encoding/json "HTTP/1.1 200 OK"
worker-4  | INFO httpx HTTP Request: GET https://www.typescriptlang.org/play?q=405 "HTTP/1.1 301 Moved Permanently"
worker-3  | INFO httpx HTTP Request: GET https://crates.io/crates/syn "HTTP/1.1 200 OK"
worker-3  | INFO httpx HTTP Request: GET https://crates.io/crates/quote "HTTP/1.1 200 OK"
worker-1  | INFO httpx HTTP Request: GET https://go.dev/blog/gobs-of-data "HTTP/1.1 301 Moved Permanently"
worker-4  | INFO httpx HTTP Request: GET https://www.typescriptlang.org/play/?q=405 "HTTP/1.1 200 OK"
worker-3  | INFO httpx HTTP Request: GET https://docs.rs/syn/2.0/syn/struct.DeriveInput.html "HTTP/1.1 302 "
worker-4  | INFO httpx HTTP Request: GET https://www.typescriptlang.org/play?q=168 "HTTP/1.1 301 Moved Permanently"
worker-4  | INFO httpx HTTP Request: GET https://www.typescriptlang.org/play/?q=168 "HTTP/1.1 200 OK"
worker-3  | INFO httpx HTTP Request: GET https://docs.rs/syn/2.0.117/syn/struct.DeriveInput.html "HTTP/1.1 200 "
worker-3  | INFO httpx HTTP Request: GET https://docs.rs/quote "HTTP/1.1 302 "
worker-3  | INFO httpx HTTP Request: GET https://docs.rs/quote/latest/quote/ "HTTP/1.1 200 "
worker-3  | INFO httpx HTTP Request: GET https://doc.rust-lang.org/std/thread/struct.Builder.html "HTTP/1.1 200 OK"
worker-2  | INFO httpx HTTP Request: GET https://docs.oracle.com/middleware/1213/oac/index.html "HTTP/1.1 200 OK"
worker-3  | INFO httpx HTTP Request: GET https://doc.rust-lang.org/std/index.html "HTTP/1.1 200 OK"
worker-3  | INFO httpx HTTP Request: GET https://github.com/rust-lang/rustfmt "HTTP/1.1 200 OK"
worker-3  | INFO httpx HTTP Request: GET https://github.com/rust-lang/rust-clippy "HTTP/1.1 200 OK"
worker-3  | INFO httpx HTTP Request: GET https://rust-analyzer.github.io/ "HTTP/1.1 200 OK"
worker-3  | INFO httpx HTTP Request: GET http://langserver.org/ "HTTP/1.1 301 Moved Permanently"
worker-3  | INFO httpx HTTP Request: GET https://langserver.org/ "HTTP/1.1 200 OK"
worker-3  | INFO httpx HTTP Request: GET https://marketplace.visualstudio.com/items?itemName=rust-lang.rust-analyzer "HTTP/1.1 200 OK"
worker-4  | INFO httpx HTTP Request: GET https://www.typescriptlang.org/play?q=41 "HTTP/1.1 301 Moved Permanently"
worker-1  | INFO httpx HTTP Request: GET https://go.dev/blog/gob "HTTP/1.1 200 OK"
worker-4  | INFO httpx HTTP Request: GET https://www.typescriptlang.org/play/?q=41 "HTTP/1.1 200 OK"
worker-4  | INFO httpx HTTP Request: GET https://www.typescriptlang.org/play?q=411&strictFunctionTypes=false "HTTP/1.1 301 Moved Permanently"
worker-1  | INFO httpx HTTP Request: GET https://go.dev/pkg/encoding/gob "HTTP/1.1 301 Moved Permanently"
worker-1  | INFO httpx HTTP Request: GET https://go.dev/pkg/encoding/gob/ "HTTP/1.1 307 Temporary Redirect"
worker-1  | INFO httpx HTTP Request: GET https://pkg.go.dev/encoding/gob "HTTP/1.1 200 OK"
worker-3  | INFO httpx HTTP Request: GET https://doc.rust-lang.org/stable/edition-guide "HTTP/1.1 302 Moved Temporarily"
worker-3  | INFO httpx HTTP Request: GET https://doc.rust-lang.org/doc/stable/edition-guide/ "HTTP/1.1 301 Moved Permanently"
worker-3  | INFO httpx HTTP Request: GET https://doc.rust-lang.org/stable/edition-guide/ "HTTP/1.1 200 OK"
worker-2  | INFO httpx HTTP Request: GET http://www.oracle.com/technetwork/apps-tech/aia/documentation/intarch-093745.html "HTTP/1.1 403 Forbidden"
worker-2  | INFO httpx HTTP Request: GET https://docs.oracle.com/en/middleware/bi/index.html "HTTP/1.1 200 OK"
worker-3  | INFO httpx HTTP Request: GET https://github.com/rust-lang/book/issues?q=is:open+is:issue+label:Translations "HTTP/1.1 200 OK"
worker-4  | INFO httpx HTTP Request: GET https://www.typescriptlang.org/play/?q=411&strictFunctionTypes=false "HTTP/1.1 200 OK"
worker-3  | INFO httpx HTTP Request: GET https://github.com/rust-br/rust-book-pt-br "HTTP/1.1 200 OK"
worker-4  | INFO httpx HTTP Request: GET https://www.typescriptlang.org/play?q=419 "HTTP/1.1 301 Moved Permanently"
worker-1  | INFO httpx HTTP Request: GET https://go.dev/blog/laws-of-reflection "HTTP/1.1 200 OK"
worker-1  | INFO httpx HTTP Request: GET https://go.dev/pkg/reflect "HTTP/1.1 301 Moved Permanently"
worker-1  | INFO httpx HTTP Request: GET https://go.dev/pkg/reflect/ "HTTP/1.1 307 Temporary Redirect"
worker-3  | INFO httpx HTTP Request: GET https://github.com/nunojesus/rust-book-pt-pt "HTTP/1.1 200 OK"
worker-1  | INFO httpx HTTP Request: GET https://pkg.go.dev/reflect "HTTP/1.1 200 OK"
worker-3  | INFO httpx HTTP Request: GET https://github.com/KaiserY/trpl-zh-cn "HTTP/1.1 200 OK"
worker-3  | INFO httpx HTTP Request: GET https://github.com/gnu4cn/rust-lang-Zh_CN "HTTP/1.1 200 OK"
worker-1  | INFO httpx HTTP Request: GET https://go.dev/blog/go-image-package "HTTP/1.1 301 Moved Permanently"
worker-4  | INFO httpx HTTP Request: GET https://www.typescriptlang.org/play/?q=419 "HTTP/1.1 200 OK"
worker-2  | INFO httpx HTTP Request: GET https://docs.oracle.com/en/middleware/fusion-middleware/bpm "HTTP/1.1 302 Moved Temporarily"
worker-3  | INFO httpx HTTP Request: GET https://github.com/rust-tw/book-tw "HTTP/1.1 200 OK"
worker-3  | INFO httpx HTTP Request: GET https://rust-lang-ua.github.io/rustbook_ukrainian "HTTP/1.1 301 Moved Permanently"
worker-3  | INFO httpx HTTP Request: GET https://rust-lang-ua.github.io/rustbook_ukrainian/ "HTTP/1.1 200 OK"
worker-3  | INFO httpx HTTP Request: GET https://github.com/thecodix/book "HTTP/1.1 200 OK"
worker-4  | INFO httpx HTTP Request: GET https://www.typescriptlang.org/play?q=45 "HTTP/1.1 301 Moved Permanently"
worker-4  | INFO httpx HTTP Request: GET https://www.typescriptlang.org/play/?q=45 "HTTP/1.1 200 OK"
worker-4  | INFO httpx HTTP Request: GET https://www.typescriptlang.org/play?q=432 "HTTP/1.1 301 Moved Permanently"
worker-1  | INFO httpx HTTP Request: GET https://go.dev/blog/image "HTTP/1.1 200 OK"
worker-1  | INFO httpx HTTP Request: GET https://go.dev/pkg/image "HTTP/1.1 301 Moved Permanently"
worker-1  | INFO httpx HTTP Request: GET https://go.dev/pkg/image/ "HTTP/1.1 307 Temporary Redirect"
worker-1  | INFO httpx HTTP Request: GET https://pkg.go.dev/image "HTTP/1.1 200 OK"
worker-1  | INFO httpx HTTP Request: GET https://go.dev/blog/go-imagedraw-package "HTTP/1.1 301 Moved Permanently"
worker-4  | INFO httpx HTTP Request: GET https://www.typescriptlang.org/play/?q=432 "HTTP/1.1 200 OK"
worker-1  | INFO httpx HTTP Request: GET https://go.dev/blog/image-draw "HTTP/1.1 200 OK"
worker-3  | INFO httpx HTTP Request: GET https://github.com/ManRR/rust-book-es "HTTP/1.1 200 OK"
worker-1  | INFO httpx HTTP Request: GET https://go.dev/pkg/image/draw "HTTP/1.1 301 Moved Permanently"
worker-4  | INFO httpx HTTP Request: GET https://www.typescriptlang.org/play?q=9 "HTTP/1.1 301 Moved Permanently"
worker-4  | INFO httpx HTTP Request: GET https://www.typescriptlang.org/play/?q=9 "HTTP/1.1 200 OK"
worker-4  | INFO httpx HTTP Request: GET https://www.typescriptlang.org/play?q=229 "HTTP/1.1 301 Moved Permanently"
worker-4  | INFO httpx HTTP Request: GET https://www.typescriptlang.org/play/?q=229 "HTTP/1.1 200 OK"
worker-4  | INFO httpx HTTP Request: GET https://www.typescriptlang.org/play?q=190 "HTTP/1.1 301 Moved Permanently"
worker-4  | INFO httpx HTTP Request: GET https://www.typescriptlang.org/play/?q=190 "HTTP/1.1 200 OK"
worker-3  | INFO httpx HTTP Request: GET https://github.com/RustLangES/rust-book-es "HTTP/1.1 200 OK"
worker-2  | INFO httpx HTTP Request: GET https://docs.oracle.com/en/middleware/fusion-middleware/bpm/ "HTTP/1.1 200 OK"
worker-3  | INFO httpx HTTP Request: GET https://github.com/rust-lang-ru/book "HTTP/1.1 200 OK"
worker-2  | INFO httpx HTTP Request: GET https://docs.oracle.com/en/middleware/soa-suite/integration-adapters "HTTP/1.1 302 Moved Temporarily"
worker-2  | INFO httpx HTTP Request: GET https://docs.oracle.com/en/middleware/soa-suite/integration-adapters/ "HTTP/1.1 200 OK"
worker-1  | INFO httpx HTTP Request: GET https://go.dev/pkg/image/draw/ "HTTP/1.1 307 Temporary Redirect"
worker-1  | INFO httpx HTTP Request: GET https://pkg.go.dev/image/draw "HTTP/1.1 200 OK"
worker-1  | INFO httpx HTTP Request: GET https://go.dev/blog/using-go-modules "HTTP/1.1 200 OK"
worker-3  | INFO httpx HTTP Request: GET https://github.com/rust-kr/doc.rust-kr.org "HTTP/1.1 200 OK"
worker-3  | INFO httpx HTTP Request: GET https://github.com/rust-lang-ja/book-ja "HTTP/1.1 200 OK"
worker-2  | INFO httpx HTTP Request: GET https://docs.oracle.com/en/middleware/fusion-middleware/coherence/index.html "HTTP/1.1 200 OK"
worker-1  | INFO httpx HTTP Request: GET https://go.dev/blog/migrating-to-go-modules "HTTP/1.1 200 OK"
worker-4  | INFO httpx HTTP Request: GET https://www.typescriptlang.org/dev/compiler "HTTP/1.1 404 Not Found"
worker-2  | INFO httpx HTTP Request: GET https://docs.oracle.com/en/middleware/fusion-middleware/data-integrator/12.2.1.4/index.html "HTTP/1.1 200 OK"
worker-4  | INFO httpx HTTP Request: GET https://www.typescriptlang.org/dev/sandbox "HTTP/1.1 301 Moved Permanently"
worker-4  | INFO httpx HTTP Request: GET https://www.typescriptlang.org/dev/sandbox/ "HTTP/1.1 200 OK"
worker-1  | INFO httpx HTTP Request: GET https://go.dev/blog/publishing-go-modules "HTTP/1.1 200 OK"
worker-1  | INFO httpx HTTP Request: GET https://go.dev/blog/v2-go-modules "HTTP/1.1 200 OK"
worker-1  | INFO httpx HTTP Request: GET https://go.dev/blog/module-compatibility "HTTP/1.1 200 OK"
worker-4  | INFO httpx HTTP Request: GET https://www.typescriptlang.org/dev/twoslash "HTTP/1.1 301 Moved Permanently"
worker-4  | INFO httpx HTTP Request: GET https://www.typescriptlang.org/dev/twoslash/ "HTTP/1.1 200 OK"
worker-3  | INFO httpx HTTP Request: GET https://github.com/Jimskapt/rust-book-fr "HTTP/1.1 200 OK"
worker-3  | INFO httpx HTTP Request: GET https://github.com/paytchoo/book-pl "HTTP/1.1 301 Moved Permanently"
worker-3  | INFO httpx HTTP Request: GET https://github.com/beling/book-pl "HTTP/1.1 200 OK"
worker-2  | INFO httpx HTTP Request: GET https://docs.oracle.com/middleware/1213/odsi/index.html "HTTP/1.1 200 OK"
worker-4  | INFO httpx HTTP Request: GET https://www.typescriptlang.org/dev/typescript-vfs "HTTP/1.1 301 Moved Permanently"
worker-4  | INFO httpx HTTP Request: GET https://www.typescriptlang.org/dev/typescript-vfs/ "HTTP/1.1 200 OK"
worker-1  | INFO httpx HTTP Request: GET https://go.dev/doc/articles/go_command.html "HTTP/1.1 301 Moved Permanently"
worker-1  | INFO httpx HTTP Request: GET https://go.dev/doc/articles/go_command "HTTP/1.1 200 OK"
worker-1  | INFO httpx HTTP Request: GET https://go.dev/doc/comment "HTTP/1.1 200 OK"
worker-2  | INFO httpx HTTP Request: GET http://www.oracle.com/technetwork/middleware/endeca/documentation/index.html "HTTP/1.1 403 Forbidden"
worker-1  | INFO httpx HTTP Request: GET https://go.dev/doc/gdb "HTTP/1.1 200 OK"
worker-3  | INFO httpx HTTP Request: GET https://github.com/agentzero1/book "HTTP/1.1 200 OK"
worker-3  | INFO httpx HTTP Request: GET https://github.com/josephace135/book "HTTP/1.1 200 OK"
worker-3  | INFO httpx HTTP Request: GET https://github.com/psychoslave/Rust-libro "HTTP/1.1 200 OK"
worker-4  | INFO httpx HTTP Request: GET https://www.typescriptlang.org/dev/playground-plugins "HTTP/1.1 301 Moved Permanently"
worker-3  | INFO httpx HTTP Request: GET https://github.com/TChatzigiannakis/rust-book-greek "HTTP/1.1 200 OK"
worker-4  | INFO httpx HTTP Request: GET https://www.typescriptlang.org/dev/playground-plugins/ "HTTP/1.1 200 OK"
worker-3  | INFO httpx HTTP Request: GET https://github.com/sebras/book "HTTP/1.1 200 OK"
worker-4  | INFO httpx HTTP Request: GET https://www.typescriptlang.org/dev/bug-workbench "HTTP/1.1 301 Moved Permanently"
worker-2  | INFO httpx HTTP Request: GET https://docs.oracle.com/en/middleware/fusion-middleware/enterprise-data-quality/12.2.1.4/index.html "HTTP/1.1 200 OK"
worker-2  | INFO httpx HTTP Request: GET https://docs.oracle.com/en/enterprise-manager/index.html "HTTP/1.1 200 OK"
worker-2  | INFO httpx HTTP Request: GET https://docs.oracle.com/middleware/1213/oer/index.html "HTTP/1.1 200 OK"
worker-2  | INFO httpx HTTP Request: GET https://docs.oracle.com/en/middleware/soa-suite/enterprise-scheduler "HTTP/1.1 302 Moved Temporarily"
worker-4  | INFO httpx HTTP Request: GET https://www.typescriptlang.org/dev/bug-workbench/ "HTTP/1.1 200 OK"
worker-3  | INFO httpx HTTP Request: GET https://github.com/RustFarsi/book "HTTP/1.1 200 OK"
worker-4  | INFO httpx HTTP Request: GET https://github.com/microsoft/TypeScript-Website/blob/v2/packages/documentation/copy/en/get-started/TS%20for%20the%20New%20Programmer.md "HTTP/1.1 200 OK"
worker-3  | INFO httpx HTTP Request: GET https://github.com/persian-rust/book "HTTP/1.1 200 OK"
worker-2  | INFO httpx HTTP Request: GET https://docs.oracle.com/en/middleware/soa-suite/enterprise-scheduler/ "HTTP/1.1 200 OK"
worker-2  | INFO httpx HTTP Request: GET https://docs.oracle.com/middleware/1213/eventprocessing/index.html "HTTP/1.1 200 OK"
worker-2  | INFO httpx HTTP Request: GET https://docs.oracle.com/en/middleware/developer-tools/forms/index.html "HTTP/1.1 200 OK"
worker-2  | INFO httpx HTTP Request: GET https://docs.oracle.com/en/middleware/goldengate/index.html "HTTP/1.1 302 Moved Temporarily"
worker-3  | INFO httpx HTTP Request: GET https://github.com/rust-lang-de/rustbook-de "HTTP/1.1 200 OK"
worker-2  | INFO httpx HTTP Request: GET https://docs.oracle.com/en/database/goldengate/index.html "HTTP/1.1 200 OK"
worker-3  | INFO httpx HTTP Request: GET https://github.com/venkatarun95/rust-book-hindi "HTTP/1.1 200 OK"
worker-2  | INFO httpx HTTP Request: GET https://docs.oracle.com/en/middleware/idm/suite/12.2.1.4/index.html "HTTP/1.1 200 OK"
worker-3  | INFO httpx HTTP Request: GET https://github.com/rust-lang-th/book-th "HTTP/1.1 200 OK"
worker-3  | INFO httpx HTTP Request: GET https://github.com/DanKHansen/book-dk "HTTP/1.1 200 OK"
worker-3  | INFO httpx HTTP Request: GET https://github.com/rust-lang-uz/book "HTTP/1.1 200 OK"
worker-3  | INFO httpx HTTP Request: GET https://github.com/tuanemdev/rust-book-vn "HTTP/1.1 200 OK"
worker-4  | INFO httpx HTTP Request: GET https://www.typescriptlang.org/play?e=83 "HTTP/1.1 301 Moved Permanently"
worker-4  | INFO httpx HTTP Request: GET https://www.typescriptlang.org/play/?e=83 "HTTP/1.1 200 OK"
worker-3  | INFO httpx HTTP Request: GET https://nixxo.github.io/rust-lang-book-it "HTTP/1.1 301 Moved Permanently"
worker-4  | INFO httpx HTTP Request: GET https://github.com/microsoft/TypeScript-Website/blob/v2/packages/documentation/copy/en/get-started/TS%20for%20JS%20Programmers.md "HTTP/1.1 200 OK"
worker-1  | INFO httpx HTTP Request: GET https://go.dev/doc/articles/race_detector.html "HTTP/1.1 301 Moved Permanently"
worker-2  | INFO httpx HTTP Request: GET https://www.oracle.com/pls/topic/lookup?ctx=jetlatest&id=homepage "HTTP/1.1 403 Forbidden"
worker-1  | INFO httpx HTTP Request: GET https://go.dev/doc/articles/race_detector "HTTP/1.1 200 OK"
worker-1  | INFO httpx HTTP Request: GET https://go.dev/doc/asm "HTTP/1.1 200 OK"
worker-3  | INFO httpx HTTP Request: GET https://nixxo.github.io/rust-lang-book-it/ "HTTP/1.1 200 OK"
worker-3  | INFO httpx HTTP Request: GET https://github.com/IsmailHosenIsmailJames/rust-book-bn "HTTP/1.1 200 OK"
worker-3  | INFO httpx HTTP Request: GET https://www.rust-lang.org/governance "HTTP/1.1 301 Moved Permanently"
worker-3  | INFO httpx HTTP Request: GET https://rust-lang.org/governance "HTTP/1.1 301 Moved Permanently"
worker-1  | INFO httpx HTTP Request: GET https://go.dev/blog/c-go-cgo "HTTP/1.1 301 Moved Permanently"
worker-1  | INFO httpx HTTP Request: GET https://go.dev/blog/cgo "HTTP/1.1 200 OK"
worker-2  | INFO httpx HTTP Request: GET https://docs.oracle.com/en/middleware/developer-tools/jdeveloper/12.2.1.4/index.html "HTTP/1.1 200 OK"
worker-2  | INFO httpx HTTP Request: GET https://docs.oracle.com/en/middleware/developer-tools/adf/12.2.1.4/index.html "HTTP/1.1 200 OK"
worker-2  | INFO httpx HTTP Request: GET https://docs.oracle.com/middleware/1213/skineditor/index.html "HTTP/1.1 200 OK"
worker-3  | INFO httpx HTTP Request: GET https://rust-lang.org/governance/ "HTTP/1.1 200 OK"
worker-4  | INFO httpx HTTP Request: GET https://github.com/microsoft/TypeScript-Website/blob/v2/packages/documentation/copy/en/get-started/TS%20for%20OOPers.md "HTTP/1.1 200 OK"
worker-4  | INFO httpx HTTP Request: GET https://shop.oreilly.com/product/9780596517748.do "HTTP/1.1 301 Moved Permanently"
worker-1  | INFO httpx HTTP Request: GET https://go.dev/cmd/cgo "HTTP/1.1 301 Moved Permanently"
worker-3  | INFO httpx HTTP Request: GET https://github.com/ "HTTP/1.1 200 OK"
worker-3  | INFO httpx HTTP Request: GET https://github.com/login?return_to=https://github.com/rust-lang/book "HTTP/1.1 200 OK"
worker-3  | INFO httpx HTTP Request: GET https://github.com/features/copilot "HTTP/1.1 200 OK"
worker-3  | INFO httpx HTTP Request: GET https://github.com/features/spark "HTTP/1.1 200 OK"
worker-3  | INFO httpx HTTP Request: GET https://github.com/features/models "HTTP/1.1 200 OK"
worker-2  | INFO httpx HTTP Request: GET https://docs.oracle.com/en/middleware/fusion-middleware/managed-file-transfer "HTTP/1.1 302 Moved Temporarily"
worker-1  | INFO httpx HTTP Request: GET https://go.dev/cmd/cgo/ "HTTP/1.1 307 Temporary Redirect"
worker-1  | INFO httpx HTTP Request: GET https://pkg.go.dev/cmd/cgo "HTTP/1.1 200 OK"
worker-1  | INFO httpx HTTP Request: GET https://go.dev/blog/profiling-go-programs "HTTP/1.1 301 Moved Permanently"
worker-4  | INFO httpx HTTP Request: GET https://www.oreilly.com/library/view/~/9780596517748/ "HTTP/1.1 301 Moved Permanently"
worker-4  | INFO httpx HTTP Request: GET https://www.oreilly.com/library/view/javascript-the-good/9780596517748/ "HTTP/1.1 200 OK"
worker-4  | INFO httpx HTTP Request: GET https://people.csail.mit.edu/jaffer/r4rs.pdf "HTTP/1.1 200 OK"
worker-4  | INFO httpx HTTP Request: GET http://www.stroustrup.com/4th.html "HTTP/1.1 301 Moved Permanently"
worker-4  | INFO httpx HTTP Request: GET https://www.stroustrup.com/4th.html "HTTP/1.1 200 OK"
worker-3  | INFO httpx HTTP Request: GET https://github.com/mcp "HTTP/1.1 200 OK"
worker-2  | INFO httpx HTTP Request: GET https://docs.oracle.com/en/middleware/fusion-middleware/managed-file-transfer/ "HTTP/1.1 200 OK"
worker-2  | INFO httpx HTTP Request: GET https://www.oracle.com/pls/topic/lookup?ctx=maflatest&id=mafhome "HTTP/1.1 403 Forbidden"
worker-4  | INFO httpx HTTP Request: GET https://developer.mozilla.org/docs/Web/JavaScript/Data_structures "HTTP/1.1 302 Found"
worker-3  | INFO httpx HTTP Request: GET https://github.com/features/actions "HTTP/1.1 200 OK"
worker-2  | INFO httpx HTTP Request: GET https://docs.oracle.com/en/middleware/fusion-middleware/platform-security/12.2.1.4/index.html "HTTP/1.1 200 OK"
worker-1  | INFO httpx HTTP Request: GET https://go.dev/blog/pprof "HTTP/1.1 200 OK"
