worker-1  | INFO httpx HTTP Request: GET https://pkg.go.dev/crypto/internal/fips140/ed25519@go1.26.3 "HTTP/1.1 200 OK"
worker-1  | INFO httpx HTTP Request: GET https://pkg.go.dev/crypto/internal/fips140/edwards25519@go1.26.3 "HTTP/1.1 200 OK"
worker-2  | INFO httpx HTTP Request: GET https://docs.oracle.com/en/engineered-systems/exadata-database-machine "HTTP/1.1 302 Moved Temporarily"
worker-2  | INFO httpx HTTP Request: GET https://docs.oracle.com/en/engineered-systems/exadata-database-machine/ "HTTP/1.1 200 OK"
worker-2  | INFO httpx HTTP Request: GET https://docs.oracle.com/en/engineered-systems/exadata-cloud-at-customer "HTTP/1.1 302 Moved Temporarily"
worker-1  | INFO httpx HTTP Request: GET https://pkg.go.dev/crypto/internal/fips140/edwards25519/field@go1.26.3 "HTTP/1.1 200 OK"
worker-1  | INFO httpx HTTP Request: GET https://pkg.go.dev/crypto/internal/fips140/hkdf@go1.26.3 "HTTP/1.1 200 OK"
worker-1  | INFO httpx HTTP Request: GET https://pkg.go.dev/crypto/internal/fips140/hmac@go1.26.3 "HTTP/1.1 200 OK"
worker-2  | INFO httpx HTTP Request: GET https://docs.oracle.com/en/engineered-systems/exadata-cloud-at-customer/ "HTTP/1.1 200 OK"
worker-1  | INFO httpx HTTP Request: GET https://pkg.go.dev/crypto/internal/fips140/mldsa@go1.26.3 "HTTP/1.1 200 OK"
worker-1  | INFO httpx HTTP Request: GET https://pkg.go.dev/crypto/internal/fips140/mlkem@go1.26.3 "HTTP/1.1 200 OK"
worker-1  | INFO httpx HTTP Request: GET https://pkg.go.dev/crypto/internal/fips140/nistec@go1.26.3 "HTTP/1.1 200 OK"
worker-1  | INFO httpx HTTP Request: GET https://pkg.go.dev/crypto/internal/fips140/nistec/fiat@go1.26.3 "HTTP/1.1 200 OK"
worker-3  | INFO httpx HTTP Request: GET https://doc.rust-lang.org/beta/book "HTTP/1.1 302 Moved Temporarily"
worker-1  | INFO httpx HTTP Request: GET https://pkg.go.dev/crypto/internal/fips140/pbkdf2@go1.26.3 "HTTP/1.1 200 OK"
worker-3  | INFO httpx HTTP Request: GET https://doc.rust-lang.org/doc/beta/book/ "HTTP/1.1 301 Moved Permanently"
worker-3  | INFO httpx HTTP Request: GET https://doc.rust-lang.org/beta/book/ "HTTP/1.1 200 OK"
worker-3  | INFO httpx HTTP Request: GET https://doc.rust-lang.org/nightly/book "HTTP/1.1 302 Moved Temporarily"
worker-3  | INFO httpx HTTP Request: GET https://doc.rust-lang.org/doc/nightly/book/ "HTTP/1.1 301 Moved Permanently"
worker-3  | INFO httpx HTTP Request: GET https://doc.rust-lang.org/nightly/book/ "HTTP/1.1 200 OK"
worker-2  | INFO httpx HTTP Request: GET https://docs.oracle.com/en/engineered-systems/exadata-cloud-service "HTTP/1.1 302 Moved Temporarily"
worker-2  | INFO httpx HTTP Request: GET https://docs.oracle.com/en/engineered-systems/exadata-cloud-service/ "HTTP/1.1 200 OK"
worker-2  | INFO httpx HTTP Request: GET https://docs.oracle.com/en/engineered-systems/exadata-database-exascale "HTTP/1.1 302 Moved Temporarily"
worker-2  | INFO httpx HTTP Request: GET https://docs.oracle.com/en/engineered-systems/exadata-database-exascale/ "HTTP/1.1 200 OK"
worker-1  | INFO httpx HTTP Request: GET https://pkg.go.dev/crypto/internal/fips140/rsa@go1.26.3 "HTTP/1.1 200 OK"
worker-1  | INFO httpx HTTP Request: GET https://pkg.go.dev/crypto/internal/fips140/sha256@go1.26.3 "HTTP/1.1 200 OK"
worker-3  | INFO httpx HTTP Request: GET https://github.com/rust-lang/book/releases "HTTP/1.1 200 OK"
worker-2  | INFO httpx HTTP Request: GET https://docs.oracle.com/en/cloud/paas/exadata-cloud "HTTP/1.1 302 Moved Temporarily"
worker-3  | INFO httpx HTTP Request: GET https://github.com/rust-lang/mdBook "HTTP/1.1 200 OK"
worker-1  | INFO httpx HTTP Request: GET https://pkg.go.dev/crypto/internal/fips140/sha3@go1.26.3 "HTTP/1.1 200 OK"
worker-2  | INFO httpx HTTP Request: GET https://docs.oracle.com/en/cloud/paas/exadata-cloud/ "HTTP/1.1 200 OK"
worker-3  | INFO httpx HTTP Request: GET https://github.com/rust-lang/rust/blob/HEAD/src/tools/rustbook/Cargo.toml "HTTP/1.1 200 OK"
worker-3  | INFO httpx HTTP Request: GET https://doc.rust-lang.org/edition-guide "HTTP/1.1 302 Moved Temporarily"
worker-1  | INFO httpx HTTP Request: GET https://pkg.go.dev/crypto/internal/fips140/sha512@go1.26.3 "HTTP/1.1 200 OK"
worker-2  | INFO httpx HTTP Request: GET https://docs.oracle.com/en/cloud/cloud-at-customer/exadata-cloud-at-customer "HTTP/1.1 302 Moved Temporarily"
worker-1  | INFO httpx HTTP Request: GET https://pkg.go.dev/crypto/internal/fips140/ssh@go1.26.3 "HTTP/1.1 200 OK"
worker-2  | INFO httpx HTTP Request: GET https://docs.oracle.com/en/cloud/cloud-at-customer/exadata-cloud-at-customer/ "HTTP/1.1 200 OK"
worker-1  | INFO httpx HTTP Request: GET https://pkg.go.dev/crypto/internal/fips140/subtle@go1.26.3 "HTTP/1.1 200 OK"
worker-3  | INFO httpx HTTP Request: GET https://doc.rust-lang.org/doc/stable/edition-guide/ "HTTP/1.1 301 Moved Permanently"
worker-3  | INFO httpx HTTP Request: GET https://doc.rust-lang.org/stable/edition-guide/ "HTTP/1.1 200 OK"
worker-2  | INFO httpx HTTP Request: GET https://docs.oracle.com/en/engineered-systems/zero-data-loss-recovery-appliance "HTTP/1.1 302 Moved Temporarily"
worker-2  | INFO httpx HTTP Request: GET https://docs.oracle.com/en/engineered-systems/zero-data-loss-recovery-appliance/ "HTTP/1.1 200 OK"
worker-2  | INFO httpx HTTP Request: GET https://docs.oracle.com/en/engineered-systems/oracle-database-appliance "HTTP/1.1 302 Moved Temporarily"
worker-2  | INFO httpx HTTP Request: GET https://docs.oracle.com/en/engineered-systems/oracle-database-appliance/ "HTTP/1.1 200 OK"
worker-2  | INFO httpx HTTP Request: GET https://docs.oracle.com/en/engineered-systems/private-cloud-appliance "HTTP/1.1 302 Moved Temporarily"
worker-2  | INFO httpx HTTP Request: GET https://docs.oracle.com/en/engineered-systems/private-cloud-appliance/ "HTTP/1.1 200 OK"
worker-3  | INFO httpx HTTP Request: GET https://github.com/rust-lang/mdBook/issues/5 "HTTP/1.1 200 OK"
worker-3  | INFO httpx HTTP Request: GET https://github.com/topics/rust "HTTP/1.1 429 Too Many Requests"
worker-3  | INFO httpx HTTP Request: GET https://github.com/topics/rust "HTTP/1.1 429 Too Many Requests"
worker-2  | INFO httpx HTTP Request: GET https://docs.oracle.com/en-us/iaas/compute-cloud-at-customer/home.htm "HTTP/1.1 302 Moved Temporarily"
worker-2  | INFO httpx HTTP Request: GET https://docs.oracle.com/en-us/iaas/compute-cloud-at-customer/ccc/home.htm "HTTP/1.1 200 OK"
worker-2  | INFO httpx HTTP Request: GET https://docs.oracle.com/en/engineered-systems/health-diagnostics/autonomous-health-framework "HTTP/1.1 302 Moved Temporarily"
worker-2  | INFO httpx HTTP Request: GET https://docs.oracle.com/en/engineered-systems/health-diagnostics/autonomous-health-framework/ "HTTP/1.1 200 OK"
worker-1  | INFO httpx HTTP Request: GET https://pkg.go.dev/crypto/internal/fips140/tls12@go1.26.3 "HTTP/1.1 200 OK"
worker-2  | INFO httpx HTTP Request: GET https://docs.oracle.com/en/engineered-systems/health-diagnostics/autonomous-health-framework/ahffi/index.html "HTTP/1.1 200 OK"
worker-2  | INFO httpx HTTP Request: GET https://docs.oracle.com/en/engineered-systems/health-diagnostics/autonomous-health-framework/ahflm/index.html "HTTP/1.1 200 OK"
worker-2  | INFO httpx HTTP Request: GET https://docs.oracle.com/en/engineered-systems/advanced-support-gateway "HTTP/1.1 302 Moved Temporarily"
worker-2  | INFO httpx HTTP Request: GET https://docs.oracle.com/en/engineered-systems/advanced-support-gateway/ "HTTP/1.1 200 OK"
worker-1  | INFO httpx HTTP Request: GET https://pkg.go.dev/crypto/internal/fips140/tls13@go1.26.3 "HTTP/1.1 200 OK"
worker-1  | INFO httpx HTTP Request: GET https://pkg.go.dev/crypto/internal/fips140cache@go1.26.3 "HTTP/1.1 200 OK"
worker-1  | INFO httpx HTTP Request: GET https://pkg.go.dev/crypto/internal/fips140deps@go1.26.3 "HTTP/1.1 200 OK"
worker-3  | INFO httpx HTTP Request: GET https://github.com/topics/rust "HTTP/1.1 429 Too Many Requests"
worker-3  | INFO httpx HTTP Request: GET https://github.com/topics/book "HTTP/1.1 429 Too Many Requests"
worker-1  | INFO httpx HTTP Request: GET https://pkg.go.dev/crypto/internal/fips140deps/byteorder@go1.26.3 "HTTP/1.1 200 OK"
worker-3  | INFO httpx HTTP Request: GET https://github.com/topics/book "HTTP/1.1 429 Too Many Requests"
worker-1  | INFO httpx HTTP Request: GET https://pkg.go.dev/crypto/internal/fips140deps/cpu@go1.26.3 "HTTP/1.1 200 OK"
worker-3  | INFO httpx HTTP Request: GET https://github.com/topics/book "HTTP/1.1 429 Too Many Requests"
worker-1  | INFO httpx HTTP Request: GET https://pkg.go.dev/crypto/internal/fips140deps/godebug@go1.26.3 "HTTP/1.1 200 OK"
worker-1  | INFO httpx HTTP Request: GET https://pkg.go.dev/crypto/internal/fips140deps/time@go1.26.3 "HTTP/1.1 200 OK"
worker-2  | INFO httpx HTTP Request: GET https://docs.oracle.com/en/engineered-systems/advanced-support-portal "HTTP/1.1 302 Moved Temporarily"
worker-2  | INFO httpx HTTP Request: GET https://docs.oracle.com/en/engineered-systems/advanced-support-portal/ "HTTP/1.1 200 OK"
worker-2  | INFO httpx HTTP Request: GET https://docs.oracle.com/en/engineered-systems/minicluster-s7-2 "HTTP/1.1 302 Moved Temporarily"
worker-2  | INFO httpx HTTP Request: GET https://docs.oracle.com/en/engineered-systems/minicluster-s7-2/ "HTTP/1.1 200 OK"
worker-2  | INFO httpx HTTP Request: GET https://docs.oracle.com/cd/E58626_01 "HTTP/1.1 302 Moved Temporarily"
worker-2  | INFO httpx HTTP Request: GET https://docs.oracle.com/cd/E58626_01/ "HTTP/1.1 302 Moved Temporarily"
worker-2  | INFO httpx HTTP Request: GET https://docs.oracle.com/en/engineered-systems/supercluster/m7-m8/index.html "HTTP/1.1 200 OK"
worker-2  | INFO httpx HTTP Request: GET http://docs.oracle.com/cd/E58626_01/index.html "HTTP/1.1 301 Moved Permanently"
worker-2  | INFO httpx HTTP Request: GET https://docs.oracle.com/cd/E58626_01/index.html "HTTP/1.1 302 Moved Temporarily"
worker-1  | INFO httpx HTTP Request: GET https://pkg.go.dev/crypto/internal/fips140hash@go1.26.3 "HTTP/1.1 200 OK"
worker-2  | INFO httpx HTTP Request: GET https://docs.oracle.com/en/engineered-systems/supercluster/m7-m8/index.html "HTTP/1.1 200 OK"
worker-2  | INFO httpx HTTP Request: GET http://docs.oracle.com/cd/E41531_01/index.html "HTTP/1.1 301 Moved Permanently"
worker-2  | INFO httpx HTTP Request: GET https://docs.oracle.com/cd/E41531_01/index.html "HTTP/1.1 200 OK"
worker-2  | INFO httpx HTTP Request: GET http://docs.oracle.com/cd/E40166_01/index.html "HTTP/1.1 301 Moved Permanently"
worker-2  | INFO httpx HTTP Request: GET https://docs.oracle.com/cd/E40166_01/index.html "HTTP/1.1 200 OK"
worker-3  | INFO httpx HTTP Request: GET https://github.com/topics/mdbook "HTTP/1.1 429 Too Many Requests"
worker-3  | INFO httpx HTTP Request: GET https://github.com/topics/mdbook "HTTP/1.1 429 Too Many Requests"
worker-1  | INFO httpx HTTP Request: GET https://pkg.go.dev/crypto/internal/fips140only@go1.26.3 "HTTP/1.1 200 OK"
worker-3  | INFO httpx HTTP Request: GET https://github.com/topics/mdbook "HTTP/1.1 429 Too Many Requests"
worker-3  | INFO httpx HTTP Request: GET https://github.com/topics/rust-programming-language "HTTP/1.1 429 Too Many Requests"
worker-3  | INFO httpx HTTP Request: GET https://github.com/topics/rust-programming-language "HTTP/1.1 429 Too Many Requests"
worker-2  | INFO httpx HTTP Request: GET http://docs.oracle.com/cd/E21659_01/index.html "HTTP/1.1 301 Moved Permanently"
worker-2  | INFO httpx HTTP Request: GET https://docs.oracle.com/cd/E21659_01/index.html "HTTP/1.1 200 OK"
worker-2  | INFO httpx HTTP Request: GET https://docs.oracle.com/cd/E18476_01/index.htm "HTTP/1.1 200 OK"
worker-2  | INFO httpx HTTP Request: GET https://docs.oracle.com/cd/exalytics-in-mem-2.2 "HTTP/1.1 302 Moved Temporarily"
worker-2  | INFO httpx HTTP Request: GET https://docs.oracle.com/cd/exalytics-in-mem-2.2/ "HTTP/1.1 200 OK"
worker-3  | INFO httpx HTTP Request: GET https://github.com/topics/rust-programming-language "HTTP/1.1 429 Too Many Requests"
worker-3  | INFO httpx HTTP Request: GET https://github.com/rust-lang/book/activity "HTTP/1.1 200 OK"
worker-2  | INFO httpx HTTP Request: GET https://docs.oracle.com/cd/E72784_01/index.htm "HTTP/1.1 200 OK"
worker-2  | INFO httpx HTTP Request: GET https://docs.oracle.com/cd/E62968_01/index.htm "HTTP/1.1 200 OK"
worker-2  | INFO httpx HTTP Request: GET https://docs.oracle.com/cd/E56045_01/index.htm "HTTP/1.1 200 OK"
worker-2  | INFO httpx HTTP Request: GET https://docs.oracle.com/cd/E49626_01/index.htm "HTTP/1.1 200 OK"
worker-2  | INFO httpx HTTP Request: GET https://docs.oracle.com/cd/E41246_01/index.htm "HTTP/1.1 200 OK"
worker-2  | INFO httpx HTTP Request: GET https://docs.oracle.com/cd/E27027_01/index.htm "HTTP/1.1 200 OK"
worker-1  | INFO httpx HTTP Request: GET https://pkg.go.dev/crypto/internal/impl@go1.26.3 "HTTP/1.1 200 OK"
worker-1  | INFO httpx HTTP Request: GET https://pkg.go.dev/crypto/internal/rand@go1.26.3 "HTTP/1.1 200 OK"
worker-3  | INFO httpx HTTP Request: GET https://github.com/rust-lang/book/custom-properties "HTTP/1.1 200 OK"
worker-2  | INFO httpx HTTP Request: GET https://docs.oracle.com/en/bigdata/big-data-appliance "HTTP/1.1 302 Moved Temporarily"
worker-2  | INFO httpx HTTP Request: GET https://docs.oracle.com/en/bigdata/big-data-appliance/ "HTTP/1.1 200 OK"
worker-2  | INFO httpx HTTP Request: GET https://docs.oracle.com/en/enterprise-manager/cloud-control/enterprise-manager-cloud-control/13.4/engineered.html "HTTP/1.1 200 OK"
worker-2  | INFO httpx HTTP Request: GET https://docs.oracle.com/en/engineered-systems/migration/index.html "HTTP/1.1 200 OK"
worker-2  | INFO httpx HTTP Request: GET https://docs.oracle.com/en-us/iaas/oracle-api-access-control/doc/overview-of-api-access-control.html "HTTP/1.1 200 OK"
worker-3  | INFO httpx HTTP Request: GET https://github.com/rust-lang/book/stargazers "HTTP/1.1 200 OK"
worker-2  | INFO httpx HTTP Request: GET https://www.youtube.com/watch?v=-kzyH4LzP3c "HTTP/1.1 200 OK"
worker-2  | INFO httpx HTTP Request: GET https://docs.oracle.com/en-us/iaas/delegate-access-control/index.html "HTTP/1.1 200 OK"
worker-1  | INFO httpx HTTP Request: GET https://pkg.go.dev/crypto/internal/randutil@go1.26.3 "HTTP/1.1 200 OK"
worker-2  | INFO httpx HTTP Request: GET https://www.youtube.com/watch?v=fwKtfp3aNuk "HTTP/1.1 200 OK"
worker-1  | INFO httpx HTTP Request: GET https://pkg.go.dev/crypto/internal/sysrand@go1.26.3 "HTTP/1.1 200 OK"
worker-2  | INFO httpx HTTP Request: GET https://docs.oracle.com/en/cloud/paas/operator-access-control/exops/overview-of-operator-access-control.html "HTTP/1.1 200 OK"
worker-1  | INFO httpx HTTP Request: GET https://pkg.go.dev/crypto/internal/sysrand/internal/seccomp@go1.26.3 "HTTP/1.1 200 OK"
worker-1  | INFO httpx HTTP Request: GET https://pkg.go.dev/crypto/md5@go1.26.3 "HTTP/1.1 200 OK"
worker-1  | INFO httpx HTTP Request: GET https://pkg.go.dev/crypto/mlkem@go1.26.3 "HTTP/1.1 200 OK"
worker-1  | INFO httpx HTTP Request: GET https://pkg.go.dev/crypto/mlkem/mlkemtest@go1.26.3 "HTTP/1.1 200 OK"
worker-3  | INFO httpx HTTP Request: GET https://github.com/rust-lang/book/watchers "HTTP/1.1 200 OK"
worker-1  | INFO httpx HTTP Request: GET https://pkg.go.dev/crypto/pbkdf2@go1.26.3 "HTTP/1.1 200 OK"
worker-1  | INFO httpx HTTP Request: GET https://pkg.go.dev/crypto/rand@go1.26.3 "HTTP/1.1 200 OK"
worker-1  | INFO httpx HTTP Request: GET https://pkg.go.dev/crypto/rc4@go1.26.3 "HTTP/1.1 200 OK"
worker-1  | INFO httpx HTTP Request: GET https://pkg.go.dev/crypto/rsa@go1.26.3 "HTTP/1.1 200 OK"
worker-1  | INFO httpx HTTP Request: GET https://pkg.go.dev/crypto/sha1@go1.26.3 "HTTP/1.1 200 OK"
worker-2  | INFO httpx HTTP Request: GET https://www.youtube.com/watch?v=ZCLMs_kgSr4 "HTTP/1.1 200 OK"
worker-2  | INFO httpx HTTP Request: GET https://docs.oracle.com/en/servers/sparc.html "HTTP/1.1 200 OK"
worker-2  | INFO httpx HTTP Request: GET https://docs.oracle.com/en/servers/netra.html "HTTP/1.1 200 OK"
worker-2  | INFO httpx HTTP Request: GET https://docs.oracle.com/en/servers/management.html "HTTP/1.1 200 OK"
worker-2  | INFO httpx HTTP Request: GET https://docs.oracle.com/en/servers/options.html "HTTP/1.1 200 OK"
worker-2  | INFO httpx HTTP Request: GET https://docs.oracle.com/en/servers/diagnostics.html "HTTP/1.1 200 OK"
worker-2  | INFO httpx HTTP Request: GET https://docs.oracle.com/en/servers/x86/x9-2/index.html "HTTP/1.1 200 OK"
worker-3  | INFO httpx HTTP Request: GET https://github.com/rust-lang/book/forks "HTTP/1.1 200 OK"
worker-3  | INFO httpx HTTP Request: GET https://github.com/contact/report-content?content_url=https://github.com/rust-lang/book&report=rust-lang+(user) "HTTP/1.1 302 Found"
worker-3  | INFO httpx HTTP Request: GET https://support.github.com/contact/report-abuse?category=report-content&report=rust-lang&report_content_url=https%3A%2F%2Fgithub.com%2Frust-lang%2Fbook&report_id=5430905&report_type=content "HTTP/1.1 302 Found"
worker-2  | INFO httpx HTTP Request: GET https://docs.oracle.com/en/servers/x86/x9-2l/index.html "HTTP/1.1 200 OK"
worker-1  | INFO httpx HTTP Request: GET https://pkg.go.dev/crypto/sha256@go1.26.3 "HTTP/1.1 200 OK"
worker-2  | INFO httpx HTTP Request: GET https://docs.oracle.com/en/servers/x86/x8-8/index.html "HTTP/1.1 200 OK"
worker-2  | INFO httpx HTTP Request: GET https://docs.oracle.com/en/servers/x86/x8-2/index.html "HTTP/1.1 200 OK"
worker-2  | INFO httpx HTTP Request: GET https://docs.oracle.com/en/servers/x86/x8-2l/index.html "HTTP/1.1 200 OK"
worker-2  | INFO httpx HTTP Request: GET https://docs.oracle.com/en/servers/x86/x7-8/index.html "HTTP/1.1 200 OK"
worker-1  | INFO httpx HTTP Request: GET https://pkg.go.dev/crypto/sha3@go1.26.3 "HTTP/1.1 200 OK"
worker-1  | INFO httpx HTTP Request: GET https://pkg.go.dev/crypto/sha512@go1.26.3 "HTTP/1.1 200 OK"
worker-1  | INFO httpx HTTP Request: GET https://pkg.go.dev/crypto/subtle@go1.26.3 "HTTP/1.1 200 OK"
worker-2  | INFO httpx HTTP Request: GET https://docs.oracle.com/en/servers/x86/x7-2/index.html "HTTP/1.1 200 OK"
worker-2  | INFO httpx HTTP Request: GET https://docs.oracle.com/en/servers/x86/x7-2l "HTTP/1.1 302 Moved Temporarily"
worker-2  | INFO httpx HTTP Request: GET https://docs.oracle.com/en/servers/x86/x7-2l/ "HTTP/1.1 200 OK"
worker-3  | INFO httpx HTTP Request: GET https://support.github.com/request/landing "HTTP/1.1 200 OK"
worker-3  | INFO httpx HTTP Request: GET https://github.com/rust-lang/book/releases/tag/nostarch-third-printing "HTTP/1.1 200 OK"
worker-3  | INFO httpx HTTP Request: GET https://github.com/orgs/rust-lang/packages?repo_name=book "HTTP/1.1 200 OK"
worker-2  | INFO httpx HTTP Request: GET https://docs.oracle.com/en/servers/previousreleases.html "HTTP/1.1 200 OK"
worker-3  | INFO httpx HTTP Request: GET https://github.com/rust-lang/book/graphs/contributors "HTTP/1.1 200 OK"
worker-3  | INFO httpx HTTP Request: GET https://github.com/rust-lang/book/search?l=rust "HTTP/1.1 302 Found"
worker-1  | INFO httpx HTTP Request: GET https://pkg.go.dev/crypto/tls@go1.26.3 "HTTP/1.1 200 OK"
worker-1  | INFO httpx HTTP Request: GET https://pkg.go.dev/crypto/tls/internal/fips140tls@go1.26.3 "HTTP/1.1 200 OK"
worker-1  | INFO httpx HTTP Request: GET https://pkg.go.dev/crypto/x509@go1.26.3 "HTTP/1.1 200 OK"
worker-1  | INFO httpx HTTP Request: GET https://pkg.go.dev/crypto/x509/internal/macos@go1.26.3 "HTTP/1.1 200 OK"
worker-1  | INFO httpx HTTP Request: GET https://pkg.go.dev/crypto/x509/pkix@go1.26.3 "HTTP/1.1 200 OK"
worker-1  | INFO httpx HTTP Request: GET https://pkg.go.dev/database/sql@go1.26.3 "HTTP/1.1 200 OK"
worker-3  | INFO httpx HTTP Request: GET https://github.com/search?q=repo%3Arust-lang%2Fbook++language%3ARust "HTTP/1.1 200 OK"
worker-3  | INFO httpx HTTP Request: GET https://github.com/rust-lang/book/search?l=xslt "HTTP/1.1 302 Found"
worker-2  | INFO httpx HTTP Request: GET http://docs.oracle.com/cd/E19127-01/index.html "HTTP/1.1 301 Moved Permanently"
worker-2  | INFO httpx HTTP Request: GET https://docs.oracle.com/cd/E19127-01/index.html "HTTP/1.1 200 OK"
worker-1  | INFO httpx HTTP Request: GET https://pkg.go.dev/database/sql/driver@go1.26.3 "HTTP/1.1 200 OK"
worker-1  | INFO httpx HTTP Request: GET https://pkg.go.dev/debug/buildinfo@go1.26.3 "HTTP/1.1 200 OK"
worker-1  | INFO httpx HTTP Request: GET https://pkg.go.dev/debug/dwarf@go1.26.3 "HTTP/1.1 200 OK"
worker-1  | INFO httpx HTTP Request: GET https://pkg.go.dev/debug/elf@go1.26.3 "HTTP/1.1 200 OK"
worker-3  | INFO httpx HTTP Request: GET https://github.com/search?q=repo%3Arust-lang%2Fbook++language%3AXSLT "HTTP/1.1 200 OK"
worker-1  | INFO httpx HTTP Request: GET https://pkg.go.dev/debug/gosym@go1.26.3 "HTTP/1.1 200 OK"
worker-2  | INFO httpx HTTP Request: GET https://docs.oracle.com/en/networking/virtual.html "HTTP/1.1 200 OK"
worker-3  | INFO httpx HTTP Request: GET https://github.com/rust-lang/book/search?l=shell "HTTP/1.1 302 Found"
worker-3  | INFO httpx HTTP Request: GET https://github.com/search?q=repo%3Arust-lang%2Fbook++language%3AShell "HTTP/1.1 200 OK"
worker-3  | INFO httpx HTTP Request: GET https://github.com/rust-lang/book/search?l=html "HTTP/1.1 302 Found"
worker-1  | INFO httpx HTTP Request: GET https://pkg.go.dev/debug/macho@go1.26.3 "HTTP/1.1 200 OK"
worker-1  | INFO httpx HTTP Request: GET https://pkg.go.dev/debug/pe@go1.26.3 "HTTP/1.1 200 OK"
worker-1  | INFO httpx HTTP Request: GET https://pkg.go.dev/debug/plan9obj@go1.26.3 "HTTP/1.1 200 OK"
worker-3  | INFO httpx HTTP Request: GET https://github.com/search?q=repo%3Arust-lang%2Fbook++language%3AHTML "HTTP/1.1 200 OK"
worker-1  | INFO httpx HTTP Request: GET https://pkg.go.dev/embed@go1.26.3 "HTTP/1.1 200 OK"
worker-3  | INFO httpx HTTP Request: GET https://docs.github.com/site-policy/github-terms/github-terms-of-service "HTTP/1.1 302 Found"
worker-3  | INFO httpx HTTP Request: GET https://docs.github.com/en/site-policy/github-terms/github-terms-of-service "HTTP/1.1 200 OK"
worker-3  | INFO httpx HTTP Request: GET https://docs.github.com/site-policy/privacy-policies/github-privacy-statement "HTTP/1.1 302 Found"
worker-1  | INFO httpx HTTP Request: GET https://pkg.go.dev/encoding@go1.26.3 "HTTP/1.1 200 OK"
worker-1  | INFO httpx HTTP Request: GET https://pkg.go.dev/encoding/ascii85@go1.26.3 "HTTP/1.1 200 OK"
worker-1  | INFO httpx HTTP Request: GET https://pkg.go.dev/encoding/asn1@go1.26.3 "HTTP/1.1 200 OK"
worker-3  | INFO httpx HTTP Request: GET https://docs.github.com/en/site-policy/privacy-policies/github-general-privacy-statement "HTTP/1.1 200 OK"
worker-1  | INFO httpx HTTP Request: GET https://pkg.go.dev/encoding/base32@go1.26.3 "HTTP/1.1 200 OK"
worker-2  | INFO httpx HTTP Request: GET https://docs.oracle.com/en/networking/ethernet.html "HTTP/1.1 200 OK"
worker-2  | INFO httpx HTTP Request: GET https://docs.oracle.com/en/networking/storage.html "HTTP/1.1 200 OK"
worker-2  | INFO httpx HTTP Request: GET https://docs.oracle.com/en/networking/infiniband.html "HTTP/1.1 200 OK"
worker-3  | INFO httpx HTTP Request: GET https://github.com/security "HTTP/1.1 200 OK"
worker-2  | INFO httpx HTTP Request: GET https://oracle-samples.github.io/oltrain/OLVM/olvm.html "HTTP/1.1 200 OK"
worker-1  | INFO httpx HTTP Request: GET https://pkg.go.dev/encoding/base64@go1.26.3 "HTTP/1.1 200 OK"
worker-1  | INFO httpx HTTP Request: GET https://pkg.go.dev/encoding/binary@go1.26.3 "HTTP/1.1 200 OK"
worker-1  | INFO httpx HTTP Request: GET https://pkg.go.dev/encoding/csv@go1.26.3 "HTTP/1.1 200 OK"
worker-1  | INFO httpx HTTP Request: GET https://pkg.go.dev/encoding/gob@go1.26.3 "HTTP/1.1 200 OK"
worker-1  | INFO httpx HTTP Request: GET https://pkg.go.dev/encoding/hex@go1.26.3 "HTTP/1.1 200 OK"
worker-1  | INFO httpx HTTP Request: GET https://pkg.go.dev/encoding/json@go1.26.3 "HTTP/1.1 200 OK"
worker-1  | INFO httpx HTTP Request: GET https://pkg.go.dev/encoding/json/jsontext@go1.26.3 "HTTP/1.1 200 OK"
worker-1  | INFO httpx HTTP Request: GET https://pkg.go.dev/encoding/json/v2@go1.26.3 "HTTP/1.1 200 OK"
worker-2  | INFO httpx HTTP Request: GET https://oracle-samples.github.io/oltrain/tracks/vbox "HTTP/1.1 301 Moved Permanently"
worker-2  | INFO httpx HTTP Request: GET https://oracle-samples.github.io/oltrain/tracks/vbox/ "HTTP/1.1 200 OK"
worker-2  | INFO httpx HTTP Request: GET https://support.oracle.com/portal "HTTP/1.1 302 Moved Temporarily"
worker-3  | INFO httpx HTTP Request: GET https://www.githubstatus.com/ "HTTP/1.1 200 OK"
worker-3  | INFO httpx HTTP Request: GET https://github.community/ "HTTP/1.1 301 Moved Permanently"
worker-3  | INFO httpx HTTP Request: GET https://github.com/orgs/community/discussions/ "HTTP/1.1 200 OK"
worker-3  | INFO httpx HTTP Request: GET https://support.github.com/?tags=dotcom-footer "HTTP/1.1 302 Found"
worker-3  | INFO httpx HTTP Request: GET https://support.github.com/request/landing "HTTP/1.1 200 OK"
worker-2  | INFO httpx HTTP Request: GET https://support.oracle.com/signin "HTTP/1.1 200 OK"
worker-2  | INFO httpx HTTP Request: GET https://edelivery.oracle.com/osdc/faces/Home.jspx;jsessionid=5X5Ccn5tEBdVYoGpaMintB1cqZhMg9WxzQxL2FhnIycDNPo8MGX5!121983910 "HTTP/1.1 403 Forbidden"
worker-1  | INFO httpx HTTP Request: GET https://pkg.go.dev/encoding/pem@go1.26.3 "HTTP/1.1 200 OK"
worker-3  | INFO httpx HTTP Request: GET https://doc.rust-lang.org/book/ch01-00-getting-started.html "HTTP/1.1 200 OK"
worker-3  | INFO httpx HTTP Request: GET https://doc.rust-lang.org/book/ch01-02-hello-world.html "HTTP/1.1 200 OK"
worker-2  | INFO httpx HTTP Request: GET https://docs.oracle.com/en/virtualization/oracle-linux-virtualization-manager/index.html "HTTP/1.1 200 OK"
worker-3  | INFO httpx HTTP Request: GET https://doc.rust-lang.org/book/appendix-04-useful-development-tools.html "HTTP/1.1 200 OK"
worker-1  | INFO httpx HTTP Request: GET https://pkg.go.dev/encoding/xml@go1.26.3 "HTTP/1.1 200 OK"
worker-1  | INFO httpx HTTP Request: GET https://pkg.go.dev/errors@go1.26.3 "HTTP/1.1 200 OK"
worker-1  | INFO httpx HTTP Request: GET https://pkg.go.dev/expvar@go1.26.3 "HTTP/1.1 200 OK"
worker-2  | INFO httpx HTTP Request: GET https://docs.oracle.com/en/operating-systems/oracle-linux/9/kvm-user "HTTP/1.1 302 Moved Temporarily"
worker-1  | INFO httpx HTTP Request: GET https://pkg.go.dev/flag@go1.26.3 "HTTP/1.1 200 OK"
worker-1  | INFO httpx HTTP Request: GET https://pkg.go.dev/fmt@go1.26.3 "HTTP/1.1 200 OK"
worker-1  | INFO httpx HTTP Request: GET https://pkg.go.dev/go/ast@go1.26.3 "HTTP/1.1 200 OK"
worker-3  | INFO httpx HTTP Request: GET https://doc.rust-lang.org/stable/book/print.html "HTTP/1.1 200 OK"
worker-1  | INFO httpx HTTP Request: GET https://pkg.go.dev/go/build@go1.26.3 "HTTP/1.1 200 OK"
worker-2  | INFO httpx HTTP Request: GET https://docs.oracle.com/en/operating-systems/oracle-linux/9/kvm-user/ "HTTP/1.1 200 OK"
worker-2  | INFO httpx HTTP Request: GET https://docs.oracle.com/en/operating-systems/oracle-linux/kvm-virtio "HTTP/1.1 302 Moved Temporarily"
worker-2  | INFO httpx HTTP Request: GET https://docs.oracle.com/en/operating-systems/oracle-linux/kvm-virtio/ "HTTP/1.1 200 OK"
worker-3  | INFO httpx HTTP Request: GET https://doc.rust-lang.org/stable/book/ch01-01-installation.html "HTTP/1.1 200 OK"
worker-3  | INFO httpx HTTP Request: GET https://doc.rust-lang.org/stable/book/appendix-05-editions.html "HTTP/1.1 200 OK"
worker-3  | INFO httpx HTTP Request: GET https://doc.rust-lang.org/stable/book/appendix-06-translation.html "HTTP/1.1 200 OK"
worker-2  | INFO httpx HTTP Request: GET https://docs.oracle.com/en/virtualization/virtualbox/index.html "HTTP/1.1 200 OK"
worker-2  | INFO httpx HTTP Request: GET https://docs.oracle.com/en/virtualization/legacy-products/index.html "HTTP/1.1 200 OK"
worker-2  | INFO httpx HTTP Request: GET https://docs.oracle.com/en/storage/zfs-storage/zfs-appliance/os8-8-x/index.html "HTTP/1.1 200 OK"
worker-2  | INFO httpx HTTP Request: GET https://docs.oracle.com/cd/E91275_01/index.html "HTTP/1.1 200 OK"
worker-1  | INFO httpx HTTP Request: GET https://pkg.go.dev/go/build/constraint@go1.26.3 "HTTP/1.1 200 OK"
worker-2  | INFO httpx HTTP Request: GET http://docs.oracle.com/cd/E79446_01/index.html "HTTP/1.1 301 Moved Permanently"
worker-1  | INFO httpx HTTP Request: GET https://pkg.go.dev/go/constant@go1.26.3 "HTTP/1.1 200 OK"
worker-2  | INFO httpx HTTP Request: GET https://docs.oracle.com/cd/E79446_01/index.html "HTTP/1.1 200 OK"
worker-1  | INFO httpx HTTP Request: GET https://pkg.go.dev/go/doc@go1.26.3 "HTTP/1.1 200 OK"
worker-1  | INFO httpx HTTP Request: GET https://pkg.go.dev/go/doc/comment@go1.26.3 "HTTP/1.1 200 OK"
worker-1  | INFO httpx HTTP Request: GET https://pkg.go.dev/go/format@go1.26.3 "HTTP/1.1 200 OK"
worker-1  | INFO httpx HTTP Request: GET https://pkg.go.dev/go/importer@go1.26.3 "HTTP/1.1 200 OK"
worker-2  | INFO httpx HTTP Request: GET http://docs.oracle.com/cd/E78901_01/index.html "HTTP/1.1 301 Moved Permanently"
worker-1  | INFO httpx HTTP Request: GET https://pkg.go.dev/go/internal/gccgoimporter@go1.26.3 "HTTP/1.1 200 OK"
worker-1  | INFO httpx HTTP Request: GET https://pkg.go.dev/go/internal/gcimporter@go1.26.3 "HTTP/1.1 200 OK"
worker-1  | INFO httpx HTTP Request: GET https://pkg.go.dev/go/internal/scannerhooks@go1.26.3 "HTTP/1.1 200 OK"
worker-2  | INFO httpx HTTP Request: GET https://docs.oracle.com/cd/E78901_01/index.html "HTTP/1.1 200 OK"
worker-1  | INFO httpx HTTP Request: GET https://pkg.go.dev/go/internal/srcimporter@go1.26.3 "HTTP/1.1 200 OK"
worker-2  | INFO httpx HTTP Request: GET https://docs.oracle.com/cd/E60428_01 "HTTP/1.1 302 Moved Temporarily"
worker-1  | INFO httpx HTTP Request: GET https://pkg.go.dev/go/parser@go1.26.3 "HTTP/1.1 200 OK"
worker-2  | INFO httpx HTTP Request: GET https://docs.oracle.com/cd/E60428_01/ "HTTP/1.1 200 OK"
worker-1  | INFO httpx HTTP Request: GET https://pkg.go.dev/go/printer@go1.26.3 "HTTP/1.1 200 OK"
worker-3  | INFO httpx HTTP Request: GET https://doc.rust-lang.org/stable/book/foreword.html "HTTP/1.1 200 OK"
worker-2  | INFO httpx HTTP Request: GET https://docs.oracle.com/cd/E60429_01 "HTTP/1.1 302 Moved Temporarily"
worker-3  | INFO httpx HTTP Request: GET https://doc.rust-lang.org/book/appendix-07-nightly-rust.html "HTTP/1.1 200 OK"
worker-2  | INFO httpx HTTP Request: GET https://docs.oracle.com/cd/E60429_01/ "HTTP/1.1 200 OK"
worker-3  | INFO httpx HTTP Request: GET https://nostarch.com/mailchimp/subscribe "HTTP/1.1 200 OK"
worker-3  | INFO httpx HTTP Request: GET https://nostarch.com/catalog.htm "HTTP/1.1 200 OK"
worker-3  | INFO httpx HTTP Request: GET https://nostarch.com/new "HTTP/1.1 200 OK"
worker-1  | INFO httpx HTTP Request: GET https://pkg.go.dev/go/scanner@go1.26.3 "HTTP/1.1 200 OK"
worker-1  | INFO httpx HTTP Request: GET https://pkg.go.dev/go/token@go1.26.3 "HTTP/1.1 200 OK"
worker-1  | INFO httpx HTTP Request: GET https://pkg.go.dev/go/types@go1.26.3 "HTTP/1.1 200 OK"
worker-2  | INFO httpx HTTP Request: GET https://docs.oracle.com/cd/E71909_01/index.html "HTTP/1.1 200 OK"
worker-2  | INFO httpx HTTP Request: GET https://docs.oracle.com/cd/E76475_01/index.html "HTTP/1.1 200 OK"
worker-2  | INFO httpx HTTP Request: GET https://docs.oracle.com/cd/F24631_01/index.html "HTTP/1.1 200 OK"
worker-3  | INFO httpx HTTP Request: GET https://nostarch.com/upcoming.htm "HTTP/1.1 200 OK"
worker-2  | INFO httpx HTTP Request: GET http://docs.oracle.com/cd/E57980_15/index.htm "HTTP/1.1 301 Moved Permanently"
worker-3  | INFO httpx HTTP Request: GET https://nostarch.com/catalog/early-access "HTTP/1.1 200 OK"
worker-2  | INFO httpx HTTP Request: GET https://docs.oracle.com/cd/E57980_15/index.htm "HTTP/1.1 200 OK"
worker-1  | INFO httpx HTTP Request: GET https://pkg.go.dev/go/version@go1.26.3 "HTTP/1.1 200 OK"
worker-1  | INFO httpx HTTP Request: GET https://pkg.go.dev/hash@go1.26.3 "HTTP/1.1 200 OK"
worker-3  | INFO httpx HTTP Request: GET https://nostarch.com/cart "HTTP/1.1 200 OK"
worker-1  | INFO httpx HTTP Request: GET https://pkg.go.dev/hash/adler32@go1.26.3 "HTTP/1.1 200 OK"
worker-3  | INFO httpx HTTP Request: GET https://nostarch.com/catalog/ai-machine-learning "HTTP/1.1 200 OK"
worker-1  | INFO httpx HTTP Request: GET https://pkg.go.dev/hash/crc32@go1.26.3 "HTTP/1.1 200 OK"
worker-1  | INFO httpx HTTP Request: GET https://pkg.go.dev/hash/crc64@go1.26.3 "HTTP/1.1 200 OK"
worker-2  | INFO httpx HTTP Request: GET http://docs.oracle.com/cd/E65650_01/index.htm "HTTP/1.1 301 Moved Permanently"
worker-2  | INFO httpx HTTP Request: GET https://docs.oracle.com/cd/E65650_01/index.htm "HTTP/1.1 200 OK"
worker-2  | INFO httpx HTTP Request: GET http://docs.oracle.com/cd/E66736_01/index.htm "HTTP/1.1 301 Moved Permanently"
worker-2  | INFO httpx HTTP Request: GET https://docs.oracle.com/cd/E66736_01/index.htm "HTTP/1.1 200 OK"
worker-3  | INFO httpx HTTP Request: GET https://nostarch.com/catalog/art-photography-design "HTTP/1.1 200 OK"
worker-3  | INFO httpx HTTP Request: GET https://nostarch.com/catalog/computer-science "HTTP/1.1 200 OK"
worker-2  | INFO httpx HTTP Request: GET http://docs.oracle.com/cd/E66737_01/index.htm "HTTP/1.1 301 Moved Permanently"
worker-3  | INFO httpx HTTP Request: GET https://nostarch.com/catalog/general-computing "HTTP/1.1 200 OK"
worker-2  | INFO httpx HTTP Request: GET https://docs.oracle.com/cd/E66737_01/index.htm "HTTP/1.1 200 OK"
worker-3  | INFO httpx HTTP Request: GET https://nostarch.com/catalog/security "HTTP/1.1 200 OK"
worker-1  | INFO httpx HTTP Request: GET https://pkg.go.dev/hash/fnv@go1.26.3 "HTTP/1.1 200 OK"
worker-3  | INFO httpx HTTP Request: GET https://nostarch.com/catalog/hardware-and-diy "HTTP/1.1 200 OK"
worker-2  | INFO httpx HTTP Request: GET http://docs.oracle.com/cd/F10270_01/index.htm "HTTP/1.1 301 Moved Permanently"
worker-1  | INFO httpx HTTP Request: GET https://pkg.go.dev/hash/maphash@go1.26.3 "HTTP/1.1 200 OK"
worker-2  | INFO httpx HTTP Request: GET https://docs.oracle.com/cd/F10270_01/index.htm "HTTP/1.1 200 OK"
worker-1  | INFO httpx HTTP Request: GET https://pkg.go.dev/html@go1.26.3 "HTTP/1.1 200 OK"
worker-1  | INFO httpx HTTP Request: GET https://pkg.go.dev/html/template@go1.26.3 "HTTP/1.1 200 OK"
worker-2  | INFO httpx HTTP Request: GET http://docs.oracle.com/cd/E58085_04/index.htm "HTTP/1.1 301 Moved Permanently"
worker-2  | INFO httpx HTTP Request: GET https://docs.oracle.com/cd/E58085_04/index.htm "HTTP/1.1 200 OK"
worker-2  | INFO httpx HTTP Request: GET http://docs.oracle.com/cd/E57633_02/index.htm "HTTP/1.1 301 Moved Permanently"
worker-1  | INFO httpx HTTP Request: GET https://pkg.go.dev/image@go1.26.3 "HTTP/1.1 200 OK"
worker-1  | INFO httpx HTTP Request: GET https://pkg.go.dev/image/color@go1.26.3 "HTTP/1.1 200 OK"
worker-1  | INFO httpx HTTP Request: GET https://pkg.go.dev/image/color/palette@go1.26.3 "HTTP/1.1 200 OK"
worker-2  | INFO httpx HTTP Request: GET https://docs.oracle.com/cd/E57633_02/index.htm "HTTP/1.1 200 OK"
worker-2  | INFO httpx HTTP Request: GET http://docs.oracle.com/cd/E71191_01/E71192_01/E71192_01.pdf "HTTP/1.1 301 Moved Permanently"
worker-2  | INFO httpx HTTP Request: GET https://docs.oracle.com/cd/E71191_01/E71192_01/E71192_01.pdf "HTTP/1.1 200 OK"
worker-3  | INFO httpx HTTP Request: GET https://nostarch.com/catalog/kids "HTTP/1.1 200 OK"
worker-1  | INFO httpx HTTP Request: GET https://pkg.go.dev/image/draw@go1.26.3 "HTTP/1.1 200 OK"
worker-3  | INFO httpx HTTP Request: GET https://nostarch.com/catalog/lego "HTTP/1.1 200 OK"
worker-1  | INFO httpx HTTP Request: GET https://pkg.go.dev/image/gif@go1.26.3 "HTTP/1.1 200 OK"
worker-3  | INFO httpx HTTP Request: GET https://nostarch.com/catalog/linux-bsd-unix "HTTP/1.1 200 OK"
worker-2  | INFO httpx HTTP Request: GET http://docs.oracle.com/cd/E39446_01/index.htm "HTTP/1.1 301 Moved Permanently"
worker-1  | INFO httpx HTTP Request: GET https://pkg.go.dev/image/internal/imageutil@go1.26.3 "HTTP/1.1 200 OK"
worker-1  | INFO httpx HTTP Request: GET https://pkg.go.dev/image/jpeg@go1.26.3 "HTTP/1.1 200 OK"
worker-1  | INFO httpx HTTP Request: GET https://pkg.go.dev/image/png@go1.26.3 "HTTP/1.1 200 OK"
worker-2  | INFO httpx HTTP Request: GET https://docs.oracle.com/cd/E39446_01/index.htm "HTTP/1.1 200 OK"
worker-2  | INFO httpx HTTP Request: GET http://docs.oracle.com/cd/E29307_01/index.htm "HTTP/1.1 301 Moved Permanently"
worker-2  | INFO httpx HTTP Request: GET https://docs.oracle.com/cd/E29307_01/index.htm "HTTP/1.1 200 OK"
worker-2  | INFO httpx HTTP Request: GET http://docs.oracle.com/cd/E27438_01/index.htm "HTTP/1.1 301 Moved Permanently"
worker-3  | INFO httpx HTTP Request: GET https://nostarch.com/catalog/manga "HTTP/1.1 200 OK"
worker-3  | INFO httpx HTTP Request: GET https://nostarch.com/catalog/programming "HTTP/1.1 200 OK"
worker-2  | INFO httpx HTTP Request: GET https://docs.oracle.com/cd/E27438_01/index.htm "HTTP/1.1 200 OK"
worker-3  | INFO httpx HTTP Request: GET https://nostarch.com/catalog/python "HTTP/1.1 200 OK"
worker-2  | INFO httpx HTTP Request: GET http://docs.oracle.com/cd/E58087_02/index.htm "HTTP/1.1 301 Moved Permanently"
worker-3  | INFO httpx HTTP Request: GET https://nostarch.com/catalog/science-math "HTTP/1.1 200 OK"
worker-2  | INFO httpx HTTP Request: GET https://docs.oracle.com/cd/E58087_02/index.htm "HTTP/1.1 200 OK"
worker-2  | INFO httpx HTTP Request: GET http://docs.oracle.com/cd/E29423_02/index.htm "HTTP/1.1 301 Moved Permanently"
worker-2  | INFO httpx HTTP Request: GET https://docs.oracle.com/cd/E29423_02/index.htm "HTTP/1.1 200 OK"
worker-2  | INFO httpx HTTP Request: GET http://docs.oracle.com/cd/E28661_05/index.htm "HTTP/1.1 301 Moved Permanently"
worker-2  | INFO httpx HTTP Request: GET https://docs.oracle.com/cd/E28661_05/index.htm "HTTP/1.1 200 OK"
worker-1  | INFO httpx HTTP Request: GET https://pkg.go.dev/index/suffixarray@go1.26.3 "HTTP/1.1 200 OK"
worker-1  | INFO httpx HTTP Request: GET https://pkg.go.dev/internal/abi@go1.26.3 "HTTP/1.1 200 OK"
worker-1  | INFO httpx HTTP Request: GET https://pkg.go.dev/internal/asan@go1.26.3 "HTTP/1.1 200 OK"
worker-3  | INFO httpx HTTP Request: GET https://nostarch.com/catalog/system-administration "HTTP/1.1 200 OK"
worker-3  | INFO httpx HTTP Request: GET https://nostarch.com/merchandise-0 "HTTP/1.1 301 Moved Permanently"
worker-3  | INFO httpx HTTP Request: GET https://nostarch.com/merchandise "HTTP/1.1 200 OK"
worker-3  | INFO httpx HTTP Request: GET https://nostarch.com/rust-programming-language-3e "HTTP/1.1 200 OK"
worker-2  | INFO httpx HTTP Request: GET https://docs.oracle.com/cd/F24627_01 "HTTP/1.1 302 Moved Temporarily"
worker-2  | INFO httpx HTTP Request: GET https://docs.oracle.com/cd/F24627_01/ "HTTP/1.1 200 OK"
worker-1  | INFO httpx HTTP Request: GET https://pkg.go.dev/internal/bisect@go1.26.3 "HTTP/1.1 200 OK"
worker-3  | INFO httpx HTTP Request: GET https://nostarch.com/red-teaming-AI "HTTP/1.1 200 OK"
worker-2  | INFO httpx HTTP Request: GET https://docs.oracle.com/en/storage/tape-storage/index.html "HTTP/1.1 200 OK"
worker-3  | INFO httpx HTTP Request: GET https://nostarch.com/practical-ai-security "HTTP/1.1 200 OK"
worker-2  | INFO httpx HTTP Request: GET https://docs.oracle.com/en/storage/storage-software/acsls/index.html "HTTP/1.1 200 OK"
worker-3  | INFO httpx HTTP Request: GET https://nostarch.com/heavy-wizardry-101 "HTTP/1.1 200 OK"
worker-1  | INFO httpx HTTP Request: GET https://pkg.go.dev/internal/buildcfg@go1.26.3 "HTTP/1.1 200 OK"
worker-2  | INFO httpx HTTP Request: GET https://docs.oracle.com/en/storage/storage-software/els "HTTP/1.1 302 Moved Temporarily"
worker-1  | INFO httpx HTTP Request: GET https://pkg.go.dev/internal/bytealg@go1.26.3 "HTTP/1.1 200 OK"
worker-2  | INFO httpx HTTP Request: GET https://docs.oracle.com/en/storage/storage-software/els/ "HTTP/1.1 200 OK"
worker-3  | INFO httpx HTTP Request: GET https://nostarch.com/ghidra-book-2e "HTTP/1.1 200 OK"
worker-2  | INFO httpx HTTP Request: GET https://docs.oracle.com/cd/F24623_01/index.html "HTTP/1.1 200 OK"
worker-2  | INFO httpx HTTP Request: GET https://docs.oracle.com/en/storage/storage-software/oracle-key-manager/index.html "HTTP/1.1 200 OK"
worker-2  | INFO httpx HTTP Request: GET https://docs.oracle.com/en/storage/storage-software/storagetek-tape-analytics "HTTP/1.1 302 Moved Temporarily"
worker-2  | INFO httpx HTTP Request: GET https://docs.oracle.com/en/storage/storage-software/storagetek-tape-analytics/ "HTTP/1.1 200 OK"
worker-2  | INFO httpx HTTP Request: GET https://docs.oracle.com/cd/F24634_01/index.html "HTTP/1.1 200 OK"
worker-3  | INFO httpx HTTP Request: GET https://nostarch.com/red-team-engineering "HTTP/1.1 200 OK"
worker-3  | INFO httpx HTTP Request: GET https://nostarch.com/sites/default/files/styles/uc_product_full/public/Rust3e_frontcover.jpg?itok=44_6I0-8 "HTTP/1.1 200 OK"
worker-2  | INFO httpx HTTP Request: GET https://docs.oracle.com/cd/F24174_01/index.html "HTTP/1.1 302 Moved Temporarily"
worker-3  | INFO httpx HTTP Request: GET https://nostarch.com/download/samples/RustProgrammingLanguage3E_chapter2.pdf "HTTP/1.1 200 OK"
worker-2  | INFO httpx HTTP Request: GET https://docs.oracle.com/en/networking/storage/host-bus-adapters/index.html "HTTP/1.1 200 OK"
worker-3  | INFO httpx HTTP Request: GET https://nostarch.com/download/resources/RustProgrammingLanguage3E_Copyright.pdf "HTTP/1.1 200 OK"
worker-2  | INFO httpx HTTP Request: GET https://docs.oracle.com/cd/F24625_01/index.html "HTTP/1.1 200 OK"
worker-1  | INFO httpx HTTP Request: GET https://pkg.go.dev/internal/byteorder@go1.26.3 "HTTP/1.1 200 OK"
worker-3  | INFO httpx HTTP Request: GET https://nostarch.com/download/resources/RustProgrammingLanguage3E_detailedTOC.pdf "HTTP/1.1 200 OK"
worker-3  | INFO httpx HTTP Request: GET https://nostarch.com/download/resources/RustProgrammingLanguage3E_index.pdf "HTTP/1.1 200 OK"
worker-3  | INFO httpx HTTP Request: GET https://nostarch.com/download/code/RustProgrammingLanguage_3E_listings.tar.gz "HTTP/1.1 200 OK"
worker-3  | INFO httpx HTTP Request: GET https://nostarch.com/user "HTTP/1.1 403 Forbidden"
worker-2  | INFO httpx HTTP Request: GET https://docs.oracle.com/en/servers/options/nvme-ssd/f680/index.html "HTTP/1.1 200 OK"
worker-1  | INFO crawliq-worker.jobs process_crawl_job: done job_id=5 summary=completed
worker-1  | INFO rq.worker Successfully completed jobs.process_crawl_job(5) job in 0:05:09.184352s on worker 471446ee1bc040da98d1fefd87d2b83c
worker-1  | INFO rq.worker default: Job OK (623a7c67-fda0-4b41-a26d-a6ee664762af)
worker-3  | INFO httpx HTTP Request: GET https://nostarch.com/user/register "HTTP/1.1 200 OK"
worker-3  | INFO httpx HTTP Request: GET https://nostarch.com/realmofracket.htm "HTTP/1.1 200 OK"
worker-3  | INFO httpx HTTP Request: GET https://nostarch.com/ghpython.htm "HTTP/1.1 200 OK"
worker-1  | INFO rq.worker Result is kept for 500 seconds
worker-1  | INFO rq.worker default: jobs.process_crawl_job(3) (5ac4a18a-4fa5-4dcd-9bd8-a54578bbfb7d)
worker-3  | INFO httpx HTTP Request: GET https://nostarch.com/python-crash-course-3rd-edition "HTTP/1.1 200 OK"
worker-1  | INFO httpx HTTP Request: GET https://developer.mozilla.org/en-US/docs/Web/JavaScript/Guide "HTTP/1.1 200 OK"
worker-3  | INFO httpx HTTP Request: GET https://nostarch.com/computer-graphics-scratch "HTTP/1.1 200 OK"
worker-3  | INFO httpx HTTP Request: GET https://nostarch.com/rubyex "HTTP/1.1 200 OK"
worker-3  | INFO httpx HTTP Request: GET https://nostarch.com/practical-deep-learning-python-2E "HTTP/1.1 200 OK"
worker-3  | INFO httpx HTTP Request: GET https://nostarch.com/about_ebooks.htm "HTTP/1.1 200 OK"
worker-3  | INFO httpx HTTP Request: GET https://nostarch.com/early-access-program "HTTP/1.1 200 OK"
worker-3  | INFO httpx HTTP Request: GET https://nostarch.com/about.htm "HTTP/1.1 200 OK"
worker-1  | INFO httpx HTTP Request: GET https://developer.mozilla.org/en-US/docs/Web/JavaScript "HTTP/1.1 200 OK"
worker-1  | INFO httpx HTTP Request: GET https://developer.mozilla.org/en-US "HTTP/1.1 301 Moved Permanently"
worker-1  | INFO httpx HTTP Request: GET https://developer.mozilla.org/en-US/ "HTTP/1.1 200 OK"
worker-1  | INFO httpx HTTP Request: GET https://developer.mozilla.org/en-US/docs/Web/HTML "HTTP/1.1 200 OK"
worker-1  | INFO httpx HTTP Request: GET https://developer.mozilla.org/en-US/docs/Web/HTML/Reference/Elements "HTTP/1.1 200 OK"
worker-1  | INFO httpx HTTP Request: GET https://developer.mozilla.org/en-US/docs/Web/HTML/Reference/Global_attributes "HTTP/1.1 200 OK"
worker-2  | INFO httpx HTTP Request: GET https://docs.oracle.com/en/servers/options/nvme-ssd/f640v3 "HTTP/1.1 302 Moved Temporarily"
worker-1  | INFO httpx HTTP Request: GET https://developer.mozilla.org/en-US/docs/Web/HTML/Reference/Attributes "HTTP/1.1 200 OK"
worker-3  | INFO httpx HTTP Request: GET https://nostarch.com/Jobs.htm "HTTP/1.1 200 OK"
worker-3  | INFO httpx HTTP Request: GET https://nostarch.com/distribution.htm "HTTP/1.1 200 OK"
worker-1  | INFO httpx HTTP Request: GET https://developer.mozilla.org/en-US/docs/Web/HTML/Reference "HTTP/1.1 200 OK"
worker-1  | INFO httpx HTTP Request: GET https://developer.mozilla.org/en-US/docs/Web/HTML/Guides/Responsive_images "HTTP/1.1 200 OK"
worker-1  | INFO httpx HTTP Request: GET https://developer.mozilla.org/en-US/docs/Web/HTML/Guides/Cheatsheet "HTTP/1.1 200 OK"
worker-1  | INFO httpx HTTP Request: GET https://developer.mozilla.org/en-US/docs/Web/HTML/Guides/Date_and_time_formats "HTTP/1.1 200 OK"
worker-2  | INFO httpx HTTP Request: GET https://docs.oracle.com/en/servers/options/nvme-ssd/f640v3/ "HTTP/1.1 302 Moved Temporarily"
worker-2  | INFO httpx HTTP Request: GET https://docs.oracle.com/en/servers/options/nvme-ssd/f640/ "HTTP/1.1 200 OK"
worker-2  | INFO httpx HTTP Request: GET https://docs.oracle.com/cd/E65386_01/index.html "HTTP/1.1 200 OK"
worker-2  | INFO httpx HTTP Request: GET https://docs.oracle.com/cd/E54943_01/index.html "HTTP/1.1 200 OK"
worker-3  | INFO httpx HTTP Request: GET https://nostarch.com/rights "HTTP/1.1 200 OK"
worker-3  | INFO httpx HTTP Request: GET https://nostarch.com/media.htm "HTTP/1.1 200 OK"
worker-2  | INFO httpx HTTP Request: GET http://docs.oracle.com/cd/E41278_01/index.html "HTTP/1.1 301 Moved Permanently"
worker-2  | INFO httpx HTTP Request: GET https://docs.oracle.com/cd/E41278_01/index.html "HTTP/1.1 200 OK"
worker-2  | INFO httpx HTTP Request: GET http://docs.oracle.com/cd/E29748_01/index.html "HTTP/1.1 301 Moved Permanently"
worker-1  | INFO httpx HTTP Request: GET https://developer.mozilla.org/en-US/docs/Web/HTML/Guides "HTTP/1.1 200 OK"
worker-3  | INFO httpx HTTP Request: GET https://nostarch.com/academic.htm "HTTP/1.1 200 OK"
worker-1  | INFO httpx HTTP Request: GET https://developer.mozilla.org/en-US/docs/Web/SVG "HTTP/1.1 200 OK"
worker-3  | INFO httpx HTTP Request: GET https://nostarch.com/conferences.htm "HTTP/1.1 403 Forbidden"
worker-2  | INFO httpx HTTP Request: GET https://docs.oracle.com/cd/E29748_01/index.html "HTTP/1.1 200 OK"
worker-3  | INFO httpx HTTP Request: GET https://nostarch.com/orderfaq.htm "HTTP/1.1 200 OK"
worker-3  | INFO httpx HTTP Request: GET https://nostarch.com/contactus "HTTP/1.1 200 OK"
worker-1  | INFO httpx HTTP Request: GET https://developer.mozilla.org/en-US/docs/Web/MathML "HTTP/1.1 200 OK"
worker-1  | INFO httpx HTTP Request: GET https://developer.mozilla.org/en-US/docs/Web/XML "HTTP/1.1 200 OK"
worker-1  | INFO httpx HTTP Request: GET https://developer.mozilla.org/en-US/docs/Web/CSS "HTTP/1.1 200 OK"
worker-1  | INFO httpx HTTP Request: GET https://developer.mozilla.org/en-US/docs/Web/CSS/Reference/Properties "HTTP/1.1 200 OK"
worker-3  | INFO httpx HTTP Request: GET https://nostarch.com/writeforus "HTTP/1.1 200 OK"
worker-2  | INFO httpx HTTP Request: GET http://docs.oracle.com/cd/E19682-01/index.html "HTTP/1.1 301 Moved Permanently"
worker-2  | INFO httpx HTTP Request: GET https://docs.oracle.com/cd/E19682-01/index.html "HTTP/1.1 200 OK"
worker-2  | INFO httpx HTTP Request: GET https://docs.oracle.com/en/operating-systems/oracle-linux "HTTP/1.1 302 Moved Temporarily"
worker-1  | INFO httpx HTTP Request: GET https://developer.mozilla.org/en-US/docs/Web/CSS/Reference/Selectors "HTTP/1.1 200 OK"
worker-2  | INFO httpx HTTP Request: GET https://docs.oracle.com/en/operating-systems/oracle-linux/ "HTTP/1.1 200 OK"
worker-2  | INFO httpx HTTP Request: GET https://docs.oracle.com/en/operating-systems/solaris.html "HTTP/1.1 200 OK"
worker-2  | INFO httpx HTTP Request: GET https://docs.oracle.com/en/operating-systems/cluster.html "HTTP/1.1 200 OK"
worker-3  | INFO httpx HTTP Request: GET https://nostarch.com/privacypolicy.htm "HTTP/1.1 200 OK"
worker-3  | INFO httpx HTTP Request: GET https://www.facebook.com/NoStarchPress "HTTP/1.1 200 OK"
worker-2  | INFO httpx HTTP Request: GET https://docs.oracle.com/en/operating-systems/studio.html "HTTP/1.1 200 OK"
worker-2  | INFO httpx HTTP Request: GET https://docs.oracle.com/en/operating-systems/related.html "HTTP/1.1 200 OK"
worker-2  | INFO httpx HTTP Request: GET https://docs.oracle.com/en/industries/communications/index.html "HTTP/1.1 200 OK"
worker-2  | INFO httpx HTTP Request: GET https://docs.oracle.com/en/industries/construction-engineering/index.html "HTTP/1.1 200 OK"
worker-1  | INFO httpx HTTP Request: GET https://developer.mozilla.org/en-US/docs/Web/CSS/Reference/At-rules "HTTP/1.1 200 OK"
worker-1  | INFO httpx HTTP Request: GET https://developer.mozilla.org/en-US/docs/Web/CSS/Reference/Values "HTTP/1.1 200 OK"
worker-2  | INFO httpx HTTP Request: GET https://docs.oracle.com/en/industries/digital-government/index.html "HTTP/1.1 200 OK"
worker-1  | INFO httpx HTTP Request: GET https://developer.mozilla.org/en-US/docs/Web/CSS/Reference "HTTP/1.1 200 OK"
worker-2  | INFO httpx HTTP Request: GET https://docs.oracle.com/en/industries/financial-services/index.html "HTTP/1.1 200 OK"
worker-1  | INFO httpx HTTP Request: GET https://developer.mozilla.org/en-US/docs/Web/CSS/Guides/Box_model/Introduction "HTTP/1.1 200 OK"
worker-3  | INFO httpx HTTP Request: GET https://www.instagram.com/nostarchpress "HTTP/1.1 200 OK"
worker-2  | INFO httpx HTTP Request: GET https://docs.oracle.com/en/industries/health/index.html "HTTP/1.1 200 OK"
worker-2  | INFO httpx HTTP Request: GET https://docs.oracle.com/en/industries/hospitality/index.html "HTTP/1.1 200 OK"
