worker-4  | INFO httpx HTTP Request: GET https://developer.mozilla.org/en-US/docs/Web/JavaScript/Data_structures "HTTP/1.1 301 Moved Permanently"
worker-3  | INFO httpx HTTP Request: GET https://github.com/features/codespaces "HTTP/1.1 200 OK"
worker-4  | INFO httpx HTTP Request: GET https://developer.mozilla.org/en-US/docs/Web/JavaScript/Guide/Data_structures "HTTP/1.1 200 OK"
worker-4  | INFO httpx HTTP Request: GET https://github.com/microsoft/TypeScript-Website/blob/v2/packages/documentation/copy/en/get-started/TS%20for%20Functional%20Programmers.md "HTTP/1.1 200 OK"
worker-4  | INFO httpx HTTP Request: GET https://github.com/microsoft/TypeScript-Website/blob/v2/packages/documentation/copy/en/tutorials/TypeScript%20Tooling%20in%205%20minutes.md "HTTP/1.1 200 OK"
worker-1  | INFO httpx HTTP Request: GET https://go.dev/blog/race-detector "HTTP/1.1 200 OK"
worker-4  | INFO httpx HTTP Request: GET https://tc39.github.io/ecma262 "HTTP/1.1 301 Moved Permanently"
worker-1  | INFO httpx HTTP Request: GET https://go.dev/gopls "HTTP/1.1 301 Moved Permanently"
worker-3  | INFO httpx HTTP Request: GET https://github.com/features/issues "HTTP/1.1 200 OK"
worker-3  | INFO httpx HTTP Request: GET https://github.com/features/code-review "HTTP/1.1 200 OK"
worker-3  | INFO httpx HTTP Request: GET https://github.com/security/advanced-security "HTTP/1.1 200 OK"
worker-3  | INFO httpx HTTP Request: GET https://github.com/security/advanced-security/code-security "HTTP/1.1 200 OK"
worker-3  | INFO httpx HTTP Request: GET https://github.com/security/advanced-security/secret-protection "HTTP/1.1 200 OK"
worker-1  | INFO httpx HTTP Request: GET https://go.dev/gopls/ "HTTP/1.1 200 OK"
worker-4  | INFO httpx HTTP Request: GET https://tc39.es/ecma262 "HTTP/1.1 301 Moved Permanently"
worker-1  | INFO httpx HTTP Request: GET https://go.dev/wiki "HTTP/1.1 301 Moved Permanently"
worker-3  | INFO httpx HTTP Request: GET https://github.com/why-github "HTTP/1.1 200 OK"
worker-3  | INFO httpx HTTP Request: GET https://docs.github.com/ "HTTP/1.1 302 Found"
worker-2  | INFO httpx HTTP Request: GET https://docs.oracle.com/en/middleware/fusion-middleware/security-toolkit/12.2.1.4/index.html "HTTP/1.1 200 OK"
worker-4  | INFO httpx HTTP Request: GET https://tc39.es/ecma262/ "HTTP/1.1 200 OK"
worker-3  | INFO httpx HTTP Request: GET https://docs.github.com/en "HTTP/1.1 200 OK"
worker-3  | INFO httpx HTTP Request: GET https://github.blog/ "HTTP/1.1 200 OK"
worker-3  | INFO httpx HTTP Request: GET https://github.blog/changelog "HTTP/1.1 301 Moved Permanently"
worker-4  | INFO httpx HTTP Request: GET https://github.com/Microsoft/TypeScript/wiki/TypeScript-Editor-Support "HTTP/1.1 200 OK"
worker-1  | INFO httpx HTTP Request: GET https://go.dev/wiki/ "HTTP/1.1 200 OK"
worker-1  | INFO httpx HTTP Request: GET https://go.dev/wiki/Learn "HTTP/1.1 200 OK"
worker-1  | INFO httpx HTTP Request: GET https://go.dev/wiki/NonEnglish "HTTP/1.1 200 OK"
worker-4  | INFO httpx HTTP Request: GET https://www.youtube.com/watch?v=ybrQvs4x0Ps "HTTP/1.1 200 OK"
worker-4  | INFO httpx HTTP Request: GET https://github.com/microsoft/TypeScript-Website/blob/v2/packages/documentation/copy/en/handbook-v2/Basics.md "HTTP/1.1 200 OK"
worker-4  | INFO httpx HTTP Request: GET https://developer.mozilla.org/en-US/docs/Glossary/Primitive "HTTP/1.1 200 OK"
worker-4  | INFO httpx HTTP Request: GET https://github.com/microsoft/TypeScript/wiki/Performance "HTTP/1.1 200 OK"
worker-4  | INFO httpx HTTP Request: GET https://github.com/microsoft/TypeScript-Website/blob/v2/packages/documentation/copy/en/handbook-v2/Everyday%20Types.md "HTTP/1.1 200 OK"
worker-4  | INFO httpx HTTP Request: GET https://github.com/microsoft/TypeScript-Website/blob/v2/packages/documentation/copy/en/handbook-v2/Narrowing.md "HTTP/1.1 200 OK"
worker-4  | INFO httpx HTTP Request: GET https://developer.mozilla.org/en-US/docs/Web/JavaScript/Reference/Functions/rest_parameters "HTTP/1.1 200 OK"
worker-3  | INFO httpx HTTP Request: GET https://github.blog/changelog/ "HTTP/1.1 200 OK"
worker-3  | INFO httpx HTTP Request: GET https://github.com/marketplace "HTTP/1.1 200 OK"
worker-3  | INFO httpx HTTP Request: GET https://github.com/features "HTTP/1.1 200 OK"
worker-3  | INFO httpx HTTP Request: GET https://github.com/enterprise "HTTP/1.1 200 OK"
worker-2  | INFO httpx HTTP Request: GET https://docs.oracle.com/en/middleware/soa-suite/service-bus "HTTP/1.1 302 Moved Temporarily"
worker-3  | INFO httpx HTTP Request: GET https://github.com/team "HTTP/1.1 200 OK"
worker-3  | INFO httpx HTTP Request: GET https://github.com/enterprise/startups "HTTP/1.1 200 OK"
worker-3  | INFO httpx HTTP Request: GET https://github.com/solutions/industry/nonprofits "HTTP/1.1 200 OK"
worker-1  | INFO httpx HTTP Request: GET https://go.dev/solutions "HTTP/1.1 301 Moved Permanently"
worker-3  | INFO httpx HTTP Request: GET https://github.com/solutions/use-case/app-modernization "HTTP/1.1 200 OK"
worker-2  | INFO httpx HTTP Request: GET https://docs.oracle.com/en/middleware/soa-suite/service-bus/ "HTTP/1.1 200 OK"
worker-2  | INFO httpx HTTP Request: GET https://docs.oracle.com/en/middleware/soa-suite/index.html "HTTP/1.1 200 OK"
worker-2  | INFO httpx HTTP Request: GET https://docs.oracle.com/en/middleware/soa-suite/soa "HTTP/1.1 302 Moved Temporarily"
worker-1  | INFO httpx HTTP Request: GET https://go.dev/solutions/ "HTTP/1.1 200 OK"
worker-1  | INFO httpx HTTP Request: GET https://go.dev/play "HTTP/1.1 301 Moved Permanently"
worker-1  | INFO httpx HTTP Request: GET https://go.dev/play/ "HTTP/1.1 200 OK"
worker-1  | INFO httpx HTTP Request: GET https://stackoverflow.com/questions/tagged/go?tab=Newest "HTTP/1.1 403 Forbidden"
worker-3  | INFO httpx HTTP Request: GET https://github.com/solutions/use-case/devsecops "HTTP/1.1 200 OK"
worker-4  | INFO httpx HTTP Request: GET https://developer.mozilla.org/en-US/docs/Web/JavaScript/Reference/Operators/Spread_syntax "HTTP/1.1 200 OK"
worker-3  | INFO httpx HTTP Request: GET https://github.com/solutions/use-case/devops "HTTP/1.1 200 OK"
worker-1  | INFO httpx HTTP Request: GET https://pkg.go.dev/about "HTTP/1.1 200 OK"
worker-3  | INFO httpx HTTP Request: GET https://github.com/solutions/use-case/ci-cd "HTTP/1.1 200 OK"
worker-4  | INFO httpx HTTP Request: GET https://developer.mozilla.org/en-US/docs/Web/JavaScript/Reference/Operators/Destructuring_assignment "HTTP/1.1 301 Moved Permanently"
worker-4  | INFO httpx HTTP Request: GET https://developer.mozilla.org/en-US/docs/Web/JavaScript/Reference/Operators/Destructuring "HTTP/1.1 200 OK"
worker-4  | INFO httpx HTTP Request: GET https://github.com/Microsoft/TypeScript/wiki/FAQ "HTTP/1.1 200 OK"
worker-2  | INFO httpx HTTP Request: GET https://docs.oracle.com/en/middleware/soa-suite/soa/ "HTTP/1.1 200 OK"
worker-2  | INFO httpx HTTP Request: GET https://docs.oracle.com/en/middleware/soa-suite/b2b "HTTP/1.1 302 Moved Temporarily"
worker-4  | INFO httpx HTTP Request: GET https://github.com/microsoft/TypeScript-Website/blob/v2/packages/documentation/copy/en/handbook-v2/More%20on%20Functions.md "HTTP/1.1 200 OK"
worker-2  | INFO httpx HTTP Request: GET https://docs.oracle.com/en/middleware/soa-suite/b2b/ "HTTP/1.1 200 OK"
worker-4  | INFO httpx HTTP Request: GET https://github.com/microsoft/TypeScript-Website/blob/v2/packages/documentation/copy/en/handbook-v2/Object%20Types.md "HTTP/1.1 200 OK"
worker-2  | INFO httpx HTTP Request: GET https://docs.oracle.com/en/middleware/soa-suite/bpel "HTTP/1.1 302 Moved Temporarily"
worker-1  | INFO httpx HTTP Request: GET https://go.dev/project "HTTP/1.1 200 OK"
worker-4  | INFO httpx HTTP Request: GET https://github.com/microsoft/TypeScript-Website/blob/v2/packages/documentation/copy/en/handbook-v2/Type%20Manipulation/_Creating%20Types%20from%20Types.md "HTTP/1.1 200 OK"
worker-4  | INFO httpx HTTP Request: GET https://en.wikipedia.org/wiki/Covariance_and_contravariance_(computer_science) "HTTP/1.1 403 Forbidden"
worker-4  | INFO httpx HTTP Request: GET https://github.com/microsoft/TypeScript-Website/blob/v2/packages/documentation/copy/en/handbook-v2/Type%20Manipulation/Generics.md "HTTP/1.1 200 OK"
worker-4  | INFO httpx HTTP Request: GET https://github.com/microsoft/TypeScript-Website/blob/v2/packages/documentation/copy/en/handbook-v2/Type%20Manipulation/Keyof%20Type%20Operator.md "HTTP/1.1 200 OK"
worker-3  | INFO httpx HTTP Request: GET https://github.com/solutions/use-case "HTTP/1.1 200 OK"
worker-4  | INFO httpx HTTP Request: GET https://github.com/microsoft/TypeScript-Website/blob/v2/packages/documentation/copy/en/handbook-v2/Type%20Manipulation/Typeof%20Type%20Operator.md "HTTP/1.1 200 OK"
worker-2  | INFO httpx HTTP Request: GET https://docs.oracle.com/en/middleware/soa-suite/bpel/ "HTTP/1.1 200 OK"
worker-4  | INFO httpx HTTP Request: GET https://github.com/microsoft/TypeScript-Website/blob/v2/packages/documentation/copy/en/handbook-v2/Type%20Manipulation/Indexed%20Access%20Types.md "HTTP/1.1 200 OK"
worker-3  | INFO httpx HTTP Request: GET https://github.com/solutions/industry/healthcare "HTTP/1.1 200 OK"
worker-3  | INFO httpx HTTP Request: GET https://github.com/solutions/industry/financial-services "HTTP/1.1 200 OK"
worker-2  | INFO httpx HTTP Request: GET https://docs.oracle.com/en/middleware/soa-suite/bam "HTTP/1.1 302 Moved Temporarily"
worker-4  | INFO httpx HTTP Request: GET https://github.com/microsoft/TypeScript-Website/blob/v2/packages/documentation/copy/en/handbook-v2/Type%20Manipulation/Conditional%20Types.md "HTTP/1.1 200 OK"
worker-4  | INFO httpx HTTP Request: GET https://github.com/microsoft/TypeScript-Website/blob/v2/packages/documentation/copy/en/handbook-v2/Type%20Manipulation/Mapped%20Types.md "HTTP/1.1 200 OK"
worker-4  | INFO httpx HTTP Request: GET https://developer.mozilla.org/en-US/docs/Web/JavaScript/Reference/Template_literals "HTTP/1.1 200 OK"
worker-3  | INFO httpx HTTP Request: GET https://github.com/solutions/industry/manufacturing "HTTP/1.1 200 OK"
worker-3  | INFO httpx HTTP Request: GET https://github.com/solutions/industry/government "HTTP/1.1 200 OK"
worker-2  | INFO httpx HTTP Request: GET https://docs.oracle.com/en/middleware/soa-suite/bam/ "HTTP/1.1 200 OK"
worker-2  | INFO httpx HTTP Request: GET https://docs.oracle.com/en/middleware/soa-suite/healthcare "HTTP/1.1 302 Moved Temporarily"
worker-1  | INFO httpx HTTP Request: GET https://go.dev/dl "HTTP/1.1 302 Found"
worker-1  | INFO httpx HTTP Request: GET https://go.dev/dl/ "HTTP/1.1 200 OK"
worker-3  | INFO httpx HTTP Request: GET https://github.com/solutions/industry "HTTP/1.1 200 OK"
worker-3  | INFO httpx HTTP Request: GET https://github.com/solutions "HTTP/1.1 200 OK"
worker-1  | INFO httpx HTTP Request: GET https://github.com/golang/go/issues "HTTP/1.1 200 OK"
worker-1  | INFO httpx HTTP Request: GET https://go.dev/brand "HTTP/1.1 200 OK"
worker-1  | INFO httpx HTTP Request: GET https://go.dev/conduct "HTTP/1.1 200 OK"
worker-1  | INFO httpx HTTP Request: GET https://www.twitter.com/golang "HTTP/1.1 301 Moved Permanently"
worker-1  | INFO httpx HTTP Request: GET https://twitter.com/golang "HTTP/1.1 301 Moved Permanently"
worker-1  | INFO httpx HTTP Request: GET https://x.com/golang "HTTP/1.1 200 OK"
worker-4  | INFO httpx HTTP Request: GET https://github.com/microsoft/TypeScript-Website/blob/v2/packages/documentation/copy/en/handbook-v2/Type%20Manipulation/Template%20Literal%20Types.md "HTTP/1.1 200 OK"
worker-4  | INFO httpx HTTP Request: GET https://developer.mozilla.org/en-US/docs/Web/JavaScript/Reference/Classes "HTTP/1.1 200 OK"
worker-2  | INFO httpx HTTP Request: GET https://docs.oracle.com/en/middleware/soa-suite/healthcare/ "HTTP/1.1 404 Not Found"
worker-2  | INFO httpx HTTP Request: GET https://docs.oracle.com/en/middleware/fusion-middleware/osa/19.1/index.html "HTTP/1.1 200 OK"
worker-2  | INFO httpx HTTP Request: GET https://docs.oracle.com/en/middleware/fusion-middleware/traffic-director/12.2.1.4/index.html "HTTP/1.1 200 OK"
worker-4  | INFO httpx HTTP Request: GET https://developer.mozilla.org/en-US/docs/Web/JavaScript/Reference/Classes/constructor "HTTP/1.1 200 OK"
worker-3  | INFO httpx HTTP Request: GET https://github.com/resources/articles?topic=ai "HTTP/1.1 200 OK"
worker-4  | INFO httpx HTTP Request: GET https://developer.mozilla.org/en-US/docs/Web/JavaScript/Reference/Functions/Method_definitions "HTTP/1.1 200 OK"
worker-1  | INFO httpx HTTP Request: GET https://reddit.com/r/golang "HTTP/1.1 301 Moved Permanently"
worker-1  | INFO httpx HTTP Request: GET https://www.reddit.com/r/golang "HTTP/1.1 301 Moved Permanently"
worker-3  | INFO httpx HTTP Request: GET https://github.com/resources/articles?topic=software-development "HTTP/1.1 200 OK"
worker-4  | INFO httpx HTTP Request: GET https://devblogs.microsoft.com/typescript/announcing-typescript-4-3 "HTTP/1.1 301 Moved Permanently"
worker-3  | INFO httpx HTTP Request: GET https://github.com/resources/articles?topic=devops "HTTP/1.1 200 OK"
worker-4  | INFO httpx HTTP Request: GET https://devblogs.microsoft.com/typescript/announcing-typescript-4-3/ "HTTP/1.1 200 OK"
worker-3  | INFO httpx HTTP Request: GET https://github.com/resources/articles?topic=security "HTTP/1.1 200 OK"
worker-3  | INFO httpx HTTP Request: GET https://github.com/resources/articles "HTTP/1.1 200 OK"
worker-3  | INFO httpx HTTP Request: GET https://github.com/customer-stories "HTTP/1.1 200 OK"
worker-3  | INFO httpx HTTP Request: GET https://github.com/resources/events "HTTP/1.1 200 OK"
worker-2  | INFO httpx HTTP Request: GET https://docs.oracle.com/en/database/oracle/transaction-manager-for-microservices/index.html "HTTP/1.1 200 OK"
worker-2  | INFO httpx HTTP Request: GET http://www.oracle.com/technetwork/middleware/tuxedo/documentation/index.html "HTTP/1.1 403 Forbidden"
worker-2  | INFO httpx HTTP Request: GET https://docs.oracle.com/middleware/12213/ums/index.html "HTTP/1.1 200 OK"
worker-2  | INFO httpx HTTP Request: GET http://www.oracle.com/technetwork/middleware/upk/documentation/index.html "HTTP/1.1 403 Forbidden"
worker-2  | INFO httpx HTTP Request: GET https://docs.oracle.com/en/middleware/fusion-middleware/ws-manager/12.2.1.4/index.html "HTTP/1.1 200 OK"
worker-2  | INFO httpx HTTP Request: GET https://docs.oracle.com/en/middleware/fusion-middleware/web-tier/12.2.1.4/index.html "HTTP/1.1 200 OK"
worker-3  | INFO httpx HTTP Request: GET https://github.com/resources/whitepapers "HTTP/1.1 200 OK"
worker-1  | INFO httpx HTTP Request: GET https://www.reddit.com/r/golang/ "HTTP/1.1 200 OK"
worker-3  | INFO httpx HTTP Request: GET https://github.com/solutions/executive-insights "HTTP/1.1 200 OK"
worker-3  | INFO httpx HTTP Request: GET https://skills.github.com/ "HTTP/1.1 200 OK"
worker-2  | INFO httpx HTTP Request: GET https://docs.oracle.com/en/middleware/webcenter/index.html "HTTP/1.1 200 OK"
worker-2  | INFO httpx HTTP Request: GET https://docs.oracle.com/en/middleware/webcenter/portal/12.2.1.4/index.html "HTTP/1.1 200 OK"
worker-2  | INFO httpx HTTP Request: GET https://docs.oracle.com/en/middleware/webcenter/content/12.2.1.4/index.html "HTTP/1.1 200 OK"
worker-2  | INFO httpx HTTP Request: GET https://docs.oracle.com/en/middleware/webcenter/sites/12.2.1.4/index.html "HTTP/1.1 200 OK"
worker-4  | INFO httpx HTTP Request: GET https://developer.mozilla.org/en-US/docs/Web/JavaScript/Reference/Classes/extends "HTTP/1.1 200 OK"
worker-4  | INFO httpx HTTP Request: GET https://developer.mozilla.org/en-US/docs/Web/JavaScript/Reference/Operators/super "HTTP/1.1 200 OK"
worker-1  | INFO httpx HTTP Request: GET https://golangweekly.com/ "HTTP/1.1 200 OK"
worker-1  | INFO httpx HTTP Request: GET https://go.dev/copyright "HTTP/1.1 200 OK"
worker-1  | INFO httpx HTTP Request: GET https://go.dev/tos "HTTP/1.1 200 OK"
worker-2  | INFO httpx HTTP Request: GET https://www.oracle.com/pls/topic/lookup?ctx=oitlatest&id=homepage "HTTP/1.1 403 Forbidden"
worker-2  | INFO httpx HTTP Request: GET https://docs.oracle.com/en/middleware/fusion-middleware/weblogic-server/index.html "HTTP/1.1 200 OK"
worker-1  | INFO httpx HTTP Request: GET http://www.google.com/intl/en/policies/privacy "HTTP/1.1 301 Moved Permanently"
worker-1  | INFO httpx HTTP Request: GET http://www.google.com/intl/en/policies/privacy/ "HTTP/1.1 200 OK"
worker-3  | INFO httpx HTTP Request: GET https://support.github.com/ "HTTP/1.1 302 Found"
worker-3  | INFO httpx HTTP Request: GET https://support.github.com/request/landing "HTTP/1.1 200 OK"
worker-2  | INFO httpx HTTP Request: GET https://docs.oracle.com/en/database/oracle/oracle-database/index.html "HTTP/1.1 200 OK"
worker-1  | INFO httpx HTTP Request: GET https://go.dev/s/website-issue "HTTP/1.1 302 Found"
worker-3  | INFO httpx HTTP Request: GET https://github.com/orgs/community/discussions "HTTP/1.1 200 OK"
worker-1  | INFO httpx HTTP Request: GET https://github.com/golang/go/issues/new/?title=x%2Fwebsite:&body=%3C%21--%0APlease+answer+these+questions+before+submitting+your+issue.+Thanks%21%0A--%3E%0A+%0A%23%23%23+What+is+the+URL+of+the+page+with+the+issue%3F%0A+%0A+%0A+%0A%23%23%23+What+is+your+user+agent%3F%0A+%0A%3C%21--+%0AYou+can+find+your+user+agent+here%3A%0Ahttps%3A%2F%2Fwww.whatismybrowser.com%2Fdetect%2Fwhat-is-my-user-agent%0A--%3E%0A+%0A+%0A+%0A%23%23%23+Screenshot%0A+%0A%3C%21--%0APlease+paste+a+screenshot+of+the+page.%0A--%3E%0A+%0A+%0A+%0A%23%23%23+What+did+you+do%3F%0A+%0A%3C%21--%0AIf+possible%2C+provide+a+recipe+for+reproducing+the+error.%0A--%3E%0A+%0A+%0A+%0A%23%23%23+What+did+you+expect+to+see%3F%0A+%0A+%0A+%0A%23%23%23+What+did+you+see+instead%3F%0A%0A%0A%0A "HTTP/1.1 302 Found"
worker-2  | INFO httpx HTTP Request: GET https://docs.oracle.com/en/cloud/paas/autonomous-database/index.html "HTTP/1.1 200 OK"
worker-2  | INFO httpx HTTP Request: GET https://docs.oracle.com/en-us/iaas/Content/multicloud/Oraclemulticloud.htm "HTTP/1.1 200 OK"
worker-2  | INFO httpx HTTP Request: GET https://docs.oracle.com/en/database/oracle/index.html "HTTP/1.1 200 OK"
worker-2  | INFO httpx HTTP Request: GET https://docs.oracle.com/en/database/data-integration/index.html "HTTP/1.1 200 OK"
worker-3  | INFO httpx HTTP Request: GET https://github.com/trust-center "HTTP/1.1 200 OK"
worker-3  | INFO httpx HTTP Request: GET https://github.com/partners "HTTP/1.1 200 OK"
worker-4  | INFO httpx HTTP Request: GET https://developer.mozilla.org/en-US/docs/Web/JavaScript/Reference/Global_Objects/Object/setPrototypeOf "HTTP/1.1 200 OK"
worker-1  | INFO httpx HTTP Request: GET https://github.com/login?return_to=https%3A%2F%2Fgithub.com%2Fgolang%2Fgo%2Fissues%2Fnew%3Ftitle%3Dx%252Fwebsite%3A%26body%3D%253C%2521--%250APlease%2Banswer%2Bthese%2Bquestions%2Bbefore%2Bsubmitting%2Byour%2Bissue.%2BThanks%2521%250A--%253E%250A%2B%250A%2523%2523%2523%2BWhat%2Bis%2Bthe%2BURL%2Bof%2Bthe%2Bpage%2Bwith%2Bthe%2Bissue%253F%250A%2B%250A%2B%250A%2B%250A%2523%2523%2523%2BWhat%2Bis%2Byour%2Buser%2Bagent%253F%250A%2B%250A%253C%2521--%2B%250AYou%2Bcan%2Bfind%2Byour%2Buser%2Bagent%2Bhere%253A%250Ahttps%253A%252F%252Fwww.whatismybrowser.com%252Fdetect%252Fwhat-is-my-user-agent%250A--%253E%250A%2B%250A%2B%250A%2B%250A%2523%2523%2523%2BScreenshot%250A%2B%250A%253C%2521--%250APlease%2Bpaste%2Ba%2Bscreenshot%2Bof%2Bthe%2Bpage.%250A--%253E%250A%2B%250A%2B%250A%2B%250A%2523%2523%2523%2BWhat%2Bdid%2Byou%2Bdo%253F%250A%2B%250A%253C%2521--%250AIf%2Bpossible%252C%2Bprovide%2Ba%2Brecipe%2Bfor%2Breproducing%2Bthe%2Berror.%250A--%253E%250A%2B%250A%2B%250A%2B%250A%2523%2523%2523%2BWhat%2Bdid%2Byou%2Bexpect%2Bto%2Bsee%253F%250A%2B%250A%2B%250A%2B%250A%2523%2523%2523%2BWhat%2Bdid%2Byou%2Bsee%2Binstead%253F%250A%250A%250A%250A "HTTP/1.1 200 OK"
worker-4  | INFO httpx HTTP Request: GET https://developer.mozilla.org/en-US/docs/Web/JavaScript/Reference/Global_Objects/Object/proto "HTTP/1.1 200 OK"
worker-2  | INFO httpx HTTP Request: GET https://docs.oracle.com/en/database/goldengate/index.html "HTTP/1.1 200 OK"
worker-1  | INFO httpx HTTP Request: GET https://google.com/ "HTTP/1.1 301 Moved Permanently"
worker-1  | INFO httpx HTTP Request: GET https://www.google.com/ "HTTP/1.1 200 OK"
worker-4  | INFO httpx HTTP Request: GET https://msdn.microsoft.com/en-us/library/s4esdbwz(v=vs.94).aspx "HTTP/1.1 301 Moved Permanently"
worker-4  | INFO httpx HTTP Request: GET https://learn.microsoft.com/en-us/scripting/javascript/reference/javascript-version-information?redirectedfrom=MSDN "HTTP/1.1 301 Moved Permanently"
worker-4  | INFO httpx HTTP Request: GET https://learn.microsoft.com/en-us/microsoft-edge/dev-guide/whats-new/javascript-version-information?redirectedfrom=MSDN "HTTP/1.1 301 Moved Permanently"
worker-4  | INFO httpx HTTP Request: GET https://learn.microsoft.com/en-us/archive/microsoft-edge/legacy/developer?redirectedfrom=MSDN "HTTP/1.1 301 Moved Permanently"
worker-2  | INFO httpx HTTP Request: GET https://docs.oracle.com/en/middleware/fusion-middleware/osa/index.html "HTTP/1.1 302 Moved Temporarily"
worker-2  | INFO httpx HTTP Request: GET https://docs.oracle.com/en/database/goldengate/stream-analytics/index.html "HTTP/1.1 200 OK"
worker-2  | INFO httpx HTTP Request: GET https://docs.oracle.com/en/middleware/fusion-middleware/data-integrator/index.html "HTTP/1.1 200 OK"
worker-3  | INFO httpx HTTP Request: GET https://github.com/resources "HTTP/1.1 200 OK"
worker-3  | INFO httpx HTTP Request: GET https://github.com/sponsors "HTTP/1.1 301 Moved Permanently"
worker-3  | INFO httpx HTTP Request: GET https://github.com/open-source/sponsors "HTTP/1.1 200 OK"
worker-4  | INFO httpx HTTP Request: GET https://learn.microsoft.com/en-us/archive/microsoft-edge/legacy/developer/?redirectedfrom=MSDN "HTTP/1.1 200 OK"
worker-1  | INFO httpx HTTP Request: GET https://policies.google.com/technologies/cookies "HTTP/1.1 200 OK"
worker-1  | INFO httpx HTTP Request: GET https://pkg.go.dev/runtime/pprof "HTTP/1.1 200 OK"
worker-1  | INFO httpx HTTP Request: GET https://pkg.go.dev/net/http/pprof "HTTP/1.1 200 OK"
worker-1  | INFO httpx HTTP Request: GET https://research.google/pubs/pub45290 "HTTP/1.1 301 Moved Permanently"
worker-1  | INFO httpx HTTP Request: GET https://research.google/pubs/autofdo-automatic-feedback-directed-optimization-for-warehouse-scale-applications/ "HTTP/1.1 200 OK"
worker-1  | INFO httpx HTTP Request: GET https://go.dev/issue/new "HTTP/1.1 302 Found"
worker-1  | INFO httpx HTTP Request: GET https://github.com/golang/go/issues/new/choose "HTTP/1.1 302 Found"
worker-2  | INFO httpx HTTP Request: GET https://docs.oracle.com/en/middleware/fusion-middleware/enterprise-data-quality/index.html "HTTP/1.1 200 OK"
worker-1  | INFO httpx HTTP Request: GET https://github.com/login?return_to=https%3A%2F%2Fgithub.com%2Fgolang%2Fgo%2Fissues%2Fnew%2Fchoose "HTTP/1.1 200 OK"
worker-3  | INFO httpx HTTP Request: GET https://securitylab.github.com/ "HTTP/1.1 200 OK"
worker-3  | INFO httpx HTTP Request: GET https://maintainers.github.com/ "HTTP/1.1 308 Permanent Redirect"
worker-3  | INFO httpx HTTP Request: GET https://maintainers.github.com/auth/signin "HTTP/1.1 200 OK"
worker-2  | INFO httpx HTTP Request: GET https://docs.oracle.com/en/database/other-databases/index.html "HTTP/1.1 200 OK"
worker-2  | INFO httpx HTTP Request: GET https://docs.oracle.com/en/database/other-databases/blockchain-enterprise/index.html "HTTP/1.1 200 OK"
worker-2  | INFO httpx HTTP Request: GET https://docs.oracle.com/en/database/other-databases/nosql-database/index.html "HTTP/1.1 200 OK"
worker-1  | INFO httpx HTTP Request: GET https://pkg.go.dev/github.com/google/pprof/profile "HTTP/1.1 200 OK"
worker-1  | INFO httpx HTTP Request: GET https://github.com/google/pprof/tree/main/proto "HTTP/1.1 200 OK"
worker-1  | INFO httpx HTTP Request: GET https://github.com/google/pprof/blob/76d1ae5aea2b3f738f2058d17533b747a1a5cd01/proto/profile.proto "HTTP/1.1 200 OK"
worker-1  | INFO httpx HTTP Request: GET https://go.dev/wiki/PGO-Tools "HTTP/1.1 200 OK"
worker-1  | INFO httpx HTTP Request: GET https://github.com/golang/go/wiki/Conferences "HTTP/1.1 200 OK"
worker-4  | INFO httpx HTTP Request: GET https://blogs.msdn.microsoft.com/ericlippert/2005/11/09/why-cant-i-access-a-protected-member-from-a-derived-class "HTTP/1.1 301 Moved Permanently"
worker-4  | INFO httpx HTTP Request: GET https://learn.microsoft.com/archive/blogs/ericlippert/why-cant-i-access-a-protected-member-from-a-derived-class "HTTP/1.1 302 Moved Temporarily"
worker-4  | INFO httpx HTTP Request: GET https://learn.microsoft.com/en-us/archive/blogs/ericlippert/why-cant-i-access-a-protected-member-from-a-derived-class "HTTP/1.1 200 OK"
worker-4  | INFO httpx HTTP Request: GET https://www.typescriptlang.org/play?removeComments=true&target=99&ts=4.3.4 "HTTP/1.1 301 Moved Permanently"
worker-4  | INFO httpx HTTP Request: GET https://www.typescriptlang.org/play/?removeComments=true&target=99&ts=4.3.4 "HTTP/1.1 200 OK"
worker-3  | INFO httpx HTTP Request: GET https://github.com/accelerator "HTTP/1.1 301 Moved Permanently"
worker-3  | INFO httpx HTTP Request: GET https://github.com/open-source/accelerator "HTTP/1.1 200 OK"
worker-1  | INFO httpx HTTP Request: GET https://stackoverflow.com/collectives/go "HTTP/1.1 403 Forbidden"
worker-1  | INFO httpx HTTP Request: GET https://pkg.go.dev/std@go1.26.3 "HTTP/1.1 200 OK"
worker-1  | INFO httpx HTTP Request: GET https://pkg.go.dev/std?tab=versions "HTTP/1.1 200 OK"
worker-3  | INFO httpx HTTP Request: GET https://stars.github.com/ "HTTP/1.1 200 OK"
worker-3  | INFO httpx HTTP Request: GET https://archiveprogram.github.com/ "HTTP/1.1 200 OK"
worker-3  | INFO httpx HTTP Request: GET https://github.com/topics "HTTP/1.1 200 OK"
worker-2  | INFO httpx HTTP Request: GET https://docs.oracle.com/cd/E17952_01/index.html "HTTP/1.1 200 OK"
worker-3  | INFO httpx HTTP Request: GET https://github.com/trending "HTTP/1.1 200 OK"
worker-1  | INFO httpx HTTP Request: GET https://pkg.go.dev/std?tab=licenses "HTTP/1.1 200 OK"
worker-1  | INFO httpx HTTP Request: GET https://cs.opensource.google/go/go/+/go1.26.3:src/go.mod "HTTP/1.1 200 OK"
worker-1  | INFO httpx HTTP Request: GET https://cs.opensource.google/go/go "HTTP/1.1 200 OK"
worker-4  | INFO httpx HTTP Request: GET https://developer.mozilla.org/en-US/docs/Web/JavaScript/Reference/Classes/Private_class_fields "HTTP/1.1 301 Moved Permanently"
worker-1  | INFO httpx HTTP Request: GET https://go.dev/security/policy "HTTP/1.1 301 Moved Permanently"
worker-4  | INFO httpx HTTP Request: GET https://developer.mozilla.org/en-US/docs/Web/JavaScript/Reference/Classes/Private_elements "HTTP/1.1 200 OK"
worker-3  | INFO httpx HTTP Request: GET https://github.com/collections "HTTP/1.1 200 OK"
worker-2  | /packages/crawliq_core/html_parse.py:148: XMLParsedAsHTMLWarning: It looks like you're parsing an XML document using an HTML parser. If this really is an HTML document (maybe it's XHTML?), you can ignore or filter this warning. If it's XML, you should know that using an XML parser will be more reliable. To parse this document as XML, make sure you have the lxml package installed, and pass the keyword argument `features="xml"` into the BeautifulSoup constructor.
worker-3  | INFO httpx HTTP Request: GET https://github.com/features/copilot/copilot-business "HTTP/1.1 200 OK"
worker-2  |   soup = BeautifulSoup(html, "lxml")
worker-1  | INFO httpx HTTP Request: GET https://go.dev/doc/security/policy "HTTP/1.1 200 OK"
worker-2  | /packages/crawliq_core/html_parse.py:152: XMLParsedAsHTMLWarning: It looks like you're parsing an XML document using an HTML parser. If this really is an HTML document (maybe it's XHTML?), you can ignore or filter this warning. If it's XML, you should know that using an XML parser will be more reliable. To parse this document as XML, make sure you have the lxml package installed, and pass the keyword argument `features="xml"` into the BeautifulSoup constructor.
worker-2  |   soup_for_text = BeautifulSoup(html, "lxml")
worker-2  | INFO httpx HTTP Request: GET https://docs.oracle.com/cd/E60418_01/index.html "HTTP/1.1 200 OK"
worker-1  | INFO httpx HTTP Request: GET https://pkg.go.dev/archive/tar@go1.26.3 "HTTP/1.1 200 OK"
worker-1  | INFO httpx HTTP Request: GET https://pkg.go.dev/archive/zip@go1.26.3 "HTTP/1.1 200 OK"
worker-1  | INFO httpx HTTP Request: GET https://pkg.go.dev/bufio@go1.26.3 "HTTP/1.1 200 OK"
worker-3  | INFO httpx HTTP Request: GET https://github.com/premium-support "HTTP/1.1 301 Moved Permanently"
worker-3  | INFO httpx HTTP Request: GET https://github.com/enterprise/premium-support "HTTP/1.1 200 OK"
worker-3  | INFO httpx HTTP Request: GET https://github.com/pricing "HTTP/1.1 200 OK"
worker-3  | INFO httpx HTTP Request: GET https://docs.github.com/search-github/github-code-search/understanding-github-code-search-syntax "HTTP/1.1 302 Found"
worker-2  | INFO httpx HTTP Request: GET https://docs.oracle.com/database/bdb181/index.html "HTTP/1.1 200 OK"
worker-2  | INFO httpx HTTP Request: GET https://docs.oracle.com/javadb/index.html "HTTP/1.1 200 OK"
worker-2  | INFO httpx HTTP Request: GET http://www.oracle.com/technetwork/database/database-technologies/rdb/documentation/index.html "HTTP/1.1 403 Forbidden"
worker-1  | INFO httpx HTTP Request: GET https://pkg.go.dev/builtin@go1.26.3 "HTTP/1.1 200 OK"
worker-1  | INFO httpx HTTP Request: GET https://pkg.go.dev/bytes@go1.26.3 "HTTP/1.1 200 OK"
worker-3  | INFO httpx HTTP Request: GET https://docs.github.com/en/search-github/github-code-search/understanding-github-code-search-syntax "HTTP/1.1 200 OK"
worker-2  | INFO httpx HTTP Request: GET https://docs.oracle.com/en/database/other-databases/essbase/index.html "HTTP/1.1 200 OK"
worker-2  | INFO httpx HTTP Request: GET https://docs.oracle.com/en/bigdata/index.html "HTTP/1.1 200 OK"
worker-2  | INFO httpx HTTP Request: GET https://docs.oracle.com/en/database/index.html "HTTP/1.1 200 OK"
worker-1  | INFO httpx HTTP Request: GET https://pkg.go.dev/cmp@go1.26.3 "HTTP/1.1 200 OK"
worker-1  | INFO httpx HTTP Request: GET https://pkg.go.dev/compress/bzip2@go1.26.3 "HTTP/1.1 200 OK"
worker-1  | INFO httpx HTTP Request: GET https://pkg.go.dev/compress/flate@go1.26.3 "HTTP/1.1 200 OK"
worker-1  | INFO httpx HTTP Request: GET https://pkg.go.dev/compress/gzip@go1.26.3 "HTTP/1.1 200 OK"
worker-1  | INFO httpx HTTP Request: GET https://pkg.go.dev/compress/lzw@go1.26.3 "HTTP/1.1 200 OK"
worker-2  | INFO httpx HTTP Request: GET https://docs.oracle.com/en/database/database-cloud-services.html "HTTP/1.1 200 OK"
worker-4  | INFO httpx HTTP Request: GET https://developer.mozilla.org/en-US/docs/Web/JavaScript/Reference/Classes/static "HTTP/1.1 200 OK"
worker-1  | INFO httpx HTTP Request: GET https://pkg.go.dev/compress/zlib@go1.26.3 "HTTP/1.1 200 OK"
worker-1  | INFO httpx HTTP Request: GET https://pkg.go.dev/container/heap@go1.26.3 "HTTP/1.1 200 OK"
worker-1  | INFO httpx HTTP Request: GET https://pkg.go.dev/container/list@go1.26.3 "HTTP/1.1 200 OK"
worker-1  | INFO httpx HTTP Request: GET https://pkg.go.dev/container/ring@go1.26.3 "HTTP/1.1 200 OK"
worker-3  | INFO httpx HTTP Request: GET https://github.com/signup?ref_cta=Sign+up&ref_loc=header+logged+out&ref_page=/%3Cuser-name%3E/%3Crepo-name%3E&source=header-repo&source_repo=rust-lang/book "HTTP/1.1 200 OK"
worker-3  | INFO httpx HTTP Request: GET https://github.com/rust-lang "HTTP/1.1 200 OK"
worker-2  | INFO httpx HTTP Request: GET https://docs.oracle.com/en/bigdata/big-data-sql "HTTP/1.1 302 Moved Temporarily"
worker-2  | INFO httpx HTTP Request: GET https://docs.oracle.com/en/bigdata/big-data-sql/ "HTTP/1.1 200 OK"
worker-2  | INFO httpx HTTP Request: GET https://docs.oracle.com/en/bigdata/big-data-appliance/index.html "HTTP/1.1 200 OK"
worker-2  | INFO httpx HTTP Request: GET https://docs.oracle.com/en/bigdata/big-data-connectors/index.html "HTTP/1.1 200 OK"
worker-3  | INFO httpx HTTP Request: GET https://github.com/login?return_to=/rust-lang/book "HTTP/1.1 200 OK"
worker-2  | INFO httpx HTTP Request: GET https://docs.oracle.com/cd/E93962_01/index.html "HTTP/1.1 200 OK"
worker-3  | INFO httpx HTTP Request: GET https://github.com/rust-lang/book/issues "HTTP/1.1 200 OK"
worker-2  | INFO httpx HTTP Request: GET https://docs.oracle.com/en/bigdata/big-data-spatial-graph "HTTP/1.1 302 Moved Temporarily"
worker-1  | INFO httpx HTTP Request: GET https://pkg.go.dev/context@go1.26.3 "HTTP/1.1 200 OK"
worker-1  | INFO httpx HTTP Request: GET https://pkg.go.dev/crypto@go1.26.3 "HTTP/1.1 200 OK"
worker-4  | INFO httpx HTTP Request: GET https://developer.mozilla.org/en-US/docs/Web/JavaScript/Reference/Operators/this "HTTP/1.1 200 OK"
worker-4  | INFO httpx HTTP Request: GET https://developer.mozilla.org/en-US/docs/Web/JavaScript/Reference/Functions/Arrow_functions "HTTP/1.1 200 OK"
worker-3  | INFO httpx HTTP Request: GET https://github.com/rust-lang/book/pulls "HTTP/1.1 200 OK"
worker-2  | INFO httpx HTTP Request: GET https://docs.oracle.com/en/bigdata/big-data-spatial-graph/ "HTTP/1.1 200 OK"
worker-3  | INFO httpx HTTP Request: GET https://github.com/rust-lang/book/actions "HTTP/1.1 200 OK"
worker-4  | INFO httpx HTTP Request: GET https://developer.mozilla.org/en-US/docs/Web/JavaScript/Reference/Operators/class "HTTP/1.1 200 OK"
worker-3  | INFO httpx HTTP Request: GET https://github.com/rust-lang/book/projects "HTTP/1.1 307 Temporary Redirect"
worker-3  | INFO httpx HTTP Request: GET https://github.com/rust-lang/book/projects?query=is%3Aopen "HTTP/1.1 200 OK"
worker-3  | INFO httpx HTTP Request: GET https://github.com/rust-lang/book/security "HTTP/1.1 200 OK"
worker-3  | INFO httpx HTTP Request: GET https://github.com/rust-lang/book/pulse "HTTP/1.1 200 OK"
worker-3  | INFO httpx HTTP Request: GET https://github.com/rust-lang/book/branches "HTTP/1.1 200 OK"
worker-4  | INFO httpx HTTP Request: GET https://github.com/microsoft/TypeScript-Website/blob/v2/packages/documentation/copy/en/handbook-v2/Classes.md "HTTP/1.1 200 OK"
worker-3  | INFO httpx HTTP Request: GET https://github.com/rust-lang/book/tags "HTTP/1.1 200 OK"
worker-4  | INFO httpx HTTP Request: GET https://www.typescriptlang.org/docs/handbook/modules.html "HTTP/1.1 200 OK"
worker-2  | INFO httpx HTTP Request: GET https://docs.oracle.com/en/middleware/goldengate/big-data/index.html "HTTP/1.1 302 Moved Temporarily"
worker-2  | INFO httpx HTTP Request: GET https://docs.oracle.com/en/database/goldengate/big-data/index.html "HTTP/1.1 200 OK"
worker-4  | INFO httpx HTTP Request: GET https://exploringjs.com/impatient-js/ch_modules.html "HTTP/1.1 200 OK"
worker-4  | INFO httpx HTTP Request: GET https://developer.mozilla.org/en-US/docs/Web/JavaScript/Guide/Modules "HTTP/1.1 200 OK"
worker-4  | INFO httpx HTTP Request: GET https://github.com/DefinitelyTyped/DefinitelyTyped "HTTP/1.1 200 OK"
worker-1  | INFO httpx HTTP Request: GET https://pkg.go.dev/crypto/aes@go1.26.3 "HTTP/1.1 200 OK"
worker-2  | INFO httpx HTTP Request: GET https://docs.oracle.com/en/cloud/index.html "HTTP/1.1 200 OK"
worker-2  | INFO httpx HTTP Request: GET https://docs.oracle.com/en/engineered-systems/index.html "HTTP/1.1 200 OK"
worker-4  | INFO httpx HTTP Request: GET https://github.com/microsoft/TypeScript-Website/blob/v2/packages/documentation/copy/en/handbook-v2/Modules.md "HTTP/1.1 200 OK"
worker-1  | INFO httpx HTTP Request: GET https://pkg.go.dev/crypto/cipher@go1.26.3 "HTTP/1.1 200 OK"
worker-2  | INFO httpx HTTP Request: GET https://docs.oracle.com/en/servers/index.html "HTTP/1.1 200 OK"
worker-2  | INFO httpx HTTP Request: GET https://docs.oracle.com/en/networking/index.html "HTTP/1.1 200 OK"
worker-3  | INFO httpx HTTP Request: GET https://github.com/rust-lang/book/commits/main "HTTP/1.1 200 OK"
worker-4  | INFO httpx HTTP Request: GET https://developer.mozilla.org/docs/Web/JavaScript/Reference/Global_Objects/Object/freeze "HTTP/1.1 302 Found"
worker-3  | INFO httpx HTTP Request: GET https://github.com/rust-lang/book/tree/main/.cargo "HTTP/1.1 200 OK"
worker-1  | INFO httpx HTTP Request: GET https://pkg.go.dev/crypto/des@go1.26.3 "HTTP/1.1 200 OK"
worker-2  | INFO httpx HTTP Request: GET https://docs.oracle.com/en/virtualization/index.html "HTTP/1.1 200 OK"
worker-2  | INFO httpx HTTP Request: GET https://docs.oracle.com/en/storage/index.html "HTTP/1.1 200 OK"
worker-2  | INFO httpx HTTP Request: GET https://docs.oracle.com/en/operating-systems/index.html "HTTP/1.1 200 OK"
worker-2  | INFO httpx HTTP Request: GET https://docs.oracle.com/en/industries/index.html "HTTP/1.1 200 OK"
worker-2  | INFO httpx HTTP Request: GET https://www.oracle.com/pls/topic/lookup?ctx=en/enterprise-manager&id=EMCON-GUID-1446B571-2DF3-443E-B6AA-77B42C6D2678 "HTTP/1.1 403 Forbidden"
worker-2  | INFO httpx HTTP Request: GET https://www.oracle.com/pls/topic/lookup?ctx=en/enterprise-manager&id=EMMON-EMADM9012 "HTTP/1.1 403 Forbidden"
worker-2  | INFO httpx HTTP Request: GET https://www.oracle.com/enterprise-manager "HTTP/1.1 403 Forbidden"
worker-2  | INFO httpx HTTP Request: GET https://cloudmarketplace.oracle.com/marketplace "HTTP/1.1 301 Moved Permanently"
worker-3  | INFO httpx HTTP Request: GET https://github.com/rust-lang/book/tree/main/.github "HTTP/1.1 200 OK"
worker-4  | INFO httpx HTTP Request: GET https://developer.mozilla.org/en-US/docs/Web/JavaScript/Reference/Global_Objects/Object/freeze "HTTP/1.1 200 OK"
worker-3  | INFO httpx HTTP Request: GET https://github.com/rust-lang/book/tree/main/2018-edition "HTTP/1.1 200 OK"
worker-1  | INFO httpx HTTP Request: GET https://pkg.go.dev/crypto/dsa@go1.26.3 "HTTP/1.1 200 OK"
worker-4  | INFO httpx HTTP Request: GET https://github.com/microsoft/TypeScript/pull/26243 "HTTP/1.1 200 OK"
worker-4  | INFO httpx HTTP Request: GET https://github.com/microsoft/TypeScript/pull/28920 "HTTP/1.1 200 OK"
worker-4  | INFO httpx HTTP Request: GET https://www.typescriptlang.org/docs/handbook/functions.html "HTTP/1.1 200 OK"
worker-2  | INFO httpx HTTP Request: GET https://marketplace.oracle.com/ "HTTP/1.1 200 OK"
worker-2  | INFO httpx HTTP Request: GET https://blogs.oracle.com/oem/enterprise-manager-134-ru6-on-oracle-linux-8-in-an-ha-configuration-in-just-a-few-clicks "HTTP/1.1 403 Forbidden"
worker-4  | INFO httpx HTTP Request: GET https://github.com/microsoft/TypeScript/pull/14141 "HTTP/1.1 200 OK"
worker-4  | INFO httpx HTTP Request: GET https://github.com/microsoft/TypeScript-Website/blob/v2/packages/documentation/copy/en/reference/Utility%20Types.md "HTTP/1.1 200 OK"
worker-4  | INFO httpx HTTP Request: GET https://devblogs.microsoft.com/typescript/announcing-typescript-5-0 "HTTP/1.1 301 Moved Permanently"
worker-1  | INFO httpx HTTP Request: GET https://pkg.go.dev/crypto/ecdh@go1.26.3 "HTTP/1.1 200 OK"
worker-1  | INFO httpx HTTP Request: GET https://pkg.go.dev/crypto/ecdsa@go1.26.3 "HTTP/1.1 200 OK"
worker-1  | INFO httpx HTTP Request: GET https://pkg.go.dev/crypto/ed25519@go1.26.3 "HTTP/1.1 200 OK"
worker-2  | INFO httpx HTTP Request: GET https://docs.oracle.com/en/enterprise-manager/cloud-control/enterprise-manager-cloud-control/24.1/index.html "HTTP/1.1 200 OK"
worker-2  | INFO httpx HTTP Request: GET https://docs.oracle.com/en/enterprise-manager/cloud-control/enterprise-manager-cloud-control/13.5/index.html "HTTP/1.1 200 OK"
worker-3  | INFO httpx HTTP Request: GET https://github.com/rust-lang/book/tree/main/ci "HTTP/1.1 200 OK"
worker-2  | INFO httpx HTTP Request: GET https://docs.oracle.com/en/enterprise-manager/cloud-control/enterprise-manager-cloud-control/13.4/index.html "HTTP/1.1 200 OK"
worker-3  | INFO httpx HTTP Request: GET https://github.com/rust-lang/book/tree/main/dot "HTTP/1.1 200 OK"
worker-4  | INFO httpx HTTP Request: GET https://devblogs.microsoft.com/typescript/announcing-typescript-5-0/ "HTTP/1.1 200 OK"
worker-1  | INFO httpx HTTP Request: GET https://pkg.go.dev/crypto/elliptic@go1.26.3 "HTTP/1.1 200 OK"
worker-1  | INFO httpx HTTP Request: GET https://pkg.go.dev/crypto/fips140@go1.26.3 "HTTP/1.1 200 OK"
worker-1  | INFO httpx HTTP Request: GET https://pkg.go.dev/crypto/hkdf@go1.26.3 "HTTP/1.1 200 OK"
worker-1  | INFO httpx HTTP Request: GET https://pkg.go.dev/crypto/hmac@go1.26.3 "HTTP/1.1 200 OK"
worker-3  | INFO httpx HTTP Request: GET https://github.com/rust-lang/book/tree/main/first-edition "HTTP/1.1 200 OK"
worker-1  | INFO httpx HTTP Request: GET https://pkg.go.dev/crypto/hpke@go1.26.3 "HTTP/1.1 200 OK"
worker-1  | INFO httpx HTTP Request: GET https://pkg.go.dev/crypto/internal/boring@go1.26.3 "HTTP/1.1 200 OK"
worker-1  | INFO httpx HTTP Request: GET https://pkg.go.dev/crypto/internal/boring/bbig@go1.26.3 "HTTP/1.1 200 OK"
worker-1  | INFO httpx HTTP Request: GET https://pkg.go.dev/crypto/internal/boring/bcache@go1.26.3 "HTTP/1.1 200 OK"
worker-3  | INFO httpx HTTP Request: GET https://github.com/rust-lang/book/tree/main/listings "HTTP/1.1 200 OK"
worker-4  | INFO httpx HTTP Request: GET https://saul-mirone.github.io/a-complete-guide-to-typescript-decorator "HTTP/1.1 301 Moved Permanently"
worker-3  | INFO httpx HTTP Request: GET https://github.com/rust-lang/book/tree/main/nostarch "HTTP/1.1 200 OK"
worker-4  | INFO httpx HTTP Request: GET https://mirone.me/a-complete-guide-to-typescript-decorator "HTTP/1.1 301 Moved Permanently"
worker-2  | INFO httpx HTTP Request: GET https://docs.oracle.com/cd/cloud-control-13.3/index.htm "HTTP/1.1 200 OK"
worker-1  | INFO httpx HTTP Request: GET https://pkg.go.dev/crypto/internal/boring/sig@go1.26.3 "HTTP/1.1 200 OK"
worker-1  | INFO httpx HTTP Request: GET https://pkg.go.dev/crypto/internal/constanttime@go1.26.3 "HTTP/1.1 200 OK"
worker-2  | INFO httpx HTTP Request: GET https://www.oracle.com/pls/topic/lookup?ctx=en/enterprise-manager&id=EMADB-GUID-82723319-9AFE-4936-98CA-BD3EB13DC3E9 "HTTP/1.1 403 Forbidden"
worker-2  | INFO httpx HTTP Request: GET https://www.youtube.com/watch?v=CzigVrecxqA "HTTP/1.1 200 OK"
worker-2  | INFO httpx HTTP Request: GET https://www.youtube.com/watch?v=FtuQcIU3y0E "HTTP/1.1 200 OK"
worker-2  | INFO httpx HTTP Request: GET https://docs.oracle.com/en/enterprise-manager/cloud-control/enterprise-manager-cloud-control/24.1/engineered.html "HTTP/1.1 200 OK"
worker-1  | INFO httpx HTTP Request: GET https://pkg.go.dev/crypto/internal/cryptotest@go1.26.3 "HTTP/1.1 200 OK"
worker-1  | INFO httpx HTTP Request: GET https://pkg.go.dev/crypto/internal/entropy@go1.26.3 "HTTP/1.1 200 OK"
worker-1  | INFO httpx HTTP Request: GET https://pkg.go.dev/crypto/internal/entropy/v1.0.0@go1.26.3 "HTTP/1.1 200 OK"
worker-1  | INFO httpx HTTP Request: GET https://pkg.go.dev/crypto/internal/fips140@go1.26.3 "HTTP/1.1 200 OK"
worker-2  | INFO httpx HTTP Request: GET https://youtu.be/5S0mIx6cegE "HTTP/1.1 303 See Other"
worker-1  | INFO httpx HTTP Request: GET https://pkg.go.dev/crypto/internal/fips140/aes@go1.26.3 "HTTP/1.1 200 OK"
worker-4  | INFO httpx HTTP Request: GET https://mirone.me/a-complete-guide-to-typescript-decorator/ "HTTP/1.1 200 OK"
worker-4  | INFO httpx HTTP Request: GET https://wikipedia.org/wiki/Function_composition "HTTP/1.1 403 Forbidden"
worker-4  | INFO httpx HTTP Request: GET https://github.com/rbuckton/ReflectDecorators "HTTP/1.1 301 Moved Permanently"
worker-4  | INFO httpx HTTP Request: GET https://github.com/microsoft/reflect-metadata "HTTP/1.1 200 OK"
worker-1  | INFO httpx HTTP Request: GET https://pkg.go.dev/crypto/internal/fips140/aes/gcm@go1.26.3 "HTTP/1.1 200 OK"
worker-1  | INFO httpx HTTP Request: GET https://pkg.go.dev/crypto/internal/fips140/alias@go1.26.3 "HTTP/1.1 200 OK"
worker-4  | INFO httpx HTTP Request: GET https://github.com/microsoft/TypeScript-Website/blob/v2/packages/documentation/copy/en/reference/Decorators.md "HTTP/1.1 200 OK"
worker-4  | INFO httpx HTTP Request: GET https://github.com/Microsoft/TypeScript/issues/14080 "HTTP/1.1 200 OK"
worker-4  | INFO httpx HTTP Request: GET https://github.com/microsoft/TypeScript-Website/blob/v2/packages/documentation/copy/en/reference/Declaration%20Merging.md "HTTP/1.1 200 OK"
worker-4  | INFO httpx HTTP Request: GET https://github.com/microsoft/TypeScript/issues/5219 "HTTP/1.1 200 OK"
worker-4  | INFO httpx HTTP Request: GET https://github.com/microsoft/TypeScript/issues/40344 "HTTP/1.1 200 OK"
worker-4  | INFO httpx HTTP Request: GET https://typescript-eslint.io/linting/troubleshooting "HTTP/1.1 301 Moved Permanently"
worker-4  | INFO httpx HTTP Request: GET https://typescript-eslint.io/linting/troubleshooting/ "HTTP/1.1 200 OK"
worker-4  | INFO httpx HTTP Request: GET https://github.com/microsoft/TypeScript/pull/5422 "HTTP/1.1 200 OK"
worker-3  | INFO httpx HTTP Request: GET https://github.com/rust-lang/book/tree/main/packages "HTTP/1.1 200 OK"
worker-3  | INFO httpx HTTP Request: GET https://github.com/rust-lang/book/tree/main/redirects "HTTP/1.1 200 OK"
worker-3  | INFO httpx HTTP Request: GET https://github.com/rust-lang/book/tree/main/second-edition "HTTP/1.1 200 OK"
worker-3  | INFO httpx HTTP Request: GET https://github.com/rust-lang/book/tree/main/theme "HTTP/1.1 200 OK"
worker-2  | INFO httpx HTTP Request: GET https://www.youtube.com/watch?v=5S0mIx6cegE&feature=youtu.be "HTTP/1.1 200 OK"
worker-1  | INFO httpx HTTP Request: GET https://pkg.go.dev/crypto/internal/fips140/bigmod@go1.26.3 "HTTP/1.1 200 OK"
worker-1  | INFO httpx HTTP Request: GET https://pkg.go.dev/crypto/internal/fips140/check@go1.26.3 "HTTP/1.1 200 OK"
worker-4  | INFO httpx HTTP Request: GET https://github.com/microsoft/TypeScript/blob/1a981d1df1810c868a66b3828497f049a944951c/Gulpfile.js "HTTP/1.1 200 OK"
worker-4  | INFO crawliq-worker.jobs process_crawl_job: done job_id=4 summary=completed
worker-4  | INFO rq.worker Successfully completed jobs.process_crawl_job(4) job in 0:05:46.347389s on worker a7d120d5358947808851c9aa6a4a4997
worker-3  | INFO httpx HTTP Request: GET https://github.com/rust-lang/book/tree/main/tools "HTTP/1.1 200 OK"
worker-3  | INFO httpx HTTP Request: GET https://github.com/rust-lang/book/blob/main/.git-blame-ignore-revs "HTTP/1.1 200 OK"
worker-3  | INFO httpx HTTP Request: GET https://github.com/rust-lang/book/blob/main/.gitattributes "HTTP/1.1 200 OK"
worker-4  | INFO rq.worker default: Job OK (68e66109-b133-4695-ac1a-e266034d4bf9)
worker-4  | INFO rq.worker Result is kept for 500 seconds
worker-2  | INFO httpx HTTP Request: GET https://www.oracle.com/database/technologies/high-availability/em-maa.html "HTTP/1.1 403 Forbidden"
worker-2  | INFO httpx HTTP Request: GET https://www.oracle.com/manageability "HTTP/1.1 403 Forbidden"
worker-1  | INFO httpx HTTP Request: GET https://pkg.go.dev/crypto/internal/fips140/check/checktest@go1.26.3 "HTTP/1.1 200 OK"
worker-3  | INFO httpx HTTP Request: GET https://github.com/rust-lang/book/blob/main/.gitignore "HTTP/1.1 200 OK"
worker-2  | INFO httpx HTTP Request: GET https://www.oracle.com/pls/topic/lookup?ctx=en/enterprise-manager&id=EMMWB-GUID-51363BBB-775F-4379-AD25-D37DB0C3CFE3 "HTTP/1.1 403 Forbidden"
worker-2  | INFO httpx HTTP Request: GET https://www.oracle.com/pls/topic/lookup?ctx=en/enterprise-manager&id=EMMWB-GUID-4436114F-D51C-4BD5-B518-7F1105867FB7 "HTTP/1.1 403 Forbidden"
worker-4  | INFO rq.worker Cleaning registries for queue: default
worker-4  | INFO rq.worker Cleaning registries for queue: default
worker-3  | INFO httpx HTTP Request: GET https://github.com/rust-lang/book/blob/main/ADMIN_TASKS.md "HTTP/1.1 200 OK"
worker-3  | INFO httpx HTTP Request: GET https://github.com/rust-lang/book/blob/main/CONTRIBUTING.md "HTTP/1.1 200 OK"
worker-3  | INFO httpx HTTP Request: GET https://github.com/rust-lang/book/blob/main/COPYRIGHT "HTTP/1.1 200 OK"
worker-2  | INFO httpx HTTP Request: GET https://www.oracle.com/pls/topic/lookup?ctx=en/enterprise-manager&id=EMMWB-GUID-127E5AA1-AF7F-4779-83E9-A9B675D91718 "HTTP/1.1 403 Forbidden"
worker-3  | INFO httpx HTTP Request: GET https://github.com/rust-lang/book/blob/main/Cargo.lock "HTTP/1.1 200 OK"
worker-3  | INFO httpx HTTP Request: GET https://github.com/rust-lang/book/blob/main/Cargo.toml "HTTP/1.1 200 OK"
worker-3  | INFO httpx HTTP Request: GET https://github.com/rust-lang/book/blob/main/LICENSE-APACHE "HTTP/1.1 200 OK"
worker-3  | INFO httpx HTTP Request: GET https://github.com/rust-lang/book/blob/main/LICENSE-MIT "HTTP/1.1 200 OK"
worker-3  | INFO httpx HTTP Request: GET https://github.com/rust-lang/book/blob/main/README.md "HTTP/1.1 200 OK"
worker-3  | INFO httpx HTTP Request: GET https://github.com/rust-lang/book/blob/main/TODO.md "HTTP/1.1 200 OK"
worker-2  | INFO httpx HTTP Request: GET https://blogs.oracle.com/observability/category/oem-enterprise-manager "HTTP/1.1 403 Forbidden"
worker-2  | INFO httpx HTTP Request: GET https://www.oracle.com/pls/topic/lookup?ctx=en/enterprise-manager&id=EMCAB "HTTP/1.1 403 Forbidden"
worker-3  | INFO httpx HTTP Request: GET https://github.com/rust-lang/book/blob/main/book.toml "HTTP/1.1 200 OK"
worker-3  | INFO httpx HTTP Request: GET https://github.com/rust-lang/book/blob/main/dprint.jsonc "HTTP/1.1 200 OK"
worker-3  | INFO httpx HTTP Request: GET https://github.com/rust-lang/book/blob/main/ferris.css "HTTP/1.1 200 OK"
worker-1  | INFO httpx HTTP Request: GET https://pkg.go.dev/crypto/internal/fips140/drbg@go1.26.3 "HTTP/1.1 200 OK"
worker-1  | INFO httpx HTTP Request: GET https://pkg.go.dev/crypto/internal/fips140/ecdh@go1.26.3 "HTTP/1.1 200 OK"
worker-1  | INFO httpx HTTP Request: GET https://pkg.go.dev/crypto/internal/fips140/ecdsa@go1.26.3 "HTTP/1.1 200 OK"
worker-3  | INFO httpx HTTP Request: GET https://github.com/rust-lang/book/blob/main/ferris.js "HTTP/1.1 200 OK"
worker-3  | INFO httpx HTTP Request: GET https://github.com/rust-lang/book/blob/main/rust-toolchain "HTTP/1.1 200 OK"
worker-3  | INFO httpx HTTP Request: GET https://github.com/rust-lang/book/blob/main/rustfmt.toml "HTTP/1.1 200 OK"
worker-3  | INFO httpx HTTP Request: GET https://github.com/rust-lang/book/blob/main/style-guide.md "HTTP/1.1 200 OK"
worker-3  | INFO httpx HTTP Request: GET https://github.com/rust-lang/book/workflows/CI/badge.svg "HTTP/1.1 200 OK"
worker-3  | INFO httpx HTTP Request: GET https://nostarch.com/rust-programming-language-2nd-edition "HTTP/1.1 403 Forbidden"
