worker-4  | INFO crawliq-worker Starting RQ worker (CRAWL_DEFAULT_MAX_PAGES=100 CRAWL_DEFAULT_MAX_DEPTH=2)
worker-4  | INFO crawliq-worker Redis OK at redis://redis:6379/0
worker-4  | INFO crawliq-worker Listening on queue 'default'; jobs: jobs.ping_job, jobs.process_crawl_job
worker-4  | INFO rq.worker Worker rq:worker:a7d120d5358947808851c9aa6a4a4997 started with PID 1, version 2.1.0
worker-4  | INFO rq.worker Subscribing to channel rq:pubsub:a7d120d5358947808851c9aa6a4a4997
worker-4  | INFO rq.worker *** Listening on default...
worker-4  | INFO rq.worker Cleaning registries for queue: default
worker-4  | INFO rq.worker default: jobs.process_crawl_job(4) (68e66109-b133-4695-ac1a-e266034d4bf9)
worker-4  | INFO httpx HTTP Request: GET https://www.typescriptlang.org/docs/handbook/intro.html "HTTP/1.1 200 OK"
worker-4  | INFO httpx HTTP Request: GET https://www.typescriptlang.org/ "HTTP/1.1 200 OK"
worker-4  | INFO httpx HTTP Request: GET https://www.typescriptlang.org/download "HTTP/1.1 301 Moved Permanently"
worker-4  | INFO httpx HTTP Request: GET https://www.typescriptlang.org/download/ "HTTP/1.1 200 OK"
worker-4  | INFO httpx HTTP Request: GET https://www.typescriptlang.org/docs "HTTP/1.1 301 Moved Permanently"
worker-4  | INFO httpx HTTP Request: GET https://www.typescriptlang.org/docs/ "HTTP/1.1 200 OK"
worker-4  | INFO httpx HTTP Request: GET https://www.typescriptlang.org/community "HTTP/1.1 301 Moved Permanently"
worker-4  | INFO httpx HTTP Request: GET https://www.typescriptlang.org/community/ "HTTP/1.1 200 OK"
worker-4  | INFO httpx HTTP Request: GET https://www.typescriptlang.org/play "HTTP/1.1 301 Moved Permanently"
worker-4  | INFO httpx HTTP Request: GET https://www.typescriptlang.org/play/ "HTTP/1.1 200 OK"
worker-4  | INFO httpx HTTP Request: GET https://www.typescriptlang.org/tools "HTTP/1.1 301 Moved Permanently"
worker-4  | INFO httpx HTTP Request: GET https://www.typescriptlang.org/tools/ "HTTP/1.1 200 OK"
worker-4  | INFO httpx HTTP Request: GET https://www.typescriptlang.org/docs/handbook/typescript-from-scratch.html "HTTP/1.1 200 OK"
worker-4  | INFO httpx HTTP Request: GET https://www.typescriptlang.org/docs/handbook/typescript-in-5-minutes.html "HTTP/1.1 200 OK"
worker-4  | INFO httpx HTTP Request: GET https://www.typescriptlang.org/docs/handbook/typescript-in-5-minutes-oop.html "HTTP/1.1 200 OK"
worker-4  | INFO httpx HTTP Request: GET https://www.typescriptlang.org/docs/handbook/typescript-in-5-minutes-func.html "HTTP/1.1 200 OK"
worker-4  | INFO httpx HTTP Request: GET https://www.typescriptlang.org/docs/handbook/typescript-tooling-in-5-minutes.html "HTTP/1.1 200 OK"
worker-4  | INFO httpx HTTP Request: GET https://www.typescriptlang.org/docs/handbook/2/basic-types.html "HTTP/1.1 200 OK"
worker-4  | INFO httpx HTTP Request: GET https://www.typescriptlang.org/docs/handbook/2/everyday-types.html "HTTP/1.1 200 OK"
worker-4  | INFO httpx HTTP Request: GET https://www.typescriptlang.org/docs/handbook/2/narrowing.html "HTTP/1.1 200 OK"
worker-4  | INFO httpx HTTP Request: GET https://www.typescriptlang.org/docs/handbook/2/functions.html "HTTP/1.1 200 OK"
worker-4  | INFO httpx HTTP Request: GET https://www.typescriptlang.org/docs/handbook/2/objects.html "HTTP/1.1 200 OK"
worker-4  | INFO httpx HTTP Request: GET https://www.typescriptlang.org/docs/handbook/2/types-from-types.html "HTTP/1.1 200 OK"
worker-4  | INFO httpx HTTP Request: GET https://www.typescriptlang.org/docs/handbook/2/generics.html "HTTP/1.1 200 OK"
worker-4  | INFO httpx HTTP Request: GET https://www.typescriptlang.org/docs/handbook/2/keyof-types.html "HTTP/1.1 200 OK"
worker-4  | INFO httpx HTTP Request: GET https://www.typescriptlang.org/docs/handbook/2/typeof-types.html "HTTP/1.1 200 OK"
worker-4  | INFO httpx HTTP Request: GET https://www.typescriptlang.org/docs/handbook/2/indexed-access-types.html "HTTP/1.1 200 OK"
worker-4  | INFO httpx HTTP Request: GET https://www.typescriptlang.org/docs/handbook/2/conditional-types.html "HTTP/1.1 200 OK"
worker-4  | INFO httpx HTTP Request: GET https://www.typescriptlang.org/docs/handbook/2/mapped-types.html "HTTP/1.1 200 OK"
worker-4  | INFO httpx HTTP Request: GET https://www.typescriptlang.org/docs/handbook/2/template-literal-types.html "HTTP/1.1 200 OK"
worker-4  | INFO httpx HTTP Request: GET https://www.typescriptlang.org/docs/handbook/2/classes.html "HTTP/1.1 200 OK"
worker-4  | INFO httpx HTTP Request: GET https://www.typescriptlang.org/docs/handbook/2/modules.html "HTTP/1.1 200 OK"
worker-4  | INFO httpx HTTP Request: GET https://www.typescriptlang.org/docs/handbook/utility-types.html "HTTP/1.1 200 OK"
worker-4  | INFO httpx HTTP Request: GET https://www.typescriptlang.org/cheatsheets "HTTP/1.1 301 Moved Permanently"
worker-4  | INFO httpx HTTP Request: GET https://www.typescriptlang.org/cheatsheets/ "HTTP/1.1 200 OK"
worker-4  | INFO httpx HTTP Request: GET https://www.typescriptlang.org/docs/handbook/decorators.html "HTTP/1.1 200 OK"
worker-4  | INFO httpx HTTP Request: GET https://www.typescriptlang.org/docs/handbook/declaration-merging.html "HTTP/1.1 200 OK"
worker-4  | INFO httpx HTTP Request: GET https://www.typescriptlang.org/docs/handbook/enums.html "HTTP/1.1 200 OK"
worker-4  | INFO httpx HTTP Request: GET https://www.typescriptlang.org/docs/handbook/iterators-and-generators.html "HTTP/1.1 200 OK"
worker-4  | INFO httpx HTTP Request: GET https://www.typescriptlang.org/docs/handbook/jsx.html "HTTP/1.1 200 OK"
worker-4  | INFO httpx HTTP Request: GET https://www.typescriptlang.org/docs/handbook/mixins.html "HTTP/1.1 200 OK"
worker-4  | INFO httpx HTTP Request: GET https://www.typescriptlang.org/docs/handbook/namespaces.html "HTTP/1.1 200 OK"
worker-4  | INFO httpx HTTP Request: GET https://www.typescriptlang.org/docs/handbook/namespaces-and-modules.html "HTTP/1.1 200 OK"
worker-4  | INFO httpx HTTP Request: GET https://www.typescriptlang.org/docs/handbook/symbols.html "HTTP/1.1 200 OK"
worker-4  | INFO httpx HTTP Request: GET https://www.typescriptlang.org/docs/handbook/triple-slash-directives.html "HTTP/1.1 200 OK"
worker-4  | INFO httpx HTTP Request: GET https://www.typescriptlang.org/docs/handbook/type-compatibility.html "HTTP/1.1 200 OK"
worker-4  | INFO httpx HTTP Request: GET https://www.typescriptlang.org/docs/handbook/type-inference.html "HTTP/1.1 200 OK"
worker-4  | INFO httpx HTTP Request: GET https://www.typescriptlang.org/docs/handbook/variable-declarations.html "HTTP/1.1 200 OK"
worker-4  | INFO httpx HTTP Request: GET https://www.typescriptlang.org/docs/handbook/modules/introduction.html "HTTP/1.1 200 OK"
worker-4  | INFO httpx HTTP Request: GET https://www.typescriptlang.org/docs/handbook/modules/theory.html "HTTP/1.1 200 OK"
worker-4  | INFO httpx HTTP Request: GET https://www.typescriptlang.org/docs/handbook/modules/guides/choosing-compiler-options.html "HTTP/1.1 200 OK"
worker-4  | INFO httpx HTTP Request: GET https://www.typescriptlang.org/docs/handbook/modules/reference.html "HTTP/1.1 200 OK"
worker-4  | INFO httpx HTTP Request: GET https://www.typescriptlang.org/docs/handbook/modules/appendices/esm-cjs-interop.html "HTTP/1.1 200 OK"
worker-4  | INFO httpx HTTP Request: GET https://www.typescriptlang.org/docs/handbook/asp-net-core.html "HTTP/1.1 200 OK"
worker-4  | INFO httpx HTTP Request: GET https://www.typescriptlang.org/docs/handbook/gulp.html "HTTP/1.1 200 OK"
worker-4  | INFO httpx HTTP Request: GET https://www.typescriptlang.org/docs/handbook/dom-manipulation.html "HTTP/1.1 200 OK"
worker-4  | INFO httpx HTTP Request: GET https://www.typescriptlang.org/docs/handbook/migrating-from-javascript.html "HTTP/1.1 200 OK"
worker-4  | INFO httpx HTTP Request: GET https://www.typescriptlang.org/docs/handbook/babel-with-typescript.html "HTTP/1.1 200 OK"
worker-4  | INFO httpx HTTP Request: GET https://www.typescriptlang.org/docs/handbook/release-notes/typescript-6-0.html "HTTP/1.1 200 OK"
worker-4  | INFO httpx HTTP Request: GET https://www.typescriptlang.org/docs/handbook/release-notes/typescript-5-9.html "HTTP/1.1 200 OK"
worker-4  | INFO httpx HTTP Request: GET https://www.typescriptlang.org/docs/handbook/release-notes/typescript-5-8.html "HTTP/1.1 200 OK"
worker-4  | INFO httpx HTTP Request: GET https://www.typescriptlang.org/docs/handbook/release-notes/typescript-5-7.html "HTTP/1.1 200 OK"
worker-4  | INFO httpx HTTP Request: GET https://www.typescriptlang.org/docs/handbook/release-notes/typescript-5-6.html "HTTP/1.1 200 OK"
worker-4  | INFO httpx HTTP Request: GET https://www.typescriptlang.org/docs/handbook/release-notes/typescript-5-5.html "HTTP/1.1 200 OK"
worker-4  | INFO httpx HTTP Request: GET https://www.typescriptlang.org/docs/handbook/release-notes/typescript-5-4.html "HTTP/1.1 200 OK"
worker-4  | INFO httpx HTTP Request: GET https://www.typescriptlang.org/docs/handbook/release-notes/typescript-5-3.html "HTTP/1.1 200 OK"
worker-4  | INFO httpx HTTP Request: GET https://www.typescriptlang.org/docs/handbook/release-notes/typescript-5-2.html "HTTP/1.1 200 OK"
worker-4  | INFO httpx HTTP Request: GET https://www.typescriptlang.org/docs/handbook/release-notes/typescript-5-1.html "HTTP/1.1 200 OK"
worker-4  | INFO httpx HTTP Request: GET https://www.typescriptlang.org/docs/handbook/release-notes/typescript-5-0.html "HTTP/1.1 200 OK"
worker-4  | INFO httpx HTTP Request: GET https://www.typescriptlang.org/docs/handbook/release-notes/typescript-4-9.html "HTTP/1.1 200 OK"
worker-4  | INFO httpx HTTP Request: GET https://www.typescriptlang.org/docs/handbook/release-notes/typescript-4-8.html "HTTP/1.1 200 OK"
worker-4  | INFO httpx HTTP Request: GET https://www.typescriptlang.org/docs/handbook/release-notes/typescript-4-7.html "HTTP/1.1 200 OK"
worker-4  | INFO httpx HTTP Request: GET https://www.typescriptlang.org/docs/handbook/release-notes/typescript-4-6.html "HTTP/1.1 200 OK"
worker-4  | INFO httpx HTTP Request: GET https://www.typescriptlang.org/docs/handbook/release-notes/typescript-4-5.html "HTTP/1.1 200 OK"
worker-4  | INFO httpx HTTP Request: GET https://www.typescriptlang.org/docs/handbook/release-notes/typescript-4-4.html "HTTP/1.1 200 OK"
worker-4  | INFO httpx HTTP Request: GET https://www.typescriptlang.org/docs/handbook/release-notes/typescript-4-3.html "HTTP/1.1 200 OK"
worker-4  | INFO httpx HTTP Request: GET https://www.typescriptlang.org/docs/handbook/release-notes/typescript-4-2.html "HTTP/1.1 200 OK"
worker-4  | INFO httpx HTTP Request: GET https://www.typescriptlang.org/docs/handbook/release-notes/typescript-4-1.html "HTTP/1.1 200 OK"
worker-4  | INFO httpx HTTP Request: GET https://www.typescriptlang.org/docs/handbook/release-notes/typescript-4-0.html "HTTP/1.1 200 OK"
worker-4  | INFO httpx HTTP Request: GET https://www.typescriptlang.org/docs/handbook/release-notes/typescript-3-9.html "HTTP/1.1 200 OK"
worker-4  | INFO httpx HTTP Request: GET https://www.typescriptlang.org/docs/handbook/release-notes/typescript-3-8.html "HTTP/1.1 200 OK"
worker-4  | INFO httpx HTTP Request: GET https://www.typescriptlang.org/docs/handbook/release-notes/typescript-3-7.html "HTTP/1.1 200 OK"
worker-4  | INFO httpx HTTP Request: GET https://www.typescriptlang.org/docs/handbook/release-notes/typescript-3-6.html "HTTP/1.1 200 OK"
worker-4  | INFO httpx HTTP Request: GET https://www.typescriptlang.org/docs/handbook/release-notes/typescript-3-5.html "HTTP/1.1 200 OK"
worker-4  | INFO httpx HTTP Request: GET https://www.typescriptlang.org/docs/handbook/release-notes/typescript-3-4.html "HTTP/1.1 200 OK"
worker-4  | INFO httpx HTTP Request: GET https://www.typescriptlang.org/docs/handbook/release-notes/typescript-3-3.html "HTTP/1.1 200 OK"
worker-4  | INFO httpx HTTP Request: GET https://www.typescriptlang.org/docs/handbook/release-notes/typescript-3-2.html "HTTP/1.1 200 OK"
worker-4  | INFO httpx HTTP Request: GET https://www.typescriptlang.org/docs/handbook/release-notes/typescript-3-1.html "HTTP/1.1 200 OK"
worker-4  | INFO httpx HTTP Request: GET https://www.typescriptlang.org/docs/handbook/release-notes/typescript-3-0.html "HTTP/1.1 200 OK"
worker-4  | INFO httpx HTTP Request: GET https://www.typescriptlang.org/docs/handbook/release-notes/typescript-2-9.html "HTTP/1.1 200 OK"
worker-4  | INFO httpx HTTP Request: GET https://www.typescriptlang.org/docs/handbook/release-notes/typescript-2-8.html "HTTP/1.1 200 OK"
worker-4  | INFO httpx HTTP Request: GET https://www.typescriptlang.org/docs/handbook/release-notes/typescript-2-7.html "HTTP/1.1 200 OK"
worker-4  | INFO httpx HTTP Request: GET https://www.typescriptlang.org/docs/handbook/release-notes/typescript-2-6.html "HTTP/1.1 200 OK"
worker-4  | INFO httpx HTTP Request: GET https://www.typescriptlang.org/docs/handbook/release-notes/typescript-2-5.html "HTTP/1.1 200 OK"
worker-4  | INFO httpx HTTP Request: GET https://www.typescriptlang.org/docs/handbook/release-notes/typescript-2-4.html "HTTP/1.1 200 OK"
worker-4  | INFO httpx HTTP Request: GET https://www.typescriptlang.org/docs/handbook/release-notes/typescript-2-3.html "HTTP/1.1 200 OK"
worker-4  | INFO httpx HTTP Request: GET https://www.typescriptlang.org/docs/handbook/release-notes/typescript-2-2.html "HTTP/1.1 200 OK"
worker-4  | INFO httpx HTTP Request: GET https://www.typescriptlang.org/docs/handbook/release-notes/typescript-2-1.html "HTTP/1.1 200 OK"
worker-4  | INFO httpx HTTP Request: GET https://www.typescriptlang.org/docs/handbook/release-notes/typescript-2-0.html "HTTP/1.1 200 OK"
worker-4  | INFO httpx HTTP Request: GET https://www.typescriptlang.org/docs/handbook/release-notes/typescript-1-8.html "HTTP/1.1 200 OK"
worker-4  | INFO httpx HTTP Request: GET https://www.typescriptlang.org/docs/handbook/release-notes/typescript-1-7.html "HTTP/1.1 200 OK"
worker-4  | INFO httpx HTTP Request: GET https://www.typescriptlang.org/docs/handbook/release-notes/typescript-1-6.html "HTTP/1.1 200 OK"
worker-4  | INFO httpx HTTP Request: GET https://www.typescriptlang.org/docs/handbook/release-notes/typescript-1-5.html "HTTP/1.1 200 OK"
worker-4  | INFO httpx HTTP Request: GET https://www.typescriptlang.org/docs/handbook/release-notes/typescript-1-4.html "HTTP/1.1 200 OK"
worker-4  | INFO httpx HTTP Request: GET https://www.typescriptlang.org/docs/handbook/release-notes/typescript-1-3.html "HTTP/1.1 200 OK"
worker-4  | INFO httpx HTTP Request: GET https://www.typescriptlang.org/docs/handbook/release-notes/typescript-1-1.html "HTTP/1.1 200 OK"
worker-4  | INFO httpx HTTP Request: GET https://www.typescriptlang.org/docs/handbook/declaration-files/introduction.html "HTTP/1.1 200 OK"
worker-4  | INFO httpx HTTP Request: GET https://www.typescriptlang.org/docs/handbook/declaration-files/by-example.html "HTTP/1.1 200 OK"
worker-4  | INFO httpx HTTP Request: GET https://www.typescriptlang.org/docs/handbook/declaration-files/library-structures.html "HTTP/1.1 200 OK"
worker-4  | INFO httpx HTTP Request: GET https://www.typescriptlang.org/docs/handbook/declaration-files/templates/module-d-ts.html "HTTP/1.1 200 OK"
worker-4  | INFO httpx HTTP Request: GET https://www.typescriptlang.org/docs/handbook/declaration-files/templates/module-plugin-d-ts.html "HTTP/1.1 200 OK"
worker-4  | INFO httpx HTTP Request: GET https://www.typescriptlang.org/docs/handbook/declaration-files/templates/module-class-d-ts.html "HTTP/1.1 200 OK"
worker-4  | INFO httpx HTTP Request: GET https://www.typescriptlang.org/docs/handbook/declaration-files/templates/module-function-d-ts.html "HTTP/1.1 200 OK"
worker-4  | INFO httpx HTTP Request: GET https://www.typescriptlang.org/docs/handbook/declaration-files/templates/global-d-ts.html "HTTP/1.1 200 OK"
worker-4  | INFO httpx HTTP Request: GET https://www.typescriptlang.org/docs/handbook/declaration-files/templates/global-modifying-module-d-ts.html "HTTP/1.1 200 OK"
worker-4  | INFO httpx HTTP Request: GET https://www.typescriptlang.org/docs/handbook/declaration-files/do-s-and-don-ts.html "HTTP/1.1 200 OK"
worker-4  | INFO httpx HTTP Request: GET https://www.typescriptlang.org/docs/handbook/declaration-files/deep-dive.html "HTTP/1.1 200 OK"
worker-4  | INFO httpx HTTP Request: GET https://www.typescriptlang.org/docs/handbook/declaration-files/publishing.html "HTTP/1.1 200 OK"
worker-4  | INFO httpx HTTP Request: GET https://www.typescriptlang.org/docs/handbook/declaration-files/consumption.html "HTTP/1.1 200 OK"
worker-4  | INFO httpx HTTP Request: GET https://www.typescriptlang.org/docs/handbook/intro-to-js-ts.html "HTTP/1.1 200 OK"
worker-4  | INFO httpx HTTP Request: GET https://www.typescriptlang.org/docs/handbook/type-checking-javascript-files.html "HTTP/1.1 200 OK"
worker-4  | INFO httpx HTTP Request: GET https://www.typescriptlang.org/docs/handbook/jsdoc-supported-types.html "HTTP/1.1 200 OK"
worker-4  | INFO httpx HTTP Request: GET https://www.typescriptlang.org/docs/handbook/declaration-files/dts-from-js.html "HTTP/1.1 200 OK"
worker-4  | INFO httpx HTTP Request: GET https://www.typescriptlang.org/docs/handbook/tsconfig-json.html "HTTP/1.1 200 OK"
worker-4  | INFO httpx HTTP Request: GET https://www.typescriptlang.org/docs/handbook/compiler-options-in-msbuild.html "HTTP/1.1 200 OK"
worker-4  | INFO httpx HTTP Request: GET https://www.typescriptlang.org/tsconfig "HTTP/1.1 301 Moved Permanently"
worker-4  | INFO httpx HTTP Request: GET https://www.typescriptlang.org/tsconfig/ "HTTP/1.1 200 OK"
worker-4  | INFO httpx HTTP Request: GET https://www.typescriptlang.org/docs/handbook/compiler-options.html "HTTP/1.1 200 OK"
worker-4  | INFO httpx HTTP Request: GET https://www.typescriptlang.org/docs/handbook/project-references.html "HTTP/1.1 200 OK"
worker-4  | INFO httpx HTTP Request: GET https://www.typescriptlang.org/docs/handbook/integrating-with-build-tools.html "HTTP/1.1 200 OK"
worker-4  | INFO httpx HTTP Request: GET https://www.typescriptlang.org/docs/handbook/configuring-watch.html "HTTP/1.1 200 OK"
worker-4  | INFO httpx HTTP Request: GET https://www.typescriptlang.org/docs/handbook/nightly-builds.html "HTTP/1.1 200 OK"
worker-4  | INFO httpx HTTP Request: GET https://developer.microsoft.com/javascript "HTTP/1.1 302 Moved Temporarily"
worker-4  | INFO httpx HTTP Request: GET https://developer.microsoft.com/en-us/javascript "HTTP/1.1 301 Moved Permanently"
worker-4  | INFO httpx HTTP Request: GET https://developer.microsoft.com/en-us/javascript/ "HTTP/1.1 200 OK"
worker-4  | INFO httpx HTTP Request: GET https://developer.mozilla.org/docs/Web/JavaScript/Guide "HTTP/1.1 302 Found"
worker-4  | INFO httpx HTTP Request: GET https://developer.mozilla.org/en-US/docs/Web/JavaScript/Guide "HTTP/1.1 200 OK"
worker-4  | INFO httpx HTTP Request: GET https://github.com/microsoft/TypeScript-Website/blob/v2/packages/documentation/copy/en/handbook-v2/The%20Handbook.md "HTTP/1.1 200 OK"
worker-4  | INFO httpx HTTP Request: GET https://go.microsoft.com/fwlink?LinkId=521839 "HTTP/1.1 302 Moved Temporarily"
worker-4  | INFO httpx HTTP Request: GET https://privacy.microsoft.com/en-us/privacystatement "HTTP/1.1 301 Moved Permanently"
worker-4  | INFO httpx HTTP Request: GET https://www.microsoft.com/en-us/privacy/privacystatement "HTTP/1.1 200 OK"
worker-4  | INFO httpx HTTP Request: GET https://go.microsoft.com/fwlink?LinkID=206977 "HTTP/1.1 302 Moved Temporarily"
worker-4  | INFO httpx HTTP Request: GET https://www.microsoft.com/en-us/legal/terms-of-use "HTTP/1.1 200 OK"
worker-4  | INFO httpx HTTP Request: GET https://www.typescriptlang.org/why-create-typescript "HTTP/1.1 301 Moved Permanently"
worker-4  | INFO httpx HTTP Request: GET https://www.typescriptlang.org/why-create-typescript/ "HTTP/1.1 200 OK"
worker-4  | INFO httpx HTTP Request: GET https://www.typescriptlang.org/branding "HTTP/1.1 301 Moved Permanently"
worker-4  | INFO httpx HTTP Request: GET https://www.typescriptlang.org/branding/ "HTTP/1.1 200 OK"
worker-4  | INFO httpx HTTP Request: GET https://devblogs.microsoft.com/typescript "HTTP/1.1 301 Moved Permanently"
worker-4  | INFO httpx HTTP Request: GET https://devblogs.microsoft.com/typescript/ "HTTP/1.1 200 OK"
worker-4  | INFO httpx HTTP Request: GET https://github.com/microsoft/TypeScript "HTTP/1.1 200 OK"
worker-4  | INFO httpx HTTP Request: GET https://discord.gg/typescript "HTTP/1.1 301 Moved Permanently"
worker-4  | INFO httpx HTTP Request: GET https://discord.com/invite/typescript "HTTP/1.1 200 OK"
worker-4  | INFO httpx HTTP Request: GET https://twitter.com/TypeScript "HTTP/1.1 301 Moved Permanently"
worker-4  | INFO httpx HTTP Request: GET https://x.com/TypeScript "HTTP/1.1 200 OK"
worker-4  | INFO httpx HTTP Request: GET https://fosstodon.org/@TypeScript "HTTP/1.1 200 OK"
worker-4  | INFO httpx HTTP Request: GET https://stackoverflow.com/questions/tagged/typescript "HTTP/1.1 403 Forbidden"
worker-4  | INFO httpx HTTP Request: GET https://github.com/microsoft/TypeScript-Website "HTTP/1.1 200 OK"
worker-4  | INFO httpx HTTP Request: GET https://slack.engineering/typescript-at-slack-a81307fa288d "HTTP/1.1 301 Moved Permanently"
worker-4  | INFO httpx HTTP Request: GET https://slack.engineering/index.php?name=typescript-at-slack "HTTP/1.1 301 Moved Permanently"
worker-4  | INFO httpx HTTP Request: GET https://slack.engineering/typescript-at-slack/ "HTTP/1.1 200 OK"
worker-4  | INFO httpx HTTP Request: GET https://angular.io/ "HTTP/1.1 302 Found"
worker-4  | INFO httpx HTTP Request: GET https://v17.angular.io/ "HTTP/1.1 301 Moved Permanently"
worker-4  | INFO httpx HTTP Request: GET https://angular.dev/ "HTTP/1.1 200 OK"
worker-4  | INFO httpx HTTP Request: GET https://vuejs.org/ "HTTP/1.1 200 OK"
worker-4  | INFO httpx HTTP Request: GET https://jestjs.io/ "HTTP/1.1 200 OK"
worker-4  | INFO httpx HTTP Request: GET https://redux.js.org/ "HTTP/1.1 200 OK"
worker-4  | INFO httpx HTTP Request: GET https://ionicframework.com/ "HTTP/1.1 200 OK"
worker-4  | INFO httpx HTTP Request: GET https://probot.github.io/ "HTTP/1.1 200 OK"
worker-3  | INFO crawliq-worker Starting RQ worker (CRAWL_DEFAULT_MAX_PAGES=100 CRAWL_DEFAULT_MAX_DEPTH=2)
worker-1  | INFO crawliq-worker Starting RQ worker (CRAWL_DEFAULT_MAX_PAGES=100 CRAWL_DEFAULT_MAX_DEPTH=2)
worker-4  | INFO httpx HTTP Request: GET https://deno.land/ "HTTP/1.1 301 Moved Permanently"
worker-4  | INFO httpx HTTP Request: GET https://deno.com/ "HTTP/1.1 200 OK"
worker-4  | INFO httpx HTTP Request: GET https://github.com/vercel/vercel "HTTP/1.1 200 OK"
worker-4  | INFO httpx HTTP Request: GET https://yarnpkg.com/ "HTTP/1.1 200 OK"
worker-4  | INFO httpx HTTP Request: GET https://github.com/desktop/desktop "HTTP/1.1 200 OK"
worker-4  | INFO httpx HTTP Request: GET https://insights.stackoverflow.com/survey/2020 "HTTP/1.1 301 Moved Permanently"
worker-4  | INFO httpx HTTP Request: GET https://survey.stackoverflow.co/2020 "HTTP/1.1 200 OK"
worker-4  | INFO httpx HTTP Request: GET https://2020.stateofjs.com/en-US/technologies/javascript-flavors "HTTP/1.1 301 Moved Permanently"
worker-4  | INFO httpx HTTP Request: GET https://2020.stateofjs.com/en-us/technologies/javascript-flavors/ "HTTP/1.1 200 OK"
worker-4  | INFO httpx HTTP Request: GET https://www.npmjs.com/package/typescript "HTTP/1.1 403 Forbidden"
worker-1  | INFO crawliq-worker Redis OK at redis://redis:6379/0
worker-1  | INFO crawliq-worker Listening on queue 'default'; jobs: jobs.ping_job, jobs.process_crawl_job
worker-1  | INFO rq.worker Worker rq:worker:471446ee1bc040da98d1fefd87d2b83c started with PID 1, version 2.1.0
worker-4  | INFO httpx HTTP Request: GET https://nodejs.org/en "HTTP/1.1 200 OK"
worker-3  | INFO crawliq-worker Redis OK at redis://redis:6379/0
worker-4  | INFO httpx HTTP Request: GET https://www.npmjs.com/ "HTTP/1.1 403 Forbidden"
worker-1  | INFO rq.worker Subscribing to channel rq:pubsub:471446ee1bc040da98d1fefd87d2b83c
worker-1  | INFO rq.worker *** Listening on default...
worker-1  | INFO rq.worker Cleaning registries for queue: default
worker-1  | INFO rq.worker default: jobs.process_crawl_job(5) (623a7c67-fda0-4b41-a26d-a6ee664762af)
worker-1  | INFO httpx HTTP Request: GET https://go.dev/doc/ "HTTP/1.1 200 OK"
worker-1  | INFO httpx HTTP Request: GET https://go.dev/doc/pgo "HTTP/1.1 200 OK"
worker-1  | INFO httpx HTTP Request: GET https://go.dev/pkg "HTTP/1.1 301 Moved Permanently"
worker-1  | INFO httpx HTTP Request: GET https://go.dev/pkg/ "HTTP/1.1 307 Temporary Redirect"
worker-1  | INFO httpx HTTP Request: GET https://pkg.go.dev/std "HTTP/1.1 200 OK"
worker-1  | INFO httpx HTTP Request: GET https://go.dev/doc/cmd "HTTP/1.1 200 OK"
worker-1  | INFO httpx HTTP Request: GET https://go.dev/ref/mod "HTTP/1.1 200 OK"
worker-4  | INFO httpx HTTP Request: GET https://pnpm.js.org/ "HTTP/1.1 200 OK"
worker-1  | INFO httpx HTTP Request: GET https://go.dev/doc/modules/gomod-ref "HTTP/1.1 200 OK"
worker-4  | INFO httpx HTTP Request: GET https://learn.microsoft.com/visualstudio/javascript/tutorial-aspnet-with-typescript "HTTP/1.1 302 Moved Temporarily"
worker-3  | INFO crawliq-worker Listening on queue 'default'; jobs: jobs.ping_job, jobs.process_crawl_job
worker-1  | INFO httpx HTTP Request: GET https://go.dev/ref/mem "HTTP/1.1 200 OK"
worker-1  | INFO httpx HTTP Request: GET https://go.dev/doc/contribute "HTTP/1.1 200 OK"
worker-1  | INFO httpx HTTP Request: GET https://go.dev/doc/devel/release.html "HTTP/1.1 301 Moved Permanently"
worker-1  | INFO httpx HTTP Request: GET https://go.dev/doc/devel/release "HTTP/1.1 200 OK"
worker-1  | INFO httpx HTTP Request: GET https://go.dev/ "HTTP/1.1 200 OK"
worker-1  | INFO httpx HTTP Request: GET https://go.dev/solutions/case-studies "HTTP/1.1 200 OK"
worker-1  | INFO httpx HTTP Request: GET https://go.dev/solutions/use-cases "HTTP/1.1 200 OK"
worker-1  | INFO httpx HTTP Request: GET https://go.dev/security "HTTP/1.1 301 Moved Permanently"
worker-2  | INFO crawliq-worker Starting RQ worker (CRAWL_DEFAULT_MAX_PAGES=100 CRAWL_DEFAULT_MAX_DEPTH=2)
worker-2  | INFO crawliq-worker Redis OK at redis://redis:6379/0
worker-3  | INFO rq.worker Worker rq:worker:c1974eef533d4793b3575406c54bb928 started with PID 1, version 2.1.0
worker-3  | INFO rq.worker Subscribing to channel rq:pubsub:c1974eef533d4793b3575406c54bb928
worker-2  | INFO crawliq-worker Listening on queue 'default'; jobs: jobs.ping_job, jobs.process_crawl_job
worker-2  | INFO rq.worker Worker rq:worker:3086e584fa9747cc8cd5e47163a0a04a started with PID 1, version 2.1.0
worker-2  | INFO rq.worker Subscribing to channel rq:pubsub:3086e584fa9747cc8cd5e47163a0a04a
worker-4  | INFO httpx HTTP Request: GET https://learn.microsoft.com/en-us/visualstudio/javascript/tutorial-aspnet-with-typescript "HTTP/1.1 301 Moved Permanently"
worker-1  | INFO httpx HTTP Request: GET https://go.dev/security/ "HTTP/1.1 301 Moved Permanently"
worker-1  | INFO httpx HTTP Request: GET https://go.dev/doc/security/ "HTTP/1.1 200 OK"
worker-4  | INFO httpx HTTP Request: GET https://learn.microsoft.com/en-us/visualstudio/javascript/tutorial-aspnet-with-typescript?view=visualstudio "HTTP/1.1 200 OK"
worker-4  | INFO httpx HTTP Request: GET https://marketplace.visualstudio.com/items?itemName=TypeScriptTeam.typescript-593 "HTTP/1.1 200 OK"
worker-1  | INFO httpx HTTP Request: GET https://go.dev/learn "HTTP/1.1 301 Moved Permanently"
worker-1  | INFO httpx HTTP Request: GET https://go.dev/learn/ "HTTP/1.1 200 OK"
worker-1  | INFO httpx HTTP Request: GET https://go.dev/ref/spec "HTTP/1.1 200 OK"
worker-1  | INFO httpx HTTP Request: GET https://pkg.go.dev/std "HTTP/1.1 200 OK"
worker-3  | INFO rq.worker *** Listening on default...
worker-2  | INFO rq.worker *** Listening on default...
worker-1  | INFO httpx HTTP Request: GET https://go.dev/doc/devel/release "HTTP/1.1 200 OK"
worker-2  | INFO rq.worker Cleaning registries for queue: default
worker-2  | INFO rq.worker default: jobs.process_crawl_job(7) (af1376d6-996a-401d-9650-3e559a7aa722)
worker-2  | INFO httpx HTTP Request: GET https://docs.oracle.com/en/java/ "HTTP/1.1 200 OK"
worker-2  | INFO httpx HTTP Request: GET https://docs.oracle.com/ "HTTP/1.1 200 OK"
worker-2  | INFO httpx HTTP Request: GET https://docs.oracle.com/en/cloud "HTTP/1.1 302 Moved Temporarily"
worker-3  | INFO rq.worker Cleaning registries for queue: default
worker-3  | INFO rq.worker default: jobs.process_crawl_job(6) (4219a8a0-e888-43ec-8664-958e6b026fd5)
worker-3  | INFO httpx HTTP Request: GET https://doc.rust-lang.org/book/ "HTTP/1.1 200 OK"
worker-4  | INFO httpx HTTP Request: GET https://learn.microsoft.com/visualstudio/ide/finding-and-using-visual-studio-extensions "HTTP/1.1 302 Moved Temporarily"
worker-2  | INFO httpx HTTP Request: GET https://docs.oracle.com/en/cloud/ "HTTP/1.1 200 OK"
worker-4  | INFO httpx HTTP Request: GET https://learn.microsoft.com/en-us/visualstudio/ide/finding-and-using-visual-studio-extensions "HTTP/1.1 301 Moved Permanently"
worker-2  | INFO httpx HTTP Request: GET https://docs.oracle.com/en/applications "HTTP/1.1 302 Moved Temporarily"
worker-2  | INFO httpx HTTP Request: GET https://docs.oracle.com/en/applications/ "HTTP/1.1 200 OK"
worker-4  | INFO httpx HTTP Request: GET https://learn.microsoft.com/en-us/visualstudio/ide/finding-and-using-visual-studio-extensions?view=visualstudio "HTTP/1.1 200 OK"
worker-4  | INFO httpx HTTP Request: GET https://babeljs.io/ "HTTP/1.1 200 OK"
worker-4  | INFO httpx HTTP Request: GET https://babeljs.io/docs/en/babel-preset-typescript "HTTP/1.1 301 Moved Permanently"
worker-4  | INFO httpx HTTP Request: GET https://babeljs.io/docs/babel-preset-typescript "HTTP/1.1 200 OK"
worker-2  | INFO httpx HTTP Request: GET https://docs.oracle.com/en/middleware "HTTP/1.1 302 Moved Temporarily"
worker-3  | INFO httpx HTTP Request: GET https://doc.rust-lang.org/book/print.html "HTTP/1.1 200 OK"
worker-3  | INFO httpx HTTP Request: GET https://github.com/rust-lang/book "HTTP/1.1 200 OK"
worker-1  | INFO httpx HTTP Request: GET https://go.dev/doc/effective_go "HTTP/1.1 200 OK"
worker-1  | INFO httpx HTTP Request: GET https://pkg.go.dev/ "HTTP/1.1 200 OK"
worker-4  | INFO httpx HTTP Request: GET https://swc-project.github.io/docs/installation "HTTP/1.1 301 Moved Permanently"
worker-2  | INFO httpx HTTP Request: GET https://docs.oracle.com/en/middleware/ "HTTP/1.1 200 OK"
worker-2  | INFO httpx HTTP Request: GET https://docs.oracle.com/en/database "HTTP/1.1 302 Moved Temporarily"
worker-2  | INFO httpx HTTP Request: GET https://docs.oracle.com/en/database/ "HTTP/1.1 200 OK"
worker-1  | INFO httpx HTTP Request: GET https://go.dev/talks "HTTP/1.1 301 Moved Permanently"
worker-2  | INFO httpx HTTP Request: GET https://docs.oracle.com/en/bigdata "HTTP/1.1 302 Moved Temporarily"
worker-4  | INFO httpx HTTP Request: GET http://swc.rs/docs/installation "HTTP/1.0 308 Permanent Redirect"
worker-3  | INFO httpx HTTP Request: GET https://doc.rust-lang.org/book/ch01-01-installation.html "HTTP/1.1 200 OK"
worker-3  | INFO httpx HTTP Request: GET https://doc.rust-lang.org/book/appendix-05-editions.html "HTTP/1.1 200 OK"
worker-2  | INFO httpx HTTP Request: GET https://docs.oracle.com/en/bigdata/ "HTTP/1.1 200 OK"
worker-2  | INFO httpx HTTP Request: GET https://docs.oracle.com/en/enterprise-manager "HTTP/1.1 302 Moved Temporarily"
worker-2  | INFO httpx HTTP Request: GET https://docs.oracle.com/en/enterprise-manager/ "HTTP/1.1 200 OK"
worker-1  | INFO httpx HTTP Request: GET https://go.dev/talks/ "HTTP/1.1 200 OK"
worker-1  | INFO httpx HTTP Request: GET https://www.meetup.com/pro/go "HTTP/1.1 308 Moved Permanently"
worker-1  | INFO httpx HTTP Request: GET https://www.meetup.com/pro/go/ "HTTP/1.1 200 OK"
worker-3  | INFO httpx HTTP Request: GET https://doc.rust-lang.org/stable/book "HTTP/1.1 302 Moved Temporarily"
worker-1  | INFO httpx HTTP Request: GET https://go.dev/wiki/Conferences "HTTP/1.1 200 OK"
worker-3  | INFO httpx HTTP Request: GET https://doc.rust-lang.org/doc/stable/book/ "HTTP/1.1 301 Moved Permanently"
worker-1  | INFO httpx HTTP Request: GET https://go.dev/blog "HTTP/1.1 301 Moved Permanently"
worker-3  | INFO httpx HTTP Request: GET https://doc.rust-lang.org/stable/book/ "HTTP/1.1 200 OK"
worker-3  | INFO httpx HTTP Request: GET https://doc.rust-lang.org/book/appendix-06-translation.html "HTTP/1.1 200 OK"
worker-3  | INFO httpx HTTP Request: GET https://nostarch.com/rust-programming-language-3rd-edition "HTTP/1.1 301 Moved Permanently"
worker-3  | INFO httpx HTTP Request: GET https://nostarch.com/rust-programming-language-3e "HTTP/1.1 200 OK"
worker-4  | INFO httpx HTTP Request: GET https://swc.rs/docs/installation "HTTP/1.1 308 Permanent Redirect"
worker-3  | INFO httpx HTTP Request: GET https://rust-book.cs.brown.edu/ "HTTP/1.1 200 OK"
worker-1  | INFO httpx HTTP Request: GET https://go.dev/blog/ "HTTP/1.1 200 OK"
worker-3  | INFO httpx HTTP Request: GET https://doc.rust-lang.org/book/foreword.html "HTTP/1.1 200 OK"
worker-1  | INFO httpx HTTP Request: GET https://go.dev/help "HTTP/1.1 200 OK"
worker-4  | INFO httpx HTTP Request: GET https://swc.rs/docs/getting-started "HTTP/1.1 200 OK"
worker-2  | INFO httpx HTTP Request: GET https://docs.oracle.com/en/engineered-systems "HTTP/1.1 302 Moved Temporarily"
worker-2  | INFO httpx HTTP Request: GET https://docs.oracle.com/en/engineered-systems/ "HTTP/1.1 200 OK"
worker-2  | INFO httpx HTTP Request: GET https://docs.oracle.com/en/java/index.html "HTTP/1.1 200 OK"
worker-2  | INFO httpx HTTP Request: GET https://docs.oracle.com/en/servers "HTTP/1.1 302 Moved Temporarily"
worker-3  | INFO httpx HTTP Request: GET https://nostarch.com/ "HTTP/1.1 200 OK"
worker-3  | INFO httpx HTTP Request: GET https://github.com/rust-lang/book/tree/main/src "HTTP/1.1 200 OK"
worker-4  | INFO httpx HTTP Request: GET https://github.com/alangpierce/sucrase "HTTP/1.1 200 OK"
worker-4  | INFO httpx HTTP Request: GET https://www.typescriptlang.org/docs/handbook/react-&-webpack.html "HTTP/1.1 200 OK"
worker-4  | INFO httpx HTTP Request: GET https://www.typescriptlang.org/static/TypeScript%20Control%20Flow%20Analysis-8a549253ad8470850b77c4c5c351d457.png "HTTP/1.1 200 OK"
worker-4  | INFO httpx HTTP Request: GET https://www.typescriptlang.org/static/TypeScript%20Classes-83cc6f8e42ba2002d5e2c04221fa78f9.png "HTTP/1.1 200 OK"
worker-4  | INFO httpx HTTP Request: GET https://www.typescriptlang.org/static/TypeScript%20Interfaces-34f1ad12132fb463bd1dfe5b85c5b2e6.png "HTTP/1.1 200 OK"
worker-1  | INFO httpx HTTP Request: GET https://groups.google.com/g/golang-nuts "HTTP/1.1 200 OK"
worker-1  | INFO httpx HTTP Request: GET https://github.com/golang "HTTP/1.1 200 OK"
worker-1  | INFO httpx HTTP Request: GET https://bsky.app/profile/golang.org "HTTP/1.1 200 OK"
worker-1  | INFO httpx HTTP Request: GET https://hachyderm.io/@golang "HTTP/1.1 200 OK"
worker-4  | INFO httpx HTTP Request: GET https://www.typescriptlang.org/static/TypeScript%20Types-ae199d69aeecf7d4a2704a528d0fd3f9.png "HTTP/1.1 200 OK"
worker-4  | INFO httpx HTTP Request: GET https://www.typescriptlang.org/assets/typescript-cheat-sheets.zip "HTTP/1.1 200 OK"
worker-4  | INFO httpx HTTP Request: GET https://github.com/microsoft/TypeScript/issues/new/choose "HTTP/1.1 302 Found"
worker-4  | INFO httpx HTTP Request: GET https://github.com/login?return_to=https%3A%2F%2Fgithub.com%2Fmicrosoft%2FTypeScript%2Fissues%2Fnew%2Fchoose "HTTP/1.1 200 OK"
worker-1  | INFO httpx HTTP Request: GET https://twitter.com/golang "HTTP/1.1 301 Moved Permanently"
worker-4  | INFO httpx HTTP Request: GET https://twitter.com/typescript "HTTP/1.1 301 Moved Permanently"
worker-3  | INFO httpx HTTP Request: GET https://forge.rust-lang.org/infra/other-installation-methods.html "HTTP/1.1 200 OK"
worker-4  | INFO httpx HTTP Request: GET https://x.com/typescript "HTTP/1.1 200 OK"
worker-2  | INFO httpx HTTP Request: GET https://docs.oracle.com/en/servers/ "HTTP/1.1 200 OK"
worker-4  | INFO httpx HTTP Request: GET https://github.com/definitelytyped/definitelytyped "HTTP/1.1 200 OK"
worker-4  | INFO httpx HTTP Request: GET https://bostonts.club/ "HTTP/1.1 200 OK"
worker-3  | INFO httpx HTTP Request: GET https://www.rust-lang.org/tools/install "HTTP/1.1 301 Moved Permanently"
worker-3  | INFO httpx HTTP Request: GET https://rust-lang.org/tools/install "HTTP/1.1 301 Moved Permanently"
worker-3  | INFO httpx HTTP Request: GET https://rust-lang.org/tools/install/ "HTTP/1.1 200 OK"
worker-3  | INFO httpx HTTP Request: GET https://rust-lang.github.io/rustup/installation/windows-msvc.html "HTTP/1.1 200 OK"
worker-1  | INFO httpx HTTP Request: GET https://x.com/golang "HTTP/1.1 200 OK"
worker-3  | INFO httpx HTTP Request: GET https://www.rust-lang.org/community "HTTP/1.1 301 Moved Permanently"
worker-2  | INFO httpx HTTP Request: GET https://docs.oracle.com/en/networking "HTTP/1.1 302 Moved Temporarily"
worker-2  | INFO httpx HTTP Request: GET https://docs.oracle.com/en/networking/ "HTTP/1.1 200 OK"
worker-2  | INFO httpx HTTP Request: GET https://docs.oracle.com/en/virtualization "HTTP/1.1 302 Moved Temporarily"
worker-4  | INFO httpx HTTP Request: GET https://www.meetup.com/Hamburg-TypeScript-Meetup-Group "HTTP/1.1 308 Moved Permanently"
worker-4  | INFO httpx HTTP Request: GET https://www.meetup.com/Hamburg-TypeScript-Meetup-Group/ "HTTP/1.1 308 Permanent Redirect"
worker-4  | INFO httpx HTTP Request: GET https://www.meetup.com/hamburg-typescript-meetup-group/ "HTTP/1.1 200 OK"
worker-2  | INFO httpx HTTP Request: GET https://docs.oracle.com/en/virtualization/ "HTTP/1.1 200 OK"
worker-2  | INFO httpx HTTP Request: GET https://docs.oracle.com/en/storage "HTTP/1.1 302 Moved Temporarily"
worker-4  | INFO httpx HTTP Request: GET https://www.meetup.com/typescript-krakow "HTTP/1.1 308 Moved Permanently"
worker-4  | INFO httpx HTTP Request: GET https://www.meetup.com/typescript-krakow/ "HTTP/1.1 200 OK"
worker-4  | INFO httpx HTTP Request: GET https://www.meetup.com/Melbourne-TypeScript-Meetup "HTTP/1.1 308 Moved Permanently"
worker-3  | INFO httpx HTTP Request: GET https://rust-lang.org/community "HTTP/1.1 301 Moved Permanently"
worker-3  | INFO httpx HTTP Request: GET https://rust-lang.org/community/ "HTTP/1.1 200 OK"
worker-4  | INFO httpx HTTP Request: GET https://www.meetup.com/Melbourne-TypeScript-Meetup/ "HTTP/1.1 308 Permanent Redirect"
worker-4  | INFO httpx HTTP Request: GET https://www.meetup.com/melbourne-typescript-meetup/ "HTTP/1.1 200 OK"
worker-4  | INFO httpx HTTP Request: GET https://www.meetup.com/MilanoTS "HTTP/1.1 308 Moved Permanently"
worker-4  | INFO httpx HTTP Request: GET https://www.meetup.com/MilanoTS/ "HTTP/1.1 308 Permanent Redirect"
worker-4  | INFO httpx HTTP Request: GET https://www.meetup.com/milanots/ "HTTP/1.1 200 OK"
worker-4  | INFO httpx HTTP Request: GET https://twitter.com/Milano_TS "HTTP/1.1 301 Moved Permanently"
worker-4  | INFO httpx HTTP Request: GET https://x.com/Milano_TS "HTTP/1.1 200 OK"
worker-3  | INFO httpx HTTP Request: GET https://www.rust-lang.org/tools "HTTP/1.1 301 Moved Permanently"
worker-4  | INFO httpx HTTP Request: GET https://www.meetup.com/seattle-ts "HTTP/1.1 308 Moved Permanently"
worker-4  | INFO httpx HTTP Request: GET https://www.meetup.com/seattle-ts/ "HTTP/1.1 200 OK"
worker-4  | INFO httpx HTTP Request: GET https://www.meetup.com/Sevilla-TypeScript "HTTP/1.1 308 Moved Permanently"
worker-2  | INFO httpx HTTP Request: GET https://docs.oracle.com/en/storage/ "HTTP/1.1 200 OK"
worker-2  | INFO httpx HTTP Request: GET https://docs.oracle.com/en/operating-systems "HTTP/1.1 302 Moved Temporarily"
worker-2  | INFO httpx HTTP Request: GET https://docs.oracle.com/en/operating-systems/ "HTTP/1.1 200 OK"
worker-4  | INFO httpx HTTP Request: GET https://www.meetup.com/Sevilla-TypeScript/ "HTTP/1.1 308 Permanent Redirect"
worker-4  | INFO httpx HTTP Request: GET https://www.meetup.com/sevilla-typescript/ "HTTP/1.1 200 OK"
worker-2  | INFO httpx HTTP Request: GET https://docs.oracle.com/en/industries "HTTP/1.1 302 Moved Temporarily"
worker-4  | INFO httpx HTTP Request: GET https://twitter.com/SVQTypeScript "HTTP/1.1 301 Moved Permanently"
worker-2  | INFO httpx HTTP Request: GET https://docs.oracle.com/en/industries/ "HTTP/1.1 200 OK"
worker-1  | INFO httpx HTTP Request: GET https://www.reddit.com/r/golang "HTTP/1.1 301 Moved Permanently"
worker-4  | INFO httpx HTTP Request: GET https://x.com/SVQTypeScript "HTTP/1.1 200 OK"
worker-1  | INFO httpx HTTP Request: GET https://www.reddit.com/r/golang/ "HTTP/1.1 200 OK"
worker-4  | INFO httpx HTTP Request: GET https://www.meetup.com/San-Francisco-TypeScript-Meetup "HTTP/1.1 308 Moved Permanently"
worker-4  | INFO httpx HTTP Request: GET https://www.meetup.com/San-Francisco-TypeScript-Meetup/ "HTTP/1.1 308 Permanent Redirect"
worker-4  | INFO httpx HTTP Request: GET https://www.meetup.com/san-francisco-typescript-meetup/ "HTTP/1.1 200 OK"
worker-4  | INFO httpx HTTP Request: GET https://www.meetup.com/Sydney-TypeScript "HTTP/1.1 308 Moved Permanently"
worker-1  | INFO httpx HTTP Request: GET https://invite.slack.golangbridge.org/ "HTTP/1.1 301 Moved Permanently"
worker-4  | INFO httpx HTTP Request: GET https://www.meetup.com/Sydney-TypeScript/ "HTTP/1.1 308 Permanent Redirect"
worker-4  | INFO httpx HTTP Request: GET https://www.meetup.com/sydney-typescript/ "HTTP/1.1 200 OK"
worker-4  | INFO httpx HTTP Request: GET https://twitter.com/SydTypeScript "HTTP/1.1 301 Moved Permanently"
worker-4  | INFO httpx HTTP Request: GET https://x.com/SydTypeScript "HTTP/1.1 200 OK"
worker-3  | INFO httpx HTTP Request: GET https://rust-lang.org/tools "HTTP/1.1 301 Moved Permanently"
worker-3  | INFO httpx HTTP Request: GET https://rust-lang.org/tools/ "HTTP/1.1 200 OK"
worker-3  | INFO httpx HTTP Request: GET https://toml.io/ "HTTP/1.1 301 Moved Permanently"
worker-1  | INFO httpx HTTP Request: GET https://join.slack.com/t/gophers/shared_invite/zt-36e17ogh3-ACjB~mD0PE_iRC_RWZd78w "HTTP/1.1 302 Found"
worker-3  | INFO httpx HTTP Request: GET https://toml.io/en "HTTP/1.1 301 Moved Permanently"
worker-2  | INFO httpx HTTP Request: GET https://docs.oracle.com/en/browseall.html "HTTP/1.1 200 OK"
worker-2  | INFO httpx HTTP Request: GET https://docs.oracle.com/index.html "HTTP/1.1 200 OK"
worker-2  | INFO httpx HTTP Request: GET https://www.oracle.com/technetwork/java/javase/documentation "HTTP/1.1 403 Forbidden"
worker-2  | INFO httpx HTTP Request: GET https://www.oracle.com/java/technologies/javase/licensing-user-manual.html "HTTP/1.1 403 Forbidden"
worker-3  | INFO httpx HTTP Request: GET https://toml.io/en/ "HTTP/1.1 200 OK"
worker-1  | INFO httpx HTTP Request: GET https://gophers.slack.com/join/shared_invite/zt-36e17ogh3-ACjB~mD0PE_iRC_RWZd78w "HTTP/1.1 403 Forbidden"
worker-1  | INFO httpx HTTP Request: GET https://stackoverflow.com/tags/go "HTTP/1.1 403 Forbidden"
worker-1  | INFO httpx HTTP Request: GET https://go.dev/doc/install "HTTP/1.1 200 OK"
worker-1  | INFO httpx HTTP Request: GET https://go.dev/doc/tutorial/getting-started.html "HTTP/1.1 301 Moved Permanently"
worker-1  | INFO httpx HTTP Request: GET https://go.dev/doc/tutorial/getting-started "HTTP/1.1 200 OK"
worker-1  | INFO httpx HTTP Request: GET https://go.dev/doc/tutorial/create-module.html "HTTP/1.1 301 Moved Permanently"
worker-1  | INFO httpx HTTP Request: GET https://go.dev/doc/tutorial/create-module "HTTP/1.1 200 OK"
worker-1  | INFO httpx HTTP Request: GET https://go.dev/doc/tutorial/workspaces.html "HTTP/1.1 301 Moved Permanently"
worker-1  | INFO httpx HTTP Request: GET https://go.dev/doc/tutorial/workspaces "HTTP/1.1 200 OK"
worker-1  | INFO httpx HTTP Request: GET https://go.dev/doc/tutorial/web-service-gin.html "HTTP/1.1 301 Moved Permanently"
worker-4  | INFO httpx HTTP Request: GET https://www.meetup.com/NYC-Typescript "HTTP/1.1 308 Moved Permanently"
worker-4  | INFO httpx HTTP Request: GET https://www.meetup.com/NYC-Typescript/ "HTTP/1.1 308 Permanent Redirect"
worker-2  | INFO httpx HTTP Request: GET https://www.oracle.com/pls/topic/lookup?ctx=en/java/javase&id=javaselatest "HTTP/1.1 403 Forbidden"
worker-3  | INFO httpx HTTP Request: GET https://doc.rust-lang.org/cargo "HTTP/1.1 302 Moved Temporarily"
worker-1  | INFO httpx HTTP Request: GET https://go.dev/doc/tutorial/web-service-gin "HTTP/1.1 200 OK"
worker-4  | INFO httpx HTTP Request: GET https://www.meetup.com/nyc-typescript/ "HTTP/1.1 200 OK"
worker-1  | INFO httpx HTTP Request: GET https://go.dev/doc/tutorial/generics.html "HTTP/1.1 301 Moved Permanently"
worker-2  | INFO httpx HTTP Request: GET http://docs.oracle.com/javacomponents "HTTP/1.1 302 Moved Temporarily"
worker-2  | INFO httpx HTTP Request: GET http://docs.oracle.com/javacomponents/ "HTTP/1.1 301 Moved Permanently"
worker-2  | INFO httpx HTTP Request: GET https://docs.oracle.com/javacomponents/ "HTTP/1.1 302 Moved Temporarily"
worker-4  | INFO httpx HTTP Request: GET https://www.meetup.com/typescriptbr "HTTP/1.1 308 Moved Permanently"
worker-2  | INFO httpx HTTP Request: GET https://docs.oracle.com/pls/topic/lookup?ctx=en/java/java-components&id=javacomponents-homepage "HTTP/1.1 302 Moved Temporarily"
worker-1  | INFO httpx HTTP Request: GET https://go.dev/doc/tutorial/generics "HTTP/1.1 200 OK"
worker-1  | INFO httpx HTTP Request: GET https://go.dev/doc/tutorial/fuzz.html "HTTP/1.1 301 Moved Permanently"
worker-3  | INFO httpx HTTP Request: GET https://doc.rust-lang.org/doc/stable/cargo/ "HTTP/1.1 301 Moved Permanently"
worker-2  | INFO httpx HTTP Request: GET https://docs.oracle.com/en/java/java-components/index.html "HTTP/1.1 200 OK"
worker-3  | INFO httpx HTTP Request: GET https://doc.rust-lang.org/stable/cargo/ "HTTP/1.1 200 OK"
worker-2  | INFO httpx HTTP Request: GET http://docs.oracle.com/javame "HTTP/1.1 302 Moved Temporarily"
worker-4  | INFO httpx HTTP Request: GET https://www.meetup.com/typescriptbr/ "HTTP/1.1 200 OK"
worker-1  | INFO httpx HTTP Request: GET https://go.dev/doc/tutorial/fuzz "HTTP/1.1 200 OK"
worker-4  | INFO httpx HTTP Request: GET https://twitter.com/tsbrmeetup "HTTP/1.1 301 Moved Permanently"
worker-2  | INFO httpx HTTP Request: GET http://docs.oracle.com/javame/ "HTTP/1.1 301 Moved Permanently"
worker-1  | INFO httpx HTTP Request: GET https://go.dev/doc/articles/wiki "HTTP/1.1 301 Moved Permanently"
worker-2  | INFO httpx HTTP Request: GET https://docs.oracle.com/javame/ "HTTP/1.1 200 OK"
worker-2  | INFO httpx HTTP Request: GET http://docs.oracle.com/javase/8/javase-embedded.htm "HTTP/1.1 301 Moved Permanently"
worker-2  | INFO httpx HTTP Request: GET https://docs.oracle.com/javase/8/javase-embedded.htm "HTTP/1.1 200 OK"
worker-4  | INFO httpx HTTP Request: GET https://x.com/tsbrmeetup "HTTP/1.1 200 OK"
worker-1  | INFO httpx HTTP Request: GET https://go.dev/doc/articles/wiki/ "HTTP/1.1 200 OK"
worker-4  | INFO httpx HTTP Request: GET https://twitter.com/typescriptjp "HTTP/1.1 301 Moved Permanently"
worker-1  | INFO httpx HTTP Request: GET https://go.dev/doc/code.html "HTTP/1.1 301 Moved Permanently"
worker-2  | INFO httpx HTTP Request: GET https://docs.oracle.com/pls/topic/lookup?ctx=en/java/javacard&id=homepage "HTTP/1.1 302 Moved Temporarily"
worker-3  | INFO httpx HTTP Request: GET https://doc.rust-lang.org/std/prelude/index.html "HTTP/1.1 200 OK"
worker-1  | INFO httpx HTTP Request: GET https://go.dev/doc/code "HTTP/1.1 200 OK"
worker-4  | INFO httpx HTTP Request: GET https://x.com/typescriptjp "HTTP/1.1 200 OK"
worker-2  | INFO httpx HTTP Request: GET https://docs.oracle.com/en/java/javacard/3.2/index.html "HTTP/1.1 200 OK"
worker-2  | INFO httpx HTTP Request: GET http://docs.oracle.com/javaee "HTTP/1.1 302 Moved Temporarily"
worker-3  | INFO httpx HTTP Request: GET https://doc.rust-lang.org/std/string/struct.String.html "HTTP/1.1 200 OK"
worker-4  | INFO httpx HTTP Request: GET https://www.meetup.com/Paris-Typescript "HTTP/1.1 308 Moved Permanently"
worker-4  | INFO httpx HTTP Request: GET https://www.meetup.com/Paris-Typescript/ "HTTP/1.1 308 Permanent Redirect"
worker-4  | INFO httpx HTTP Request: GET https://www.meetup.com/paris-typescript/ "HTTP/1.1 200 OK"
worker-2  | INFO httpx HTTP Request: GET http://docs.oracle.com/javaee/ "HTTP/1.1 301 Moved Permanently"
worker-2  | INFO httpx HTTP Request: GET https://docs.oracle.com/javaee/ "HTTP/1.1 200 OK"
worker-4  | INFO httpx HTTP Request: GET https://twitter.com/ParisTypeScript "HTTP/1.1 301 Moved Permanently"
worker-1  | INFO httpx HTTP Request: GET https://go.dev/cmd/go "HTTP/1.1 301 Moved Permanently"
worker-4  | INFO httpx HTTP Request: GET https://x.com/ParisTypeScript "HTTP/1.1 200 OK"
worker-3  | INFO httpx HTTP Request: GET https://doc.rust-lang.org/std/io/struct.Stdin.html "HTTP/1.1 200 OK"
worker-3  | INFO httpx HTTP Request: GET https://doc.rust-lang.org/std/result/enum.Result.html "HTTP/1.1 200 OK"
worker-1  | INFO httpx HTTP Request: GET https://go.dev/cmd/go/ "HTTP/1.1 307 Temporary Redirect"
worker-4  | INFO httpx HTTP Request: GET https://www.meetup.com/Phoenix-TypeScript "HTTP/1.1 308 Moved Permanently"
worker-3  | INFO httpx HTTP Request: GET https://crates.io/crates/rand "HTTP/1.1 200 OK"
worker-2  | INFO httpx HTTP Request: GET https://docs.oracle.com/pls/topic/lookup?ctx=en/legal&id=about "HTTP/1.1 302 Moved Temporarily"
worker-2  | INFO httpx HTTP Request: GET https://www.oracle.com/corporate/ "HTTP/1.1 403 Forbidden"
worker-2  | INFO httpx HTTP Request: GET https://docs.oracle.com/pls/topic/lookup?ctx=en/legal&id=contact "HTTP/1.1 302 Moved Temporarily"
worker-2  | INFO httpx HTTP Request: GET https://www.oracle.com/corporate/contact/ "HTTP/1.1 403 Forbidden"
worker-2  | INFO httpx HTTP Request: GET https://docs.oracle.com/pls/topic/lookup?ctx=en/legal&id=privacy "HTTP/1.1 302 Moved Temporarily"
worker-1  | INFO httpx HTTP Request: GET https://pkg.go.dev/cmd/go "HTTP/1.1 200 OK"
worker-2  | INFO httpx HTTP Request: GET https://www.oracle.com/legal/privacy/ "HTTP/1.1 403 Forbidden"
worker-3  | INFO httpx HTTP Request: GET http://semver.org/ "HTTP/1.1 301 Moved Permanently"
worker-2  | INFO httpx HTTP Request: GET https://docs.oracle.com/pls/topic/lookup?ctx=en/legal&id=cpyr "HTTP/1.1 302 Moved Temporarily"
worker-2  | INFO httpx HTTP Request: GET https://www.oracle.com/pls/topic/lookup?ctx=cpyr&id=en "HTTP/1.1 403 Forbidden"
